 Pos_PID_xpc

 Timestamp is 587ae713 (Sat Jan 14 22:05:55 2017)

 Preferred load address is 10000000

 Start         Length     Name                   Class
 0001:00000000 000415f6H .text$mn                CODE
 0002:00000000 00000104H .CRT$XCA                DATA
 0002:00000104 00000104H .CRT$XCZ                DATA
 0002:00000208 00000104H .CRT$XIA                DATA
 0002:0000030c 00000113H .CRT$XIC                DATA
 0002:00000420 00000104H .CRT$XIZ                DATA
 0002:00000524 00000104H .CRT$XPA                DATA
 0002:00000628 00000109H .CRT$XPX                DATA
 0002:00000734 00000104H .CRT$XPXA               DATA
 0002:00000838 00000104H .CRT$XPZ                DATA
 0002:0000093c 00000104H .CRT$XTA                DATA
 0002:00000a40 00000104H .CRT$XTZ                DATA
 0002:00000b50 0000edd3H .rdata                  DATA
 0002:0000f924 0000019eH .rdata$debug            DATA
 0002:0000fad0 0000010eH .rdata$sxdata           DATA
 0002:0000fbe0 00000104H .rtc$IAA                DATA
 0002:0000fce4 00000104H .rtc$IZZ                DATA
 0002:0000fde8 00000104H .rtc$TAA                DATA
 0002:0000feec 00000104H .rtc$TZZ                DATA
 0002:0000fff0 00000991H .xdata$x                DATA
 0002:00010990 00000214H .edata                  DATA
 0003:00000000 000d621aH .data                   DATA
 0003:000d6220 00017a44H .bss                    DATA
 0004:00000000 000001b0H .idata$5                DATA
 0004:000001b0 00000014H .idata$2                DATA
 0004:000001c4 00000014H .idata$3                DATA
 0004:000001d8 000001b0H .idata$4                DATA
 0004:00000388 0000076bH .idata$6                DATA

  Address         Publics by Value              Rva+Base       Lib:Object

 0000:00000000       ___guard_flags             00000000     <absolute>
 0000:00000000       ___guard_fids_count        00000000     <absolute>
 0000:00000000       ___guard_fids_table        00000000     <absolute>
 0000:00000000       __except_list              00000000     <absolute>
 0000:00000003       ___safe_se_handler_count   00000003     <absolute>
 0000:00000000       ___ImageBase               10000000     <linker-defined>
 0001:000003b0       _MWDSP_EPH_R_B             100013b0 f   Pos_PID.obj
 0001:00000470       _MWDSP_EPH_R_D             10001470 f   Pos_PID.obj
 0001:00000540       _MdlInitialize             10001540 f   Pos_PID.obj
 0001:00000550       _MdlInitializeSampleTimes  10001550 f   Pos_PID.obj
 0001:00000560       _MdlInitializeSizes        10001560 f   Pos_PID.obj
 0001:00000570       _MdlOutputs                10001570 f   Pos_PID.obj
 0001:00000580       _MdlStart                  10001580 f   Pos_PID.obj
 0001:00000590       _MdlTerminate              10001590 f   Pos_PID.obj
 0001:000005a0       _MdlUpdate                 100015a0 f   Pos_PID.obj
 0001:000005b0       _Pos_PID                   100015b0 f   Pos_PID.obj
 0001:00002860       _Pos_PID_Deadbandpulsecounter 10003860 f   Pos_PID.obj
 0001:000028c0       _Pos_PID_derivatives       100038c0 f   Pos_PID.obj
 0001:00002930       _Pos_PID_initialize        10003930 f   Pos_PID.obj
 0001:00003ab0       _Pos_PID_output            10004ab0 f   Pos_PID.obj
 0001:00004900       _Pos_PID_terminate         10005900 f   Pos_PID.obj
 0001:000049d0       _Pos_PID_update            100059d0 f   Pos_PID.obj
 0001:00004ab0       _plook_u32d_evencka        10005ab0 f   Pos_PID.obj
 0001:00004b20       _rt_ODECreateIntegrationData 10005b20 f   Pos_PID.obj
 0001:00004b30       _rt_ODEDestroyIntegrationData 10005b30 f   Pos_PID.obj
 0001:00004b40       _rt_ODEUpdateContinuousStates 10005b40 f   Pos_PID.obj
 0001:00005140       _Pos_PID_GetCAPIStaticMap  10006140 f   Pos_PID_capi.obj
 0001:00005150       _Pos_PID_InitializeDataMapInfo 10006150 f   Pos_PID_capi.obj
 0001:000051e0       _TgtConnBackgroundTask     100061e0 f   Pos_PID_tgtconn.obj
 0001:000051f0       _TgtConnInit               100061f0 f   Pos_PID_tgtconn.obj
 0001:00005210       _TgtConnPostStep           10006210 f   Pos_PID_tgtconn.obj
 0001:00005220       _TgtConnPreStep            10006220 f   Pos_PID_tgtconn.obj
 0001:00005230       _TgtConnTerm               10006230 f   Pos_PID_tgtconn.obj
 0001:00005240       _rtGetInf                  10006240 f   rtGetInf.obj
 0001:00005270       _rtGetInfF                 10006270 f   rtGetInf.obj
 0001:00005290       _rtGetMinusInf             10006290 f   rtGetInf.obj
 0001:000052c0       _rtGetMinusInfF            100062c0 f   rtGetInf.obj
 0001:000052e0       _rtGetNaN                  100062e0 f   rtGetNaN.obj
 0001:00005310       _rtGetNaNF                 10006310 f   rtGetNaN.obj
 0001:00005c40       _rt_CreateLogVar           10006c40 f   rt_logging.obj
 0001:00005cd0       _rt_CreateLogVarWithConvert 10006cd0 f   rt_logging.obj
 0001:00006650       _rt_CreateStructLogVar     10007650 f   rt_logging.obj
 0001:000073c0       _rt_GetMxIdFromDTypeId     100083c0 f   rt_logging.obj
 0001:000073f0       _rt_GetMxIdFromDTypeIdForRSim 100083f0 f   rt_logging.obj
 0001:00009d30       _rt_StartDataLogging       1000ad30 f   rt_logging.obj
 0001:0000a1f0       _rt_StartDataLoggingWithStartTime 1000b1f0 f   rt_logging.obj
 0001:0000ab50       _rt_StopDataLogging        1000bb50 f   rt_logging.obj
 0001:0000ab70       _rt_StopDataLoggingImpl    1000bb70 f   rt_logging.obj
 0001:0000ae90       _rt_UpdateLogVar           1000be90 f   rt_logging.obj
 0001:0000c250       _rt_UpdateStructLogVar     1000d250 f   rt_logging.obj
 0001:0000c2e0       _rt_UpdateTXXFYLogVars     1000d2e0 f   rt_logging.obj
 0001:0000c620       _rt_UpdateTXYLogVars       1000d620 f   rt_logging.obj
 0001:0000c870       _rt_CleanUpForStateLogWithMMI 1000d870 f   rt_logging_mmi.obj
 0001:0000c980       _rt_FillStateSigInfoFromMMI 1000d980 f   rt_logging_mmi.obj
 0001:0000cd30       _rt_mxCreateCharMatrixFromStrings 1000dd30 f   rt_matrx.obj
 0001:0000ce80       _rt_mxCreateDoubleMatrix   1000de80 f   rt_matrx.obj
 0001:0000cee0       _rt_mxCreateNumericArray   1000dee0 f   rt_matrx.obj
 0001:0000cf60       _rt_mxCreateString         1000df60 f   rt_matrx.obj
 0001:0000cff0       _rt_mxDuplicateArray       1000dff0 f   rt_matrx.obj
 0001:0000d050       _rt_mxGetDimensions        1000e050 f   rt_matrx.obj
 0001:0000d090       _rt_mxGetEps               1000e090 f   rt_matrx.obj
 0001:0000d0a0       _rt_mxGetString            1000e0a0 f   rt_matrx.obj
 0001:0000d120       _rtIsInf                   1000e120 f   rt_nonfinite.obj
 0001:0000d160       _rtIsInfF                  1000e160 f   rt_nonfinite.obj
 0001:0000d1a0       _rtIsNaN                   1000e1a0 f   rt_nonfinite.obj
 0001:0000d1c0       _rtIsNaNF                  1000e1c0 f   rt_nonfinite.obj
 0001:0000d1e0       _rt_InitInfAndNaN          1000e1e0 f   rt_nonfinite.obj
 0001:0000d240       _rtPrintfNoOp              1000e240 f   rt_printf.obj
 0001:0000d250       _rtwCAPI_CountSysRan       1000e250 f   rtw_modelmap_utils.obj
 0001:0000d2f0       _rtwCAPI_EncodePath        1000e2f0 f   rtw_modelmap_utils.obj
 0001:0000d3e0       _rtwCAPI_FillSysRan        1000e3e0 f   rtw_modelmap_utils.obj
 0001:0000d4d0       _rtwCAPI_FreeFullPaths     1000e4d0 f   rtw_modelmap_utils.obj
 0001:0000d560       _rtwCAPI_GetFullStateBlockPath 1000e560 f   rtw_modelmap_utils.obj
 0001:0000d710       _rtwCAPI_GetNumContStateRecords 1000e710 f   rtw_modelmap_utils.obj
 0001:0000d7d0       _rtwCAPI_GetNumSigLogRecords 1000e7d0 f   rtw_modelmap_utils.obj
 0001:0000d820       _rtwCAPI_GetNumSigLogRecordsForRTWLogging 1000e820 f   rtw_modelmap_utils.obj
 0001:0000d8b0       _rtwCAPI_GetNumStateRecords 1000e8b0 f   rtw_modelmap_utils.obj
 0001:0000d900       _rtwCAPI_GetNumStateRecordsForRTWLogging 1000e900 f   rtw_modelmap_utils.obj
 0001:0000d990       _rtwCAPI_GetSigAddrFromMap 1000e990 f   rtw_modelmap_utils.obj
 0001:0000da50       _rtwCAPI_GetSigLogRecordInfo 1000ea50 f   rtw_modelmap_utils.obj
 0001:0000de80       _rtwCAPI_GetStateRecordInfo 1000ee80 f   rtw_modelmap_utils.obj
 0001:0000e330       _rtwCAPI_GetStateWidth     1000f330 f   rtw_modelmap_utils.obj
 0001:0000e390       _rtwCAPI_HasStates         1000f390 f   rtw_modelmap_utils.obj
 0001:0000e400       _rtwCAPI_UpdateFullPaths   1000f400 f   rtw_modelmap_utils.obj
 0001:0000e5e0       _DllMain@12                1000f5e0 f   xpctarget.obj
 0001:0000e5f0       _Pos_PID_ChangeStepSize    1000f5f0 f   xpctarget.obj
 0001:0000e660       _SLRTSetErrorStatus        1000f660 f   xpctarget.obj
 0001:0000e680       _changeStepSize            1000f680 f   xpctarget.obj
 0001:0000e6f0       _getDLMVersion             1000f6f0 f   xpctarget.obj
 0001:0000e700       _getRefMdlPath             1000f700 f   xpctarget.obj
 0001:0000e780       _getRefMdlSignalNumber     1000f780 f   xpctarget.obj
 0001:0000e830       _getrlmdlinfo              1000f830 f   xpctarget.obj
 0001:0000ea10       _updateDiscreteEvents      1000fa10 f   xpctarget.obj
 0001:0000ea20       _getNumRef                 1000fa20 f   appmappingData.obj
 0001:0000ea30       _encconteccnt328mpci       1000fa30 f   encconteccnt328mpci.obj
 0001:000104c0       _dacbpcidda0x12            100114c0 f   dacbpcidda0x12.obj
 0001:00011060       _dopci8255                 10012060 f   dopci8255.obj
 0001:00011f70       _dipci8255                 10012f70 f   dipci8255.obj
 0001:00012f40       _xpcudpbytereceive         10013f40 f   xpcudpbytereceive.obj
 0001:00012f90       _GetPCIDeviceFull          10013f90 f   xpcruntime:xpcimports.obj
 0001:00012fc0       _ShowPCIDevice             10013fc0 f   xpcruntime:xpcimports.obj
 0001:00013630       _xpcGetPciConfigAtSlot     10014630 f   xpcruntime:xpcimports.obj
 0001:000138b0       _xpcInitProcs              100148b0 f   xpcruntime:xpcimports.obj
 0001:00014410       _xpceuploadevent           10015410 f   xpcruntime:xpcimports.obj
 0001:00014411       __heap_alloc               10015411 f i LIBCMT:malloc.obj
 0001:0001444e       _malloc                    1001544e f   LIBCMT:malloc.obj
 0001:000144e0       __get_printf_count_output  100154e0 f   LIBCMT:printf.obj
 0001:000144f5       __printf_l                 100154f5 f   LIBCMT:printf.obj
 0001:0001450c       __printf_p                 1001550c f   LIBCMT:printf.obj
 0001:00014522       __printf_p_l               10015522 f   LIBCMT:printf.obj
 0001:00014539       __printf_s_l               10015539 f   LIBCMT:printf.obj
 0001:00014550       __set_printf_count_output  10015550 f   LIBCMT:printf.obj
 0001:00014578       _printf                    10015578 f   LIBCMT:printf.obj
 0001:00014627       _printf_s                  10015627 f   LIBCMT:printf.obj
 0001:00014640       __ftoui3                   10015640 f   LIBCMT:ftol3.obj
 0001:0001464f       __ftoul3                   1001564f f   LIBCMT:ftol3.obj
 0001:0001465e       __ftol3                    1001565e f   LIBCMT:ftol3.obj
 0001:0001466b       __ftol3_NaN                1001566b f   LIBCMT:ftol3.obj
 0001:00014683       __ftol3_work               10015683 f   LIBCMT:ftol3.obj
 0001:00014709       __ftol3_common             10015709 f   LIBCMT:ftol3.obj
 0001:000147cb       __ftol3_arg_error          100157cb f   LIBCMT:ftol3.obj
 0001:000147dd       __ftol3_except             100157dd f   LIBCMT:ftol3.obj
 0001:0001481f       __dtoui3                   1001581f f   LIBCMT:ftol3.obj
 0001:0001482e       __dtoul3                   1001582e f   LIBCMT:ftol3.obj
 0001:0001483d       __dtol3                    1001583d f   LIBCMT:ftol3.obj
 0001:0001484a       __dtol3_NaN                1001584a f   LIBCMT:ftol3.obj
 0001:00014867       __dtol3_work               10015867 f   LIBCMT:ftol3.obj
 0001:0001494c       __ultod3                   1001594c f   LIBCMT:ftol3.obj
 0001:000149dd       __ltod3                    100159dd f   LIBCMT:ftol3.obj
 0001:00014a10       _memcpy                    10015a10 f   LIBCMT:memcpy.obj
 0001:00015060       _memset                    10016060 f   LIBCMT:memset.obj
 0001:000150f0       __fpmath                   100160f0 f   LIBCMT:fpinit.obj
 0001:00015107       ___setfflag                10016107 f   LIBCMT:fpinit.obj
 0001:0001511a       __cfltcvt_init             1001611a f   LIBCMT:fpinit.obj
 0001:0001517a       ___raise_securityfailure   1001617a f   LIBCMT:gs_report.obj
 0001:000151b7       ___report_gsfailure        100161b7 f   LIBCMT:gs_report.obj
 0001:000152b2       ___report_rangecheckfailure 100162b2 f   LIBCMT:gs_report.obj
 0001:000152be       ___report_securityfailure  100162be f   LIBCMT:gs_report.obj
 0001:0001538e       ___report_securityfailureEx 1001638e f   LIBCMT:gs_report.obj
 0001:000154a4       ___copy_path_to_wide_string 100164a4 f   LIBCMT:crt0dat.obj
 0001:00015556       ___copy_to_char            10016556 f   LIBCMT:crt0dat.obj
 0001:0001560b       ___crtCorExitProcess       1001660b f   LIBCMT:crt0dat.obj
 0001:0001563f       ___crtExitProcess          1001663f f   LIBCMT:crt0dat.obj
 0001:00015655       ___freeCrtMemory           10016655 f   LIBCMT:crt0dat.obj
 0001:00015762       __amsg_exit                10016762 f   LIBCMT:crt0dat.obj
 0001:0001577e       __c_exit                   1001677e f   LIBCMT:crt0dat.obj
 0001:0001578d       __cexit                    1001678d f   LIBCMT:crt0dat.obj
 0001:0001579c       __cinit                    1001679c f   LIBCMT:crt0dat.obj
 0001:00015820       __exit                     10016820 f   LIBCMT:crt0dat.obj
 0001:00015834       __exit_app                 10016834 f   LIBCMT:crt0dat.obj
 0001:00015842       __get_pgmptr               10016842 f   LIBCMT:crt0dat.obj
 0001:00015871       __get_wpgmptr              10016871 f   LIBCMT:crt0dat.obj
 0001:000158a0       __init_pointers            100168a0 f   LIBCMT:crt0dat.obj
 0001:0001590e       __initterm_e               1001690e f   LIBCMT:crt0dat.obj
 0001:00015930       __lockexit                 10016930 f   LIBCMT:crt0dat.obj
 0001:00015939       __unlockexit               10016939 f   LIBCMT:crt0dat.obj
 0001:00015a71       _exit                      10016a71 f   LIBCMT:crt0dat.obj
 0001:00015a85       _calloc                    10016a85 f   LIBCMT:calloc.obj
 0001:00015ac5       _free                      10016ac5 f   LIBCMT:free.obj
 0001:00015afd       _realloc                   10016afd f   LIBCMT:realloc.obj
 0001:00015bb0       _memmove                   10016bb0 f   LIBCMT:memmove.obj
 0001:00016200       _strchr                    10017200 f   LIBCMT:strchr.obj
 0001:0001626e       ___from_strstr_to_strchr   1001726e     LIBCMT:strchr.obj
 0001:00016330       _strncat                   10017330 f   LIBCMT:strncat.obj
 0001:00016470       _strncpy                   10017470 f   LIBCMT:strncpy.obj
 0001:00016594       ___initstdio               10017594 f   LIBCMT:_file.obj
 0001:00016607       ___endstdio                10017607 f   LIBCMT:_file.obj
 0001:0001662e       ___iob_func                1001762e f   LIBCMT:_file.obj
 0001:00016634       __lock_file                10017634 f   LIBCMT:_file.obj
 0001:00016673       __lock_file2               10017673 f   LIBCMT:_file.obj
 0001:000166a3       __unlock_file              100176a3 f   LIBCMT:_file.obj
 0001:000166dd       __unlock_file2             100176dd f   LIBCMT:_file.obj
 0001:0001670a       __fclose_nolock            1001770a f   LIBCMT:fclose.obj
 0001:00016776       _fclose                    10017776 f   LIBCMT:fclose.obj
 0001:000167ed       __fsopen                   100177ed f   LIBCMT:fopen.obj
 0001:000168b1       _fopen                     100178b1 f   LIBCMT:fopen.obj
 0001:000168c6       _fopen_s                   100178c6 f   LIBCMT:fopen.obj
 0001:0001690b       __fprintf_l                1001790b f   LIBCMT:fprintf.obj
 0001:00016925       __fprintf_p                10017925 f   LIBCMT:fprintf.obj
 0001:0001693e       __fprintf_p_l              1001793e f   LIBCMT:fprintf.obj
 0001:00016958       __fprintf_s_l              10017958 f   LIBCMT:fprintf.obj
 0001:00016972       _fprintf                   10017972 f   LIBCMT:fprintf.obj
 0001:00016a84       _fprintf_s                 10017a84 f   LIBCMT:fprintf.obj
 0001:00016a9d       __fread_nolock             10017a9d f   LIBCMT:fread.obj
 0001:00016ab8       __fread_nolock_s           10017ab8 f   LIBCMT:fread.obj
 0001:00016c7d       _fread                     10017c7d f   LIBCMT:fread.obj
 0001:00016c98       _fread_s                   10017c98 f   LIBCMT:fread.obj
 0001:00016d29       __fwrite_nolock            10017d29 f   LIBCMT:fwrite.obj
 0001:00016e82       _fwrite                    10017e82 f   LIBCMT:fwrite.obj
 0001:00016f04       __unlink                   10017f04 f   LIBCMT:unlink.obj
 0001:00016f0d       _remove                    10017f0d f   LIBCMT:unlink.obj
 0001:00016f4f       _rewind                    10017f4f f   LIBCMT:rewind.obj
 0001:0001700e       __scprintf                 1001800e f   LIBCMT:sprintf.obj
 0001:00017021       __scprintf_l               10018021 f   LIBCMT:sprintf.obj
 0001:00017038       __scprintf_p               10018038 f   LIBCMT:sprintf.obj
 0001:0001704b       __scprintf_p_l             1001804b f   LIBCMT:sprintf.obj
 0001:00017062       __snprintf_s               10018062 f   LIBCMT:sprintf.obj
 0001:00017081       __snprintf_s_l             10018081 f   LIBCMT:sprintf.obj
 0001:000170a1       __sprintf_l                100180a1 f   LIBCMT:sprintf.obj
 0001:000170bb       __sprintf_p                100180bb f   LIBCMT:sprintf.obj
 0001:000170d7       __sprintf_p_l              100180d7 f   LIBCMT:sprintf.obj
 0001:000170f4       __sprintf_s_l              100180f4 f   LIBCMT:sprintf.obj
 0001:00017111       _sprintf                   10018111 f   LIBCMT:sprintf.obj
 0001:00017195       _sprintf_s                 10018195 f   LIBCMT:sprintf.obj
 0001:000171b1       _ldexp                     100181b1 f   LIBCMT:ldexp.obj
 0001:0001739d       @__security_check_cookie@4 1001839d f   LIBCMT:secchk.obj
 0001:000173ac       ___isa_available_init      100183ac f   LIBCMT:cpu_disp.obj
 0001:00017525       __invoke_watson_if_error   10018525 f i LIBCMT:wassert.obj
 0001:00017545       __wassert                  10018545 f   LIBCMT:wassert.obj
 0001:00017be9       __CRT_INIT@12              10018be9 f   LIBCMT:dllcrt0.obj
 0001:00017d5b       __DllMainCRTStartup@12     10018d5b f   LIBCMT:dllcrt0.obj
 0001:00017e8c       ___DllXcptFilter           10018e8c f   LIBCMT:dllcrt0.obj
 0001:00017eb1       ?_query_new_handler@@YAP6AHI@ZXZ 10018eb1 f   LIBCMT:handler.obj
 0001:00017ebe       ?_set_new_handler@@YAP6AHI@ZH@Z 10018ebe f   LIBCMT:handler.obj
 0001:00017ec7       ?_set_new_handler@@YAP6AHI@ZP6AHI@Z@Z 10018ec7 f   LIBCMT:handler.obj
 0001:00017efc       __callnewh                 10018efc f   LIBCMT:handler.obj
 0001:00017f22       __initp_heap_handler       10018f22 f   LIBCMT:handler.obj
 0001:00017f2f       __FF_MSGBANNER             10018f2f f   LIBCMT:crt0msg.obj
 0001:00017f68       __GET_RTERRMSG             10018f68 f   LIBCMT:crt0msg.obj
 0001:00017f8c       __NMSG_WRITE               10018f8c f   LIBCMT:crt0msg.obj
 0001:00018149       ___doserrno                10019149 f   LIBCMT:dosmap.obj
 0001:0001815c       __dosmaperr                1001915c f   LIBCMT:dosmap.obj
 0001:0001817d       __errno                    1001917d f   LIBCMT:dosmap.obj
 0001:00018190       __get_doserrno             10019190 f   LIBCMT:dosmap.obj
 0001:000181b3       __get_errno                100191b3 f   LIBCMT:dosmap.obj
 0001:000181d6       __get_errno_from_oserr     100191d6 f   LIBCMT:dosmap.obj
 0001:00018217       __set_doserrno             10019217 f   LIBCMT:dosmap.obj
 0001:00018236       __set_errno                10019236 f   LIBCMT:dosmap.obj
 0001:00018255       __get_heap_handle          10019255 f   LIBCMT:heapinit.obj
 0001:0001825b       __heap_init                1001925b f   LIBCMT:heapinit.obj
 0001:00018270       __heap_term                10019270 f   LIBCMT:heapinit.obj
 0001:00018278       ?_invalid_parameter@@YAXPBG00II@Z 10019278 f   LIBCMT:invarg.obj
 0001:0001827d       ?_invoke_watson@@YAXPBG00II@Z 1001927d f   LIBCMT:invarg.obj
 0001:00018295       __call_reportfault         10019295 f   LIBCMT:invarg.obj
 0001:000183ba       __get_invalid_parameter_handler 100193ba f   LIBCMT:invarg.obj
 0001:000183c7       __initp_misc_invarg        100193c7 f   LIBCMT:invarg.obj
 0001:000183d4       __invalid_parameter        100193d4 f   LIBCMT:invarg.obj
 0001:000183ff       __invalid_parameter_noinfo 100193ff f   LIBCMT:invarg.obj
 0001:0001840f       __invalid_parameter_noinfo_noreturn 1001940f f   LIBCMT:invarg.obj
 0001:0001842a       __invoke_watson            1001942a f   LIBCMT:invarg.obj
 0001:00018455       __set_invalid_parameter_handler 10019455 f   LIBCMT:invarg.obj
 0001:0001847a       __vprintf_l                1001947a f   LIBCMT:vprintf.obj
 0001:00018495       __vprintf_p                10019495 f   LIBCMT:vprintf.obj
 0001:000184af       __vprintf_p_l              100194af f   LIBCMT:vprintf.obj
 0001:000184ca       __vprintf_s_l              100194ca f   LIBCMT:vprintf.obj
 0001:000184e5       _vprintf                   100194e5 f   LIBCMT:vprintf.obj
 0001:000184ff       _vprintf_helper            100194ff f   LIBCMT:vprintf.obj
 0001:0001858c       _vprintf_s                 1001958c f   LIBCMT:vprintf.obj
 0001:000185a6       __ftbuf                    100195a6 f   LIBCMT:_sftbuf.obj
 0001:000185d7       __stbuf                    100195d7 f   LIBCMT:_sftbuf.obj
 0001:0001867d       ??0_LocaleUpdate@@QAE@PAUlocaleinfo_struct@@@Z 1001967d f i LIBCMT:output.obj
 0001:00018705       ??1_LocaleUpdate@@QAE@XZ   10019705 f i LIBCMT:output.obj
 0001:00018713       ?GetLocaleT@_LocaleUpdate@@QAEPAUlocaleinfo_struct@@XZ 10019713 f i LIBCMT:output.obj
 0001:00018716       __output_l                 10019716 f   LIBCMT:output.obj
 0001:00019296       _get_int64_arg             1001a296 f i LIBCMT:output.obj
 0001:000192a9       _get_int_arg               1001a2a9 f i LIBCMT:output.obj
 0001:000192b9       _get_short_arg             1001a2b9 f i LIBCMT:output.obj
 0001:000193c0       __SEH_prolog4              1001a3c0 f   LIBCMT:sehprolg4.obj
 0001:00019405       __SEH_epilog4              1001a405 f   LIBCMT:sehprolg4.obj
 0001:00019460       __except_handler4          1001a460 f   LIBCMT:chandler4.obj
 0001:000195f4       __errcode                  1001a5f4 f   LIBCMT:fpexcept.obj
 0001:00019626       __except1                  1001a626 f   LIBCMT:fpexcept.obj
 0001:000196ee       __except2                  1001a6ee f   LIBCMT:fpexcept.obj
 0001:000197ee       __handle_exc               1001a7ee f   LIBCMT:fpexcept.obj
 0001:000199cc       __handle_qnan1             1001a9cc f   LIBCMT:fpexcept.obj
 0001:00019a1c       __handle_qnan2             1001aa1c f   LIBCMT:fpexcept.obj
 0001:00019a7c       __raise_exc                1001aa7c f   LIBCMT:fpexcept.obj
 0001:00019a9d       __raise_exc_ex             1001aa9d f   LIBCMT:fpexcept.obj
 0001:00019d82       __raise_excf               1001ad82 f   LIBCMT:fpexcept.obj
 0001:00019da3       __set_errno_from_matherr   1001ada3 f   LIBCMT:fpexcept.obj
 0001:00019dd0       __umatherr                 1001add0 f   LIBCMT:fpexcept.obj
 0001:00019e70       __VEC_memset               1001ae70 f   LIBCMT:p4_memset.obj
 0001:00019f38       ?strrchr@@YAPADPADH@Z      1001af38 f i LIBCMT:cvt.obj
 0001:00019f41       __cfltcvt                  1001af41 f   LIBCMT:cvt.obj
 0001:00019f62       __cfltcvt_l                1001af62 f   LIBCMT:cvt.obj
 0001:00019fe8       __cftoa                    1001afe8 f   LIBCMT:cvt.obj
 0001:0001a006       __cftoa_l                  1001b006 f   LIBCMT:cvt.obj
 0001:0001a362       __cftoe                    1001b362 f   LIBCMT:cvt.obj
 0001:0001a4d1       __cftoe_l                  1001b4d1 f   LIBCMT:cvt.obj
 0001:0001a59f       __cftof                    1001b59f f   LIBCMT:cvt.obj
 0001:0001a6a6       __cftof_l                  1001b6a6 f   LIBCMT:cvt.obj
 0001:0001a767       __cftog                    1001b767 f   LIBCMT:cvt.obj
 0001:0001a785       __cftog_l                  1001b785 f   LIBCMT:cvt.obj
 0001:0001a884       __cropzeros                1001b884 f   LIBCMT:cvt.obj
 0001:0001a895       __cropzeros_l              1001b895 f   LIBCMT:cvt.obj
 0001:0001a915       __fassign                  1001b915 f   LIBCMT:cvt.obj
 0001:0001a92d       __fassign_l                1001b92d f   LIBCMT:cvt.obj
 0001:0001a96f       __forcdecpt                1001b96f f   LIBCMT:cvt.obj
 0001:0001a980       __forcdecpt_l              1001b980 f   LIBCMT:cvt.obj
 0001:0001a9f4       __positive                 1001b9f4 f   LIBCMT:cvt.obj
 0001:0001aa36       __setdefaultprecision      1001ba36 f   LIBCMT:fp8.obj
 0001:0001aa5d       __initp_misc_cfltcvt_tab   1001ba5d f   LIBCMT:cmiscdat.obj
 0001:0001aa7c       __crt_debugger_hook        1001ba7c f   LIBCMT:dbghook.obj
 0001:0001aab1       ___crtCloseThreadpoolTimer 1001bab1 f   LIBCMT:winapisupp.obj
 0001:0001aac8       ___crtCloseThreadpoolWait  1001bac8 f   LIBCMT:winapisupp.obj
 0001:0001aadf       ___crtCreateEventExW       1001badf f   LIBCMT:winapisupp.obj
 0001:0001ab1a       ___crtCreateSemaphoreExW   1001bb1a f   LIBCMT:winapisupp.obj
 0001:0001ab54       ___crtCreateSymbolicLinkW  1001bb54 f   LIBCMT:winapisupp.obj
 0001:0001ab7d       ___crtCreateThreadpoolTimer 1001bb7d f   LIBCMT:winapisupp.obj
 0001:0001ab9e       ___crtCreateThreadpoolWait 1001bb9e f   LIBCMT:winapisupp.obj
 0001:0001abbf       ___crtFlsAlloc             1001bbbf f   LIBCMT:winapisupp.obj
 0001:0001abdd       ___crtFlsFree              1001bbdd f   LIBCMT:winapisupp.obj
 0001:0001abfc       ___crtFlsGetValue          1001bbfc f   LIBCMT:winapisupp.obj
 0001:0001ac1b       ___crtFlsSetValue          1001bc1b f   LIBCMT:winapisupp.obj
 0001:0001ac3d       ___crtFlushProcessWriteBuffers 1001bc3d f   LIBCMT:winapisupp.obj
 0001:0001ac4d       ___crtFreeLibraryWhenCallbackReturns 1001bc4d f   LIBCMT:winapisupp.obj
 0001:0001ac67       ___crtGetCurrentProcessorNumber 1001bc67 f   LIBCMT:winapisupp.obj
 0001:0001ac79       ___crtGetFileInformationByHandleEx 1001bc79 f   LIBCMT:winapisupp.obj
 0001:0001aca5       ___crtGetLogicalProcessorInformation 1001bca5 f   LIBCMT:winapisupp.obj
 0001:0001accb       ___crtGetShowWindowMode    1001bccb f   LIBCMT:winapisupp.obj
 0001:0001acee       ___crtGetTickCount64       1001bcee f   LIBCMT:winapisupp.obj
 0001:0001ad06       ___crtInitializeCriticalSectionEx 1001bd06 f   LIBCMT:winapisupp.obj
 0001:0001ad34       ___crtIsPackagedApp        1001bd34 f   LIBCMT:winapisupp.obj
 0001:0001ad74       ___crtLoadWinApiPointers   1001bd74 f   LIBCMT:winapisupp.obj
 0001:0001afff       ___crtSetFileInformationByHandle 1001bfff f   LIBCMT:winapisupp.obj
 0001:0001b02b       ___crtSetThreadStackGuarantee 1001c02b f   LIBCMT:winapisupp.obj
 0001:0001b046       ___crtSetThreadpoolTimer   1001c046 f   LIBCMT:winapisupp.obj
 0001:0001b066       ___crtSetThreadpoolWait    1001c066 f   LIBCMT:winapisupp.obj
 0001:0001b083       ___crtSetUnhandledExceptionFilter 1001c083 f   LIBCMT:winapisupp.obj
 0001:0001b091       ___crtSleep                1001c091 f   LIBCMT:winapisupp.obj
 0001:0001b09f       ___crtTerminateProcess     1001c09f f   LIBCMT:winapisupp.obj
 0001:0001b0b4       ___crtUnhandledException   1001c0b4 f   LIBCMT:winapisupp.obj
 0001:0001b0ca       ___crtWaitForThreadpoolTimerCallbacks 1001c0ca f   LIBCMT:winapisupp.obj
 0001:0001b0e4       __RTC_Initialize           1001c0e4 f   LIBCMT:initsect.obj
 0001:0001b104       __RTC_Terminate            1001c104 f   LIBCMT:initsect.obj
 0001:0001b124       __lock                     1001c124 f   LIBCMT:mlock.obj
 0001:0001b158       __lockerr_exit             1001c158 f   LIBCMT:mlock.obj
 0001:0001b178       __mtdeletelocks            1001c178 f   LIBCMT:mlock.obj
 0001:0001b1cc       __mtinitlocknum            1001c1cc f   LIBCMT:mlock.obj
 0001:0001b275       __mtinitlocks              1001c275 f   LIBCMT:mlock.obj
 0001:0001b2ae       __unlock                   1001c2ae f   LIBCMT:mlock.obj
 0001:0001b2d0       __FindPESection            1001c2d0 f   LIBCMT:pesect.obj
 0001:0001b320       __IsNonwritableInCurrentImage 1001c320 f   LIBCMT:pesect.obj
 0001:0001b3e0       __ValidateImageBase        1001c3e0 f   LIBCMT:pesect.obj
 0001:0001b411       ___onexitinit              1001c411 f   LIBCMT:onexit.obj
 0001:0001b440       __onexit                   1001c440 f   LIBCMT:onexit.obj
 0001:0001b53c       _atexit                    1001c53c f   LIBCMT:onexit.obj
 0001:0001b551       __calloc_crt               1001c551 f   LIBCMT:crtheap.obj
 0001:0001b599       __malloc_crt               1001c599 f   LIBCMT:crtheap.obj
 0001:0001b5e0       __realloc_crt              1001c5e0 f   LIBCMT:crtheap.obj
 0001:0001b62a       __recalloc_crt             1001c62a f   LIBCMT:crtheap.obj
 0001:0001b678       __set_malloc_crt_max_wait  1001c678 f   LIBCMT:crtheap.obj
 0001:0001b68b       _wait_a_bit                1001c68b f i LIBCMT:crtheap.obj
 0001:0001b6af       ?_inconsistency@@YAXXZ     1001c6af f   LIBCMT:hooks.obj
 0001:0001b6e7       ?terminate@@YAXXZ          1001c6e7 f   LIBCMT:hooks.obj
 0001:0001b71b       ?unexpected@@YAXXZ         1001c71b f   LIBCMT:hooks.obj
 0001:0001b72e       __initp_eh_hooks           1001c72e f   LIBCMT:hooks.obj
 0001:0001b73f       ___getlocaleinfo           1001c73f f   LIBCMT:inithelp.obj
 0001:0001b918       __initp_misc_purevirt      1001c918 f   LIBCMT:inithelp.obj
 0001:0001b925       ___fpecode                 1001c925 f   LIBCMT:winsig.obj
 0001:0001b92e       ___get_sigabrt             1001c92e f   LIBCMT:winsig.obj
 0001:0001b93b       ___pxcptinfoptrs           1001c93b f   LIBCMT:winsig.obj
 0001:0001b944       __initp_misc_winsig        1001c944 f   LIBCMT:winsig.obj
 0001:0001ba05       _raise                     1001ca05 f   LIBCMT:winsig.obj
 0001:0001bbfa       _signal                    1001cbfa f   LIBCMT:winsig.obj
 0001:0001be51       __initp_misc_rand_s        1001ce51 f   LIBCMT:rand_s.obj
 0001:0001be5e       _rand_s                    1001ce5e f   LIBCMT:rand_s.obj
 0001:0001bf64       ___initmbctable            1001cf64 f   LIBCMT:mbctype.obj
 0001:0001c21b       ___updatetmbcinfo          1001d21b f   LIBCMT:mbctype.obj
 0001:0001c2c1       __getmbcp                  1001d2c1 f   LIBCMT:mbctype.obj
 0001:0001c2f2       __setmbcp                  1001d2f2 f   LIBCMT:mbctype.obj
 0001:0001c49a       __setmbcp_nolock           1001d49a f   LIBCMT:mbctype.obj
 0001:0001c685       __calloc_impl              1001d685 f   LIBCMT:calloc_impl.obj
 0001:0001c6ff       __fcloseall                1001d6ff f   LIBCMT:closeall.obj
 0001:0001c79c       __fflush_nolock            1001d79c f   LIBCMT:fflush.obj
 0001:0001c7e2       __flush                    1001d7e2 f   LIBCMT:fflush.obj
 0001:0001c846       __flushall                 1001d846 f   LIBCMT:fflush.obj
 0001:0001c84f       _fflush                    1001d84f f   LIBCMT:fflush.obj
 0001:0001c98c       __fileno                   1001d98c f   LIBCMT:fileno.obj
 0001:0001c9b0       __close                    1001d9b0 f   LIBCMT:close.obj
 0001:0001ca8b       __close_nolock             1001da8b f   LIBCMT:close.obj
 0001:0001cb25       __freebuf                  1001db25 f   LIBCMT:_freebuf.obj
 0001:0001cb55       __getstream                1001db55 f   LIBCMT:stream.obj
 0001:0001cc74       __openfile                 1001dc74 f   LIBCMT:_open.obj
 0001:0001cef0       __local_unwind4            1001def0 f   LIBCMT:exsup4.obj
 0001:0001cfc6       __seh_longjmp_unwind4@4    1001dfc6 f   LIBCMT:exsup4.obj
 0001:0001cfe2       @_EH4_CallFilterFunc@8     1001dfe2 f   LIBCMT:exsup4.obj
 0001:0001cff9       @_EH4_TransferToHandler@8  1001dff9 f   LIBCMT:exsup4.obj
 0001:0001d012       @_EH4_GlobalUnwind2@8      1001e012 f   LIBCMT:exsup4.obj
 0001:0001d02b       @_EH4_LocalUnwind@16       1001e02b f   LIBCMT:exsup4.obj
 0001:0001d042       __vfprintf_l               1001e042 f   LIBCMT:vfprintf.obj
 0001:0001d060       __vfprintf_p               1001e060 f   LIBCMT:vfprintf.obj
 0001:0001d07d       __vfprintf_p_l             1001e07d f   LIBCMT:vfprintf.obj
 0001:0001d09b       __vfprintf_s_l             1001e09b f   LIBCMT:vfprintf.obj
 0001:0001d0b9       _vfprintf                  1001e0b9 f   LIBCMT:vfprintf.obj
 0001:0001d0d6       _vfprintf_helper           1001e0d6 f   LIBCMT:vfprintf.obj
 0001:0001d1e7       _vfprintf_s                1001e1e7 f   LIBCMT:vfprintf.obj
 0001:0001d204       __ioinit                   1001e204 f   LIBCMT:ioinit.obj
 0001:0001d4b8       __ioterm                   1001e4b8 f   LIBCMT:ioinit.obj
 0001:0001d50a       __filbuf                   1001e50a f   LIBCMT:_filbuf.obj
 0001:0001d62b       _memcpy_s                  1001e62b f   LIBCMT:memcpy_s.obj
 0001:0001d6aa       __read                     1001e6aa f   LIBCMT:read.obj
 0001:0001d7be       __read_nolock              1001e7be f   LIBCMT:read.obj
 0001:0001df4f       __flsbuf                   1001ef4f f   LIBCMT:_flsbuf.obj
 0001:0001e09e       __write                    1001f09e f   LIBCMT:write.obj
 0001:0001e18d       __write_nolock             1001f18d f   LIBCMT:write.obj
 0001:0001e9f2       __wremove                  1001f9f2 f   LIBCMT:wunlink.obj
 0001:0001ea20       __wunlink                  1001fa20 f   LIBCMT:wunlink.obj
 0001:0001ea29       __lseek                    1001fa29 f   LIBCMT:lseek.obj
 0001:0001eb18       __lseek_nolock             1001fb18 f   LIBCMT:lseek.obj
 0001:0001ebbf       __vscprintf                1001fbbf f   LIBCMT:vsprintf.obj
 0001:0001ebd9       __vscprintf_helper         1001fbd9 f   LIBCMT:vsprintf.obj
 0001:0001ec35       __vscprintf_l              1001fc35 f   LIBCMT:vsprintf.obj
 0001:0001ec50       __vscprintf_p              1001fc50 f   LIBCMT:vsprintf.obj
 0001:0001ec6a       __vscprintf_p_l            1001fc6a f   LIBCMT:vsprintf.obj
 0001:0001ec85       __vsprintf_l               1001fc85 f   LIBCMT:vsprintf.obj
 0001:0001ed09       _vsprintf                  1001fd09 f   LIBCMT:vsprintf.obj
 0001:0001ed21       __vsnprintf_c              1001fd21 f   LIBCMT:vsnprnc.obj
 0001:0001ed48       __vsnprintf_c_l            1001fd48 f   LIBCMT:vsnprnc.obj
 0001:0001ed70       __vsnprintf_helper         1001fd70 f   LIBCMT:vsnprnc.obj
 0001:0001ee3a       __vsnprintf_s              1001fe3a f   LIBCMT:vsnprnc.obj
 0001:0001ee58       __vsnprintf_s_l            1001fe58 f   LIBCMT:vsnprnc.obj
 0001:0001ef58       __vsprintf_p               1001ff58 f   LIBCMT:vsnprnc.obj
 0001:0001ef7f       __vsprintf_p_l             1001ff7f f   LIBCMT:vsnprnc.obj
 0001:0001efa7       __vsprintf_s_l             1001ffa7 f   LIBCMT:vsnprnc.obj
 0001:0001f01c       _vsprintf_s                1002001c f   LIBCMT:vsnprnc.obj
 0001:0001f037       __chgsign                  10020037 f   LIBCMT:ieeemisc.obj
 0001:0001f064       __chgsignf                 10020064 f   LIBCMT:ieeemisc.obj
 0001:0001f085       __copysign                 10020085 f   LIBCMT:ieeemisc.obj
 0001:0001f0ad       __copysignf                100200ad f   LIBCMT:ieeemisc.obj
 0001:0001f0c9       __finite                   100200c9 f   LIBCMT:ieeemisc.obj
 0001:0001f0e1       __fpclass                  100200e1 f   LIBCMT:ieeemisc.obj
 0001:0001f17d       __isnan                    1002017d f   LIBCMT:ieeemisc.obj
 0001:0001f1b0       __logb                     100201b0 f   LIBCMT:ieeemisc.obj
 0001:0001f291       __nextafter                10020291 f   LIBCMT:ieeemisc.obj
 0001:0001f531       __scalb                    10020531 f   LIBCMT:ieeemisc.obj
 0001:0001f549       __add_exp                  10020549 f   LIBCMT:util.obj
 0001:0001f578       __decomp                   10020578 f   LIBCMT:util.obj
 0001:0001f64a       __get_exp                  1002064a f   LIBCMT:util.obj
 0001:0001f663       __set_bexp                 10020663 f   LIBCMT:util.obj
 0001:0001f68c       __set_exp                  1002068c f   LIBCMT:util.obj
 0001:0001f6bb       __sptype                   100206bb f   LIBCMT:util.obj
 0001:0001f716       ___clrfp_sse2              10020716 f   LIBCMT:fpctrl.obj
 0001:0001f737       ___ctrlfp_sse2             10020737 f   LIBCMT:fpctrl.obj
 0001:0001f770       ___fclrf_sse2              10020770 f   LIBCMT:fpctrl.obj
 0001:0001f78d       ___get_fpsr_sse2           1002078d f   LIBCMT:fpctrl.obj
 0001:0001f7a9       ___set_fpsr_sse2           100207a9 f   LIBCMT:fpctrl.obj
 0001:0001f81f       ___set_statfp_sse2         1002081f f   LIBCMT:fpctrl.obj
 0001:0001f838       ___statfp_sse2             10020838 f   LIBCMT:fpctrl.obj
 0001:0001f84d       __clrfp                    1002084d f   LIBCMT:fpctrl.obj
 0001:0001f85e       __ctrlfp                   1002085e f   LIBCMT:fpctrl.obj
 0001:0001f889       __set_statfp               10020889 f   LIBCMT:fpctrl.obj
 0001:0001f8e1       __statfp                   100208e1 f   LIBCMT:fpctrl.obj
 0001:0001f8f1       _wcscat_s                  100208f1 f   LIBCMT:wcscat_s.obj
 0001:0001f95d       _wcscpy_s                  1002095d f   LIBCMT:wcscpy_s.obj
 0001:0001f9b9       _wcslen                    100209b9 f   LIBCMT:wcslen.obj
 0001:0001f9d2       _wcsncat_s                 100209d2 f   LIBCMT:wcsncat_s.obj
 0001:0001faa0       __set_abort_behavior       10020aa0 f   LIBCMT:abort.obj
 0001:0001fabf       _abort                     10020abf f   LIBCMT:abort.obj
 0001:0001fb02       ___set_app_type            10020b02 f   LIBCMT:errmode.obj
 0001:0001fb0f       __set_error_mode           10020b0f f   LIBCMT:errmode.obj
 0001:0001fc6b       __i64tow_s                 10020c6b f   LIBCMT:xtows.obj
 0001:0001fc9c       __itow_s                   10020c9c f   LIBCMT:xtows.obj
 0001:0001fcc5       __ltow_s                   10020cc5 f   LIBCMT:xtows.obj
 0001:0001fcef       __ui64tow_s                10020cef f   LIBCMT:xtows.obj
 0001:0001fd0a       __ultow_s                  10020d0a f   LIBCMT:xtows.obj
 0001:0001fe15       _setvbuf                   10020e15 f   LIBCMT:setvbuf.obj
 0001:0001ff1b       __fwprintf_l               10020f1b f   LIBCMT:fwprintf.obj
 0001:0001ff35       __fwprintf_p               10020f35 f   LIBCMT:fwprintf.obj
 0001:0001ff4e       __fwprintf_p_l             10020f4e f   LIBCMT:fwprintf.obj
 0001:0001ff68       __fwprintf_s_l             10020f68 f   LIBCMT:fwprintf.obj
 0001:0001ff82       _fwprintf                  10020f82 f   LIBCMT:fwprintf.obj
 0001:00020016       _fwprintf_s                10021016 f   LIBCMT:fwprintf.obj
 0001:0002002f       __vsnwprintf_s             1002102f f   LIBCMT:vswprnc.obj
 0001:0002004d       __vsnwprintf_s_l           1002104d f   LIBCMT:vswprnc.obj
 0001:00020151       __vswprintf_c              10021151 f   LIBCMT:vswprnc.obj
 0001:00020178       __vswprintf_c_l            10021178 f   LIBCMT:vswprnc.obj
 0001:000201a0       __vswprintf_helper         100211a0 f   LIBCMT:vswprnc.obj
 0001:0002029b       __vswprintf_p              1002129b f   LIBCMT:vswprnc.obj
 0001:000202c2       __vswprintf_p_l            100212c2 f   LIBCMT:vswprnc.obj
 0001:000202ea       __vswprintf_s_l            100212ea f   LIBCMT:vswprnc.obj
 0001:00020361       _vswprintf_s               10021361 f   LIBCMT:vswprnc.obj
 0001:0002037c       ___crtMessageBoxW          1002137c f   LIBCMT:crtmboxw.obj
 0001:00020562       ___crtMessageBoxWaitThreadW@4 10021562 f   LIBCMT:crtmboxw.obj
 0001:00020580       __XcptFilter               10021580 f   LIBCMT:winxfltr.obj
 0001:000206db       ___CppXcptFilter           100216db f   LIBCMT:winxfltr.obj
 0001:0002072d       ___get_flsindex            1002172d f   LIBCMT:tidtable.obj
 0001:00020733       ___threadhandle            10021733 f   LIBCMT:tidtable.obj
 0001:00020739       ___threadid                10021739 f   LIBCMT:tidtable.obj
 0001:0002073f       __freefls@4                1002173f f   LIBCMT:tidtable.obj
 0001:00020874       __freeptd                  10021874 f   LIBCMT:tidtable.obj
 0001:000208aa       __getptd                   100218aa f   LIBCMT:tidtable.obj
 0001:000208c2       __getptd_noexit            100218c2 f   LIBCMT:tidtable.obj
 0001:00020931       __initptd                  10021931 f   LIBCMT:tidtable.obj
 0001:000209e4       __mtinit                   100219e4 f   LIBCMT:tidtable.obj
 0001:00020a5a       __mtterm                   10021a5a f   LIBCMT:tidtable.obj
 0001:00020a77       __set_pgmptr               10021a77 f i LIBCMT:stdargv.obj
 0001:00020a84       __setargv                  10021a84 f   LIBCMT:stdargv.obj
 0001:00020cb3       __setenvp                  10021cb3 f   LIBCMT:stdenvp.obj
 0001:00020d94       ___security_init_cookie    10021d94 f   LIBCMT:gs_support.obj
 0001:00020e30       ___crtGetEnvironmentStringsA 10021e30 f   LIBCMT:a_env.obj
 0001:00020ec0       _strlen                    10021ec0 f   LIBCMT:strlen.obj
 0001:00020f4b       _wcsncpy_s                 10021f4b f   LIBCMT:wcsncpy_s.obj
 0001:00021009       __output_s_l               10022009 f   LIBCMT:outputs.obj
 0001:00021c91       __output_p_l               10022c91 f   LIBCMT:outputp.obj
 0001:00022fc9       __validate_param_reuseA    10023fc9 f   LIBCMT:outputp.obj
 0001:000230ff       _get_crtdouble_arg         100240ff f i LIBCMT:outputp.obj
 0001:000231fe       __isatty                   100241fe f   LIBCMT:isatty.obj
 0001:00023252       ___addlocaleref            10024252 f   LIBCMT:localref.obj
 0001:000232e7       ___freetlocinfo            100242e7 f   LIBCMT:localref.obj
 0001:00023441       ___removelocaleref         10024441 f   LIBCMT:localref.obj
 0001:000234e1       ___updatetlocinfo          100244e1 f   LIBCMT:localref.obj
 0001:00023561       __updatetlocinfoEx_nolock  10024561 f   LIBCMT:localref.obj
 0001:000235ac       ___iswcsym                 100245ac f i LIBCMT:_wctype.obj
 0001:000235d0       ___iswcsymf                100245d0 f i LIBCMT:_wctype.obj
 0001:000235f4       __isleadbyte_l             100245f4 f i LIBCMT:_wctype.obj
 0001:0002362e       __iswalnum_l               1002462e f i LIBCMT:_wctype.obj
 0001:00023642       __iswalpha_l               10024642 f i LIBCMT:_wctype.obj
 0001:00023656       __iswblank_l               10024656 f i LIBCMT:_wctype.obj
 0001:00023671       __iswcntrl_l               10024671 f i LIBCMT:_wctype.obj
 0001:00023682       __iswcsym_l                10024682 f i LIBCMT:_wctype.obj
 0001:000236a6       __iswcsymf_l               100246a6 f i LIBCMT:_wctype.obj
 0001:000236ca       __iswdigit_l               100246ca f i LIBCMT:_wctype.obj
 0001:000236db       __iswgraph_l               100246db f i LIBCMT:_wctype.obj
 0001:000236ef       __iswlower_l               100246ef f i LIBCMT:_wctype.obj
 0001:00023700       __iswprint_l               10024700 f i LIBCMT:_wctype.obj
 0001:00023714       __iswpunct_l               10024714 f i LIBCMT:_wctype.obj
 0001:00023725       __iswspace_l               10024725 f i LIBCMT:_wctype.obj
 0001:00023736       __iswupper_l               10024736 f i LIBCMT:_wctype.obj
 0001:00023747       __iswxdigit_l              10024747 f i LIBCMT:_wctype.obj
 0001:0002375b       _isleadbyte                1002475b f i LIBCMT:_wctype.obj
 0001:0002376c       _iswalnum                  1002476c f i LIBCMT:_wctype.obj
 0001:00023780       _iswalpha                  10024780 f i LIBCMT:_wctype.obj
 0001:00023794       _iswascii                  10024794 f i LIBCMT:_wctype.obj
 0001:000237a6       _iswblank                  100247a6 f i LIBCMT:_wctype.obj
 0001:000237c1       _iswcntrl                  100247c1 f i LIBCMT:_wctype.obj
 0001:000237d2       _iswdigit                  100247d2 f i LIBCMT:_wctype.obj
 0001:000237e3       _iswgraph                  100247e3 f i LIBCMT:_wctype.obj
 0001:000237f7       _iswlower                  100247f7 f i LIBCMT:_wctype.obj
 0001:00023808       _iswprint                  10024808 f i LIBCMT:_wctype.obj
 0001:0002381c       _iswpunct                  1002481c f i LIBCMT:_wctype.obj
 0001:0002382d       _iswspace                  1002482d f i LIBCMT:_wctype.obj
 0001:0002383e       _iswupper                  1002483e f i LIBCMT:_wctype.obj
 0001:0002384f       _iswxdigit                 1002484f f i LIBCMT:_wctype.obj
 0001:00023863       __wctomb_l                 10024863 f   LIBCMT:wctomb.obj
 0001:000238b2       __wctomb_s_l               100248b2 f   LIBCMT:wctomb.obj
 0001:000239d6       _wctomb                    100249d6 f   LIBCMT:wctomb.obj
 0001:00023a09       _wctomb_s                  10024a09 f   LIBCMT:wctomb.obj
 0001:00023a30       __aulldvrm                 10024a30 f   LIBCMT:ulldvrm.obj
 0001:00023ac5       __matherr                  10024ac5 f   LIBCMT:matherr.obj
 0001:00023ac8       ___isascii                 10024ac8 f i LIBCMT:_ctype.obj
 0001:00023ad8       ___iscsym                  10024ad8 f i LIBCMT:_ctype.obj
 0001:00023af8       ___iscsymf                 10024af8 f i LIBCMT:_ctype.obj
 0001:00023b15       ___toascii                 10024b15 f i LIBCMT:_ctype.obj
 0001:00023b20       __isalnum_l                10024b20 f i LIBCMT:_ctype.obj
 0001:00023b78       __isalpha_l                10024b78 f i LIBCMT:_ctype.obj
 0001:00023bd0       __isblank_l                10024bd0 f i LIBCMT:_ctype.obj
 0001:00023c2a       __iscntrl_l                10024c2a f i LIBCMT:_ctype.obj
 0001:00023c7c       __iscsym_l                 10024c7c f i LIBCMT:_ctype.obj
 0001:00023c9d       __iscsymf_l                10024c9d f i LIBCMT:_ctype.obj
 0001:00023cbe       __isdigit_l                10024cbe f i LIBCMT:_ctype.obj
 0001:00023d10       __isgraph_l                10024d10 f i LIBCMT:_ctype.obj
 0001:00023d68       __islower_l                10024d68 f i LIBCMT:_ctype.obj
 0001:00023dba       __isprint_l                10024dba f i LIBCMT:_ctype.obj
 0001:00023e12       __ispunct_l                10024e12 f i LIBCMT:_ctype.obj
 0001:00023e64       __isspace_l                10024e64 f i LIBCMT:_ctype.obj
 0001:00023eb6       __isupper_l                10024eb6 f i LIBCMT:_ctype.obj
 0001:00023f08       __isxdigit_l               10024f08 f i LIBCMT:_ctype.obj
 0001:00023f60       _isalnum                   10024f60 f i LIBCMT:_ctype.obj
 0001:00023f8d       _isalpha                   10024f8d f i LIBCMT:_ctype.obj
 0001:00023fba       _isblank                   10024fba f i LIBCMT:_ctype.obj
 0001:00023fef       _iscntrl                   10024fef f i LIBCMT:_ctype.obj
 0001:0002401a       _isdigit                   1002501a f i LIBCMT:_ctype.obj
 0001:00024045       _isgraph                   10025045 f i LIBCMT:_ctype.obj
 0001:00024072       _islower                   10025072 f i LIBCMT:_ctype.obj
 0001:0002409d       _isprint                   1002509d f i LIBCMT:_ctype.obj
 0001:000240ca       _ispunct                   100250ca f i LIBCMT:_ctype.obj
 0001:000240f5       _isspace                   100250f5 f i LIBCMT:_ctype.obj
 0001:00024120       _isupper                   10025120 f i LIBCMT:_ctype.obj
 0001:0002414b       _isxdigit                  1002514b f i LIBCMT:_ctype.obj
 0001:00024178       __tolower                  10025178 f   LIBCMT:tolower.obj
 0001:00024183       __tolower_l                10025183 f   LIBCMT:tolower.obj
 0001:000242c6       _tolower                   100252c6 f   LIBCMT:tolower.obj
 0001:000242f2       _strcpy_s                  100252f2 f   LIBCMT:strcpy_s.obj
 0001:00024350       _strrchr                   10025350 f   LIBCMT:strrchr.obj
 0001:00024487       __fptostr                  10025487 f   LIBCMT:_fptostr.obj
 0001:00024537       ___crt_atoflt_l            10025537 f   LIBCMT:atodbl.obj
 0001:000245db       __atodbl                   100255db f   LIBCMT:atodbl.obj
 0001:000245f0       __atodbl_l                 100255f0 f   LIBCMT:atodbl.obj
 0001:0002467e       __atoflt                   1002567e f   LIBCMT:atodbl.obj
 0001:00024693       __atoflt_l                 10025693 f   LIBCMT:atodbl.obj
 0001:000246ab       __atoldbl                  100256ab f   LIBCMT:atodbl.obj
 0001:000246c0       __atoldbl_l                100256c0 f   LIBCMT:atodbl.obj
 0001:0002474f       ___dtold                   1002574f f   LIBCMT:cfout.obj
 0001:00024817       __fltout2                  10025817 f   LIBCMT:cfout.obj
 0001:000248b0       __alldvrm                  100258b0 f   LIBCMT:lldvrm.obj
 0001:00024990       __aullshr                  10025990 f   LIBCMT:ullshr.obj
 0001:000249af       __get_output_format        100259af f   LIBCMT:outputformat.obj
 0001:000249b5       __set_output_format        100259b5 f   LIBCMT:outputformat.obj
 0001:000249e7       __controlfp_s              100259e7 f   LIBCMT:contrlfp.obj
 0001:00024a44       __fptrap                   10025a44 f   LIBCMT:crt0fp.obj
 0001:00024a4d       __msize                    10025a4d f   LIBCMT:msize.obj
 0001:00024a7e       __recalloc                 10025a7e f   LIBCMT:recalloc.obj
 0001:00024ae7       _strncpy_s                 10025ae7 f   LIBCMT:strncpy_s.obj
 0001:00024c6f       __MallocaIsSizeInRange     10025c6f f i LIBCMT:a_loc.obj
 0001:00024c80       __MarkAllocaS              10025c80 f i LIBCMT:a_loc.obj
 0001:00024c94       ___crtGetLocaleInfoA       10025c94 f   LIBCMT:a_loc.obj
 0001:00024cce       __freea                    10025cce f i LIBCMT:a_loc.obj
 0001:00024cec       _GetTableIndexFromLcid     10025cec f   LIBCMT:winapinls.obj
 0001:00024d21       _GetTableIndexFromLocaleName 10025d21 f   LIBCMT:winapinls.obj
 0001:00024d6f       ___crtCompareStringEx      10025d6f f   LIBCMT:winapinls.obj
 0001:00024dbb       ___crtDownlevelLCIDToLocaleName 10025dbb f   LIBCMT:winapinls.obj
 0001:00024e37       ___crtDownlevelLocaleNameToLCID 10025e37 f   LIBCMT:winapinls.obj
 0001:00024e75       ___crtEnumSystemLocalesEx  10025e75 f   LIBCMT:winapinls.obj
 0001:00024eb2       ___crtGetDateFormatEx      10025eb2 f   LIBCMT:winapinls.obj
 0001:00024efb       ___crtGetLocaleInfoEx      10025efb f   LIBCMT:winapinls.obj
 0001:00024f2a       ___crtGetTimeFormatEx      10025f2a f   LIBCMT:winapinls.obj
 0001:00024f5f       ___crtGetUserDefaultLocaleName 10025f5f f   LIBCMT:winapinls.obj
 0001:00024f8a       ___crtIsValidLocaleName    10025f8a f   LIBCMT:winapinls.obj
 0001:00024fb5       ___crtLCMapStringEx        10025fb5 f   LIBCMT:winapinls.obj
 0001:00025001       ___wcsnicmp_ascii          10026001 f   LIBCMT:winapinls.obj
 0001:00025293       ___crtLCMapStringA         10026293 f   LIBCMT:a_map.obj
 0001:000253d1       ___crtGetStringTypeA       100263d1 f   LIBCMT:a_str.obj
 0001:00025411       __commit                   10026411 f   LIBCMT:commit.obj
 0001:000254fa       ___lock_fhandle            100264fa f   LIBCMT:osfinfo.obj
 0001:00025588       __alloc_osfhnd             10026588 f   LIBCMT:osfinfo.obj
 0001:00025731       __free_osfhnd              10026731 f   LIBCMT:osfinfo.obj
 0001:000257b7       __get_osfhandle            100267b7 f   LIBCMT:osfinfo.obj
 0001:0002581e       __open_osfhandle           1002681e f   LIBCMT:osfinfo.obj
 0001:00025934       __set_osfhnd               10026934 f   LIBCMT:osfinfo.obj
 0001:000259b6       __unlock_fhandle           100269b6 f   LIBCMT:osfinfo.obj
 0001:000259dc       __open                     100269dc f   LIBCMT:open.obj
 0001:00025a8c       __sopen                    10026a8c f   LIBCMT:open.obj
 0001:00025abf       __sopen_helper             10026abf f   LIBCMT:open.obj
 0001:00025b88       __sopen_nolock             10026b88 f   LIBCMT:open.obj
 0001:00025bd6       __sopen_s                  10026bd6 f   LIBCMT:open.obj
 0001:00025bf4       __mbsnbcmp                 10026bf4 f   LIBCMT:mbsnbcmp.obj
 0001:00025c0c       __mbsnbcmp_l               10026c0c f   LIBCMT:mbsnbcmp.obj
 0001:00025d23       __mbsnbicmp                10026d23 f   LIBCMT:mbsnbicm.obj
 0001:00025d3b       __mbsnbicmp_l              10026d3b f   LIBCMT:mbsnbicm.obj
 0001:00025f00       __global_unwind2           10026f00 f   LIBCMT:exsup.obj
 0001:00025f65       __local_unwind2            10026f65 f   LIBCMT:exsup.obj
 0001:00025fe9       __abnormal_termination     10026fe9 f   LIBCMT:exsup.obj
 0001:0002600c       __NLG_Notify1              1002700c f   LIBCMT:exsup.obj
 0001:00026015       __NLG_Notify               10027015 f   LIBCMT:exsup.obj
 0001:0002602c       __NLG_Dispatch2            1002702c     LIBCMT:exsup.obj
 0001:0002602c       __NLG_Dispatch             1002702c     LIBCMT:exsup.obj
 0001:00026034       __NLG_Call                 10027034 f   LIBCMT:exsup.obj
 0001:00026036       __NLG_Return2              10027036     LIBCMT:exsup.obj
 0001:00026037       __getbuf                   10027037 f   LIBCMT:_getbuf.obj
 0001:0002607d       __lseeki64                 1002707d f   LIBCMT:lseeki64.obj
 0001:00026179       __lseeki64_nolock          10027179 f   LIBCMT:lseeki64.obj
 0001:000261ec       __mbtowc_l                 100271ec f   LIBCMT:mbtowc.obj
 0001:000262e1       _mbtowc                    100272e1 f   LIBCMT:mbtowc.obj
 0001:000262f9       __putwch                   100272f9 f   LIBCMT:putwch.obj
 0001:00026345       __putwch_nolock            10027345 f   LIBCMT:putwch.obj
 0001:00026390       __chkstk                   10027390 f   LIBCMT:chkstk.obj
 0001:00026390       __alloca_probe             10027390 f   LIBCMT:chkstk.obj
 0001:000263bb       __vfwprintf_l              100273bb f   LIBCMT:vfwprint.obj
 0001:000263d9       __vfwprintf_p              100273d9 f   LIBCMT:vfwprint.obj
 0001:000263f6       __vfwprintf_p_l            100273f6 f   LIBCMT:vfwprint.obj
 0001:00026414       __vfwprintf_s_l            10027414 f   LIBCMT:vfwprint.obj
 0001:00026432       _vfwprintf                 10027432 f   LIBCMT:vfwprint.obj
 0001:0002644f       _vfwprintf_helper          1002744f f   LIBCMT:vfwprint.obj
 0001:000264e2       _vfwprintf_s               100274e2 f   LIBCMT:vfwprint.obj
 0001:000264ff       __woutput_l                100274ff f   LIBCMT:woutput.obj
 0001:000271de       __woutput_s_l              100281de f   LIBCMT:woutputs.obj
 0001:00027ef5       __validate_param_reuseW    10028ef5 f   LIBCMT:woutputp.obj
 0001:0002806d       __woutput_p_l              1002906d f   LIBCMT:woutputp.obj
 0001:00029496       __ismbbalnum               1002a496 f   LIBCMT:ismbbyte.obj
 0001:000294af       __ismbbalnum_l             1002a4af f   LIBCMT:ismbbyte.obj
 0001:000294c9       __ismbbalpha               1002a4c9 f   LIBCMT:ismbbyte.obj
 0001:000294e2       __ismbbalpha_l             1002a4e2 f   LIBCMT:ismbbyte.obj
 0001:000294fc       __ismbbblank               1002a4fc f   LIBCMT:ismbbyte.obj
 0001:0002951d       __ismbbblank_l             1002a51d f   LIBCMT:ismbbyte.obj
 0001:0002953f       __ismbbgraph               1002a53f f   LIBCMT:ismbbyte.obj
 0001:00029558       __ismbbgraph_l             1002a558 f   LIBCMT:ismbbyte.obj
 0001:00029572       __ismbbkalnum              1002a572 f   LIBCMT:ismbbyte.obj
 0001:00029588       __ismbbkalnum_l            1002a588 f   LIBCMT:ismbbyte.obj
 0001:0002959f       __ismbbkana                1002a59f f   LIBCMT:ismbbyte.obj
 0001:000295b0       __ismbbkana_l              1002a5b0 f   LIBCMT:ismbbyte.obj
 0001:000295fc       __ismbbkprint              1002a5fc f   LIBCMT:ismbbyte.obj
 0001:00029612       __ismbbkprint_l            1002a612 f   LIBCMT:ismbbyte.obj
 0001:00029629       __ismbbkpunct              1002a629 f   LIBCMT:ismbbyte.obj
 0001:0002963f       __ismbbkpunct_l            1002a63f f   LIBCMT:ismbbyte.obj
 0001:00029656       __ismbblead                1002a656 f   LIBCMT:ismbbyte.obj
 0001:0002966c       __ismbblead_l              1002a66c f   LIBCMT:ismbbyte.obj
 0001:00029683       __ismbbprint               1002a683 f   LIBCMT:ismbbyte.obj
 0001:0002969c       __ismbbprint_l             1002a69c f   LIBCMT:ismbbyte.obj
 0001:000296b6       __ismbbpunct               1002a6b6 f   LIBCMT:ismbbyte.obj
 0001:000296cc       __ismbbpunct_l             1002a6cc f   LIBCMT:ismbbyte.obj
 0001:000296e3       __ismbbtrail               1002a6e3 f   LIBCMT:ismbbyte.obj
 0001:000296f9       __ismbbtrail_l             1002a6f9 f   LIBCMT:ismbbyte.obj
 0001:00029936       __strtol_l                 1002a936 f   LIBCMT:strtol.obj
 0001:00029951       __strtoul_l                1002a951 f   LIBCMT:strtol.obj
 0001:0002996c       _strtol                    1002a96c f   LIBCMT:strtol.obj
 0001:00029996       _strtoul                   1002a996 f   LIBCMT:strtol.obj
 0001:000299c0       ___free_lconv_mon          1002a9c0 f   LIBCMT:initmon.obj
 0001:00029abc       ___init_monetary           1002aabc f   LIBCMT:initmon.obj
 0001:00029e95       ___free_lconv_num          1002ae95 f   LIBCMT:initnum.obj
 0001:00029efc       ___init_numeric            1002aefc f   LIBCMT:initnum.obj
 0001:0002a13a       ___free_lc_time            1002b13a f   LIBCMT:inittime.obj
 0001:0002a4ba       ___init_time               1002b4ba f   LIBCMT:inittime.obj
 0001:0002ad29       _localeconv                1002bd29 f   LIBCMT:lconv.obj
 0001:0002ad4f       __iswctype_l               1002bd4f f   LIBCMT:iswctype.obj
 0001:0002ad61       _is_wctype                 1002bd61 f   LIBCMT:iswctype.obj
 0001:0002ad6a       _iswctype                  1002bd6a f   LIBCMT:iswctype.obj
 0001:0002adc0       ____lc_codepage_func       1002bdc0 f   LIBCMT:initctyp.obj
 0001:0002ade6       ____lc_collate_cp_func     1002bde6 f   LIBCMT:initctyp.obj
 0001:0002ae0c       ____lc_locale_name_func    1002be0c f   LIBCMT:initctyp.obj
 0001:0002ae34       ____mb_cur_max_func        1002be34 f   LIBCMT:initctyp.obj
 0001:0002ae5a       ____mb_cur_max_l_func      1002be5a f   LIBCMT:initctyp.obj
 0001:0002ae71       ___init_ctype              1002be71 f   LIBCMT:initctyp.obj
 0001:0002b209       ___pctype_func             1002c209 f   LIBCMT:ctype.obj
 0001:0002b232       ___pwctype_func            1002c232 f   LIBCMT:ctype.obj
 0001:0002b238       __isctype                  1002c238 f   LIBCMT:isctype.obj
 0001:0002b267       __isctype_l                1002c267 f   LIBCMT:isctype.obj
 0001:0002b318       ___init_dummy              1002c318 f   LIBCMT:wsetloca.obj
 0001:0002b31b       __locterm                  1002c31b f   LIBCMT:wsetloca.obj
 0001:0002b36d       ____setlc_active_func      1002c36d f   LIBCMT:wsetloca.obj
 0001:0002b373       ____unguarded_readlc_active_add_func 1002c373 f   LIBCMT:wsetloca.obj
 0001:0002b379       ___copy_locale_name        1002c379 f   LIBCMT:wsetloca.obj
 0001:0002b3dd       ___create_locale           1002c3dd f   LIBCMT:wsetloca.obj
 0001:0002b3e6       ___free_locale             1002c3e6 f   LIBCMT:wsetloca.obj
 0001:0002b3eb       ___get_current_locale      1002c3eb f   LIBCMT:wsetloca.obj
 0001:0002b3f0       ___lc_lctowcs              1002c3f0 f   LIBCMT:wsetloca.obj
 0001:0002b45e       ___lc_wcstolc              1002c45e f   LIBCMT:wsetloca.obj
 0001:0002b58a       __configthreadlocale       1002c58a f   LIBCMT:wsetloca.obj
 0001:0002b610       __create_locale            1002c610 f   LIBCMT:wsetloca.obj
 0001:0002b672       __expandlocale             1002c672 f   LIBCMT:wsetloca.obj
 0001:0002b969       __free_locale              1002c969 f   LIBCMT:wsetloca.obj
 0001:0002ba20       __get_current_locale       1002ca20 f   LIBCMT:wsetloca.obj
 0001:0002bacf       __wcreate_locale           1002cacf f   LIBCMT:wsetloca.obj
 0001:0002bba6       __wcscats                  1002cba6 f   LIBCMT:wsetloca.obj
 0001:0002bbe5       __wsetlocale               1002cbe5 f   LIBCMT:wsetloca.obj
 0001:0002c527       __CopyMan                  1002d527 f i LIBCMT:intrncvt.obj
 0001:0002c544       __FillZeroMan              1002d544 f i LIBCMT:intrncvt.obj
 0001:0002c553       __IncMan                   1002d553 f i LIBCMT:intrncvt.obj
 0001:0002c5b5       __IsZeroMan                1002d5b5 f i LIBCMT:intrncvt.obj
 0001:0002c5d2       __RoundMan                 1002d5d2 f i LIBCMT:intrncvt.obj
 0001:0002c6d3       __ShrMan                   1002d6d3 f i LIBCMT:intrncvt.obj
 0001:0002c761       __ZeroTail                 1002d761 f i LIBCMT:intrncvt.obj
 0001:0002c7a9       ___addl                    1002d7a9 f i LIBCMT:intrncvt.obj
 0001:0002c7cd       __ld12cvt                  1002d7cd f i LIBCMT:intrncvt.obj
 0001:0002cd38       __ld12tod                  1002dd38 f   LIBCMT:intrncvt.obj
 0001:0002d2aa       __ld12tof                  1002e2aa f   LIBCMT:intrncvt.obj
 0001:0002d81c       __ld12told                 1002e81c f   LIBCMT:intrncvt.obj
 0001:0002d8eb       ___STRINGTOLD_L            1002e8eb f   LIBCMT:strgtold.obj
 0001:0002d946       ___ld12mul                 1002e946 f i LIBCMT:strgtold.obj
 0001:0002dc12       ___multtenpow12            1002ec12 f i LIBCMT:strgtold.obj
 0001:0002df65       ___shl_12                  1002ef65 f i LIBCMT:strgtold.obj
 0001:0002df96       ___shr_12                  1002ef96 f i LIBCMT:strgtold.obj
 0001:0002dfc6       ___strgtold12_l            1002efc6 f   LIBCMT:strgtold.obj
 0001:0002e76e       _$I10_OUTPUT               1002f76e f   LIBCMT:x10fout.obj
 0001:0002f142       ___add_12                  10030142 f i LIBCMT:x10fout.obj
 0001:0002f2ee       ___control87_2             100302ee f   LIBCMT:ieee87.obj
 0001:0002f962       __clearfp                  10030962 f   LIBCMT:ieee87.obj
 0001:0002fa42       __control87                10030a42 f i LIBCMT:ieee87.obj
 0001:0002fd44       __controlfp                10030d44 f   LIBCMT:ieee87.obj
 0001:0003004f       __fpreset                  1003104f f   LIBCMT:ieee87.obj
 0001:0003011c       __set_controlfp            1003111c f   LIBCMT:ieee87.obj
 0001:0003018f       __statusfp                 1003118f f   LIBCMT:ieee87.obj
 0001:00030229       __statusfp2                10031229 f   LIBCMT:ieee87.obj
 0001:00030290       __alloca_probe_16          10031290 f   LIBCMT:alloca16.obj
 0001:000302a6       __alloca_probe_8           100312a6     LIBCMT:alloca16.obj
 0001:000302bc       _wcsnlen                   100312bc f   LIBCMT:wcslen_s.obj
 0001:00030363       __wopen                    10031363 f   LIBCMT:wopen.obj
 0001:00030413       __wsopen                   10031413 f   LIBCMT:wopen.obj
 0001:00030446       __wsopen_helper            10031446 f   LIBCMT:wopen.obj
 0001:0003050f       __wsopen_nolock            1003150f f   LIBCMT:wopen.obj
 0001:00030c62       __wsopen_s                 10031c62 f   LIBCMT:wopen.obj
 0001:00030c80       _strncmp                   10031c80 f   LIBCMT:strncmp.obj
 0001:00030cf8       __strnicmp                 10031cf8 f   LIBCMT:strnicmp.obj
 0001:00030d63       __strnicmp_l               10031d63 f   LIBCMT:strnicmp.obj
 0001:00030e14       ___termconout              10031e14 f   LIBCMT:initcon.obj
 0001:00030e2b       ___initconout              10031e2b f   LIBCMT:initcon.obj
 0001:00030e4a       __fputwc_nolock            10031e4a f   LIBCMT:fputwc.obj
 0001:00030fd0       _fputwc                    10031fd0 f   LIBCMT:fputwc.obj
 0001:00031047       _putwc                     10032047 f   LIBCMT:fputwc.obj
 0001:00031231       __wcstol_l                 10032231 f   LIBCMT:wcstol.obj
 0001:00031249       __wcstoul_l                10032249 f   LIBCMT:wcstol.obj
 0001:00031261       _wcstol                    10032261 f   LIBCMT:wcstol.obj
 0001:00031279       _wcstoul                   10032279 f   LIBCMT:wcstol.obj
 0001:00031291       ___init_collate            10032291 f   LIBCMT:initcoll.obj
 0001:000313b1       _memcmp                    100323b1 f   LIBCMT:memcmp.obj
 0001:000342c5       _wcscmp                    100352c5 f   LIBCMT:wcscmp.obj
 0001:00034303       _wcscspn                   10035303 f   LIBCMT:wcscspn.obj
 0001:0003434e       _wcsncmp                   1003534e f   LIBCMT:wcsncmp.obj
 0001:00034384       _wcspbrk                   10035384 f   LIBCMT:wcspbrk.obj
 0001:00034988       ___get_qualified_locale    10035988 f   LIBCMT:getqloc.obj
 0001:000351f8       ___get_qualified_locale_downlevel 100361f8 f   LIBCMT:getqloc_downlevel.obj
 0001:00035414       ___mtold12                 10036414 f   LIBCMT:mantold.obj
 0001:000355f4       __chsize                   100365f4 f   LIBCMT:chsize.obj
 0001:0003560e       __chsize_nolock            1003660e f   LIBCMT:chsize.obj
 0001:000357c4       __chsize_s                 100367c4 f   LIBCMT:chsize.obj
 0001:000358b2       __get_fmode                100368b2 f   LIBCMT:setmode.obj
 0001:000358dc       __set_fmode                100368dc f   LIBCMT:setmode.obj
 0001:00035917       __setmode                  10036917 f   LIBCMT:setmode.obj
 0001:00035a1c       __setmode_nolock           10036a1c f   LIBCMT:setmode.obj
 0001:00035af0       ___ascii_strnicmp          10036af0 f   LIBCMT:_strnicm.obj
 0001:00035b51       __flswbuf                  10036b51 f   LIBCMT:_flswbuf.obj
 0001:00035cb3       __wchartodigit             10036cb3 f   LIBCMT:wchtodig.obj
 0001:00035e52       __wtoi                     10036e52 f   LIBCMT:wtox.obj
 0001:00035e5b       __wtoi64                   10036e5b f   LIBCMT:wtox.obj
 0001:00035e6f       __wtoi64_l                 10036e6f f   LIBCMT:wtox.obj
 0001:00035e86       __wtoi_l                   10036e86 f   LIBCMT:wtox.obj
 0001:00035e8f       __wtol                     10036e8f f   LIBCMT:wtox.obj
 0001:00035ea3       __wtol_l                   10036ea3 f   LIBCMT:wtox.obj
 0001:00035eba       __wtoll                    10036eba f   LIBCMT:wtox.obj
 0001:00035ece       __wtoll_l                  10036ece f   LIBCMT:wtox.obj
 0001:00035ee5       _wcschr                    10036ee5 f   LIBCMT:wcschr.obj
 0001:00035f93       __wcsicmp                  10036f93 f   LIBCMT:wcsicmp.obj
 0001:00036026       __wcsicmp_l                10037026 f   LIBCMT:wcsicmp.obj
 0001:00036101       __wcsnicmp                 10037101 f   LIBCMT:wcsnicmp.obj
 0001:000361b7       __wcsnicmp_l               100371b7 f   LIBCMT:wcsnicmp.obj
 0001:00036580       __wcstof_l                 10037580 f   LIBCMT:wcstoq.obj
 0001:00036633       __wcstoi64                 10037633 f   LIBCMT:wcstoq.obj
 0001:0003665d       __wcstoi64_l               1003765d f   LIBCMT:wcstoq.obj
 0001:00036678       __wcstoimax_l              10037678 f   LIBCMT:wcstoq.obj
 0001:00036681       __wcstold_l                10037681 f   LIBCMT:wcstoq.obj
 0001:0003668a       __wcstoll_l                1003768a f   LIBCMT:wcstoq.obj
 0001:00036693       __wcstoui64                10037693 f   LIBCMT:wcstoq.obj
 0001:000366bd       __wcstoui64_l              100376bd f   LIBCMT:wcstoq.obj
 0001:000366d8       __wcstoull_l               100376d8 f   LIBCMT:wcstoq.obj
 0001:000366e1       __wcstoumax_l              100376e1 f   LIBCMT:wcstoq.obj
 0001:000366ea       _wcstof                    100376ea f   LIBCMT:wcstoq.obj
 0001:000366ff       _wcstoimax                 100376ff f   LIBCMT:wcstoq.obj
 0001:00036708       _wcstold                   10037708 f   LIBCMT:wcstoq.obj
 0001:00036711       _wcstoll                   10037711 f   LIBCMT:wcstoq.obj
 0001:0003671a       _wcstoull                  1003771a f   LIBCMT:wcstoq.obj
 0001:00036723       _wcstoumax                 10037723 f   LIBCMT:wcstoq.obj
 0001:0003672c       __towlower_l               1003772c f   LIBCMT:towlower.obj
 0001:000367dd       _towlower                  100377dd f   LIBCMT:towlower.obj
 0001:000367ee       __wcstod_l                 100377ee f   LIBCMT:wcstod.obj
 0001:000368e9       _wcstod                    100378e9 f   LIBCMT:wcstod.obj
 0001:00036900       __allmul                   10037900 f   LIBCMT:llmul.obj
 0001:00036934       ___crtLCMapStringW         10037934 f   LIBCMT:w_map.obj
 0001:00036963       __wfltin2                  10037963 f   LIBCMT:wcfin.obj
 0001:00036a10       ___WSTRINGTOLD_L           10037a10 f   LIBCMT:wstrgtold.obj
 0001:00036a6b       ___wstrgtold12_l           10037a6b f   LIBCMT:wstrgtold.obj
 0001:000372bc       _GetModuleHandleA@4        100382bc f   kernel32:KERNEL32.dll
 0001:000372c2       _GetProcAddress@8          100382c2 f   kernel32:KERNEL32.dll
 0001:000372c8       _HeapAlloc@12              100382c8 f   kernel32:KERNEL32.dll
 0001:000372ce       _IsDebuggerPresent@0       100382ce f   kernel32:KERNEL32.dll
 0001:000372d4       _IsProcessorFeaturePresent@4 100382d4 f   kernel32:KERNEL32.dll
 0001:000372da       _EncodePointer@4           100382da f   kernel32:KERNEL32.dll
 0001:000372e0       _DecodePointer@4           100382e0 f   kernel32:KERNEL32.dll
 0001:000372e6       _GetLastError@0            100382e6 f   kernel32:KERNEL32.dll
 0001:000372ec       _ExitProcess@4             100382ec f   kernel32:KERNEL32.dll
 0001:000372f2       _GetModuleHandleExW@12     100382f2 f   kernel32:KERNEL32.dll
 0001:000372f8       _AreFileApisANSI@0         100382f8 f   kernel32:KERNEL32.dll
 0001:000372fe       _MultiByteToWideChar@24    100382fe f   kernel32:KERNEL32.dll
 0001:00037304       _WideCharToMultiByte@32    10038304 f   kernel32:KERNEL32.dll
 0001:0003730a       _HeapFree@12               1003830a f   kernel32:KERNEL32.dll
 0001:00037310       _HeapReAlloc@16            10038310 f   kernel32:KERNEL32.dll
 0001:00037316       _EnterCriticalSection@4    10038316 f   kernel32:KERNEL32.dll
 0001:0003731c       _LeaveCriticalSection@4    1003831c f   kernel32:KERNEL32.dll
 0001:00037322       _GetStdHandle@4            10038322 f   kernel32:KERNEL32.dll
 0001:00037328       _GetFileType@4             10038328 f   kernel32:KERNEL32.dll
 0001:0003732e       _GetModuleFileNameW@12     1003832e f   kernel32:KERNEL32.dll
 0001:00037334       _WriteConsoleW@20          10038334 f   kernel32:KERNEL32.dll
 0001:0003733a       _GetCommandLineA@0         1003833a f   kernel32:KERNEL32.dll
 0001:00037340       _GetCurrentThreadId@0      10038340 f   kernel32:KERNEL32.dll
 0001:00037346       _WriteFile@20              10038346 f   kernel32:KERNEL32.dll
 0001:0003734c       _GetProcessHeap@0          1003834c f   kernel32:KERNEL32.dll
 0001:00037352       _RaiseException@16         10038352 f   kernel32:KERNEL32.dll
 0001:00037358       _UnhandledExceptionFilter@4 10038358 f   kernel32:KERNEL32.dll
 0001:0003735e       _SetUnhandledExceptionFilter@4 1003835e f   kernel32:KERNEL32.dll
 0001:00037364       _SetLastError@4            10038364 f   kernel32:KERNEL32.dll
 0001:0003736a       _InitializeCriticalSectionAndSpinCount@8 1003836a f   kernel32:KERNEL32.dll
 0001:00037370       _CreateEventW@16           10038370 f   kernel32:KERNEL32.dll
 0001:00037376       _Sleep@4                   10038376 f   kernel32:KERNEL32.dll
 0001:0003737c       _GetCurrentProcess@0       1003837c f   kernel32:KERNEL32.dll
 0001:00037382       _TerminateProcess@8        10038382 f   kernel32:KERNEL32.dll
 0001:00037388       _TlsAlloc@0                10038388 f   kernel32:KERNEL32.dll
 0001:0003738e       _TlsGetValue@4             1003838e f   kernel32:KERNEL32.dll
 0001:00037394       _TlsSetValue@8             10038394 f   kernel32:KERNEL32.dll
 0001:0003739a       _TlsFree@4                 1003839a f   kernel32:KERNEL32.dll
 0001:000373a0       _GetStartupInfoW@4         100383a0 f   kernel32:KERNEL32.dll
 0001:000373a6       _GetTickCount@0            100383a6 f   kernel32:KERNEL32.dll
 0001:000373ac       _GetModuleHandleW@4        100383ac f   kernel32:KERNEL32.dll
 0001:000373b2       _CreateSemaphoreW@16       100383b2 f   kernel32:KERNEL32.dll
 0001:000373b8       _DeleteCriticalSection@4   100383b8 f   kernel32:KERNEL32.dll
 0001:000373be       _FatalAppExitA@8           100383be f   kernel32:KERNEL32.dll
 0001:000373c4       _SetConsoleCtrlHandler@8   100383c4 f   kernel32:KERNEL32.dll
 0001:000373ca       _FreeLibrary@4             100383ca f   kernel32:KERNEL32.dll
 0001:000373d0       _LoadLibraryExW@12         100383d0 f   kernel32:KERNEL32.dll
 0001:000373d6       _IsValidCodePage@4         100383d6 f   kernel32:KERNEL32.dll
 0001:000373dc       _GetACP@0                  100383dc f   kernel32:KERNEL32.dll
 0001:000373e2       _GetOEMCP@0                100383e2 f   kernel32:KERNEL32.dll
 0001:000373e8       _GetCPInfo@8               100383e8 f   kernel32:KERNEL32.dll
 0001:000373ee       _CloseHandle@4             100383ee f   kernel32:KERNEL32.dll
 0001:000373f4       _RtlUnwind@16              100383f4 f   kernel32:KERNEL32.dll
 0001:000373fa       _ReadFile@20               100383fa f   kernel32:KERNEL32.dll
 0001:00037400       _GetConsoleMode@8          10038400 f   kernel32:KERNEL32.dll
 0001:00037406       _ReadConsoleW@20           10038406 f   kernel32:KERNEL32.dll
 0001:0003740c       _GetConsoleCP@0            1003840c f   kernel32:KERNEL32.dll
 0001:00037412       _DeleteFileW@4             10038412 f   kernel32:KERNEL32.dll
 0001:00037418       _SetFilePointerEx@20       10038418 f   kernel32:KERNEL32.dll
 0001:0003741e       _OutputDebugStringW@4      1003841e f   kernel32:KERNEL32.dll
 0001:00037424       _GetCurrentThread@0        10038424 f   kernel32:KERNEL32.dll
 0001:0003742a       _GetModuleFileNameA@12     1003842a f   kernel32:KERNEL32.dll
 0001:00037430       _QueryPerformanceCounter@4 10038430 f   kernel32:KERNEL32.dll
 0001:00037436       _GetCurrentProcessId@0     10038436 f   kernel32:KERNEL32.dll
 0001:0003743c       _GetSystemTimeAsFileTime@4 1003843c f   kernel32:KERNEL32.dll
 0001:00037442       _GetEnvironmentStringsW@0  10038442 f   kernel32:KERNEL32.dll
 0001:00037448       _FreeEnvironmentStringsW@4 10038448 f   kernel32:KERNEL32.dll
 0001:0003744e       _HeapSize@12               1003844e f   kernel32:KERNEL32.dll
 0001:00037454       _GetDateFormatW@24         10038454 f   kernel32:KERNEL32.dll
 0001:0003745a       _GetTimeFormatW@24         1003845a f   kernel32:KERNEL32.dll
 0001:00037460       _CompareStringW@24         10038460 f   kernel32:KERNEL32.dll
 0001:00037466       _LCMapStringW@24           10038466 f   kernel32:KERNEL32.dll
 0001:0003746c       _GetLocaleInfoW@16         1003846c f   kernel32:KERNEL32.dll
 0001:00037472       _IsValidLocale@8           10038472 f   kernel32:KERNEL32.dll
 0001:00037478       _GetUserDefaultLCID@0      10038478 f   kernel32:KERNEL32.dll
 0001:0003747e       _EnumSystemLocalesW@8      1003847e f   kernel32:KERNEL32.dll
 0001:00037484       _GetStringTypeW@16         10038484 f   kernel32:KERNEL32.dll
 0001:0003748a       _FlushFileBuffers@4        1003848a f   kernel32:KERNEL32.dll
 0001:00037490       _SetStdHandle@8            10038490 f   kernel32:KERNEL32.dll
 0001:00037496       _CreateFileW@28            10038496 f   kernel32:KERNEL32.dll
 0001:0003749c       _SetEndOfFile@4            1003849c f   kernel32:KERNEL32.dll
 0002:00000000       ___xc_a                    10043000     LIBCMT:crt0init.obj
 0002:00000104       ___xc_z                    10043104     LIBCMT:crt0init.obj
 0002:00000208       ___xi_a                    10043208     LIBCMT:crt0init.obj
 0002:00000420       ___xi_z                    10043420     LIBCMT:crt0init.obj
 0002:00000524       ___xp_a                    10043524     LIBCMT:crt0init.obj
 0002:00000838       ___xp_z                    10043838     LIBCMT:crt0init.obj
 0002:0000093c       ___xt_a                    1004393c     LIBCMT:crt0init.obj
 0002:00000a40       ___xt_z                    10043a40     LIBCMT:crt0init.obj
 0002:00000b88       _Pos_PID_M                 10043b88     Pos_PID.obj
 0002:00000b8c       ??_C@_0BI@PEBACBDB@Error?5creating?5scope?53?6?$AA@ 10043b8c     Pos_PID.obj
 0002:00000ba8       ??_C@_0BH@EKMHGNPN@X_Encoder?1count_to_mm1?$AA@ 10043ba8     Pos_PID.obj
 0002:00000bc4       ??_C@_0BI@PHJEPFFP@Error?5creating?5scope?51?6?$AA@ 10043bc4     Pos_PID.obj
 0002:00000be0       ??_C@_09LIAEOFKL@Xdata?4dat?$AA@ 10043be0     Pos_PID.obj
 0002:00000bec       ??_C@_0BI@PCNLODNK@Error?5creating?5scope?56?6?$AA@ 10043bec     Pos_PID.obj
 0002:00000c08       ??_C@_0BH@HFJGCGKD@Y_encoder?5?1count_to_mm?$AA@ 10043c08     Pos_PID.obj
 0002:00000c24       ??_C@_0BI@PBFPDHLE@Error?5creating?5scope?54?6?$AA@ 10043c24     Pos_PID.obj
 0002:00000c40       ??_C@_09FHMGIOJF@Ydata?4dat?$AA@ 10043c40     Pos_PID.obj
 0002:00000c4c       ??_C@_0BI@PDBJIJON@Error?5creating?5scope?57?6?$AA@ 10043c4c     Pos_PID.obj
 0002:00000c68       ??_C@_0BG@HNLKCFNF@Z_encoder?1count_to_mm?$AA@ 10043c68     Pos_PID.obj
 0002:00000c84       ??_C@_0BI@PJIHKEOH@Error?5creating?5scope?59?6?$AA@ 10043c84     Pos_PID.obj
 0002:00000ca0       ??_C@_09LMPBDFJG@Zdata?4dat?$AA@ 10043ca0     Pos_PID.obj
 0002:00000cac       ??_C@_0BI@PFNCELAG@Error?5creating?5scope?52?6?$AA@ 10043cac     Pos_PID.obj
 0002:00000cc8       ??_C@_0CB@DEJHGMOB@X?5Position?5Input?1X?5Matrix?5output@ 10043cc8     Pos_PID.obj
 0002:00000cf0       ??_C@_0BH@HHCKIBF@Deadband?5pulse?5counter?$AA@ 10043cf0     Pos_PID.obj
 0002:00000d0c       ??_C@_0CJ@CNFALNBF@Z?5Position?5signal?1Deadband?5pulse@ 10043d0c     Pos_PID.obj
 0002:00000d40       ??_C@_0CJ@MOBJAKLH@Y?5Position?5signal?1Deadband?5pulse@ 10043d40     Pos_PID.obj
 0002:00000d74       ??_C@_0BF@GGMNNFDC@Data?5Type?5Conversion?$AA@ 10043d74     Pos_PID.obj
 0002:00000d90       ??_C@_0BI@PAJNFNID@Error?5creating?5scope?55?6?$AA@ 10043d90     Pos_PID.obj
 0002:00000dac       ??_C@_07FDDKLPMO@var?4dat?$AA@ 10043dac     Pos_PID.obj
 0002:00000db8       ??_C@_04GDMNHCBG@ode4?$AA@ 10043db8     Pos_PID.obj
 0002:00000dc0       ??_C@_04EPKDLPPB@tout?$AA@ 10043dc0     Pos_PID.obj
 0002:00000dc6       ??_C@_00CNPNBAHC@?$AA@     10043dc6     Pos_PID.obj
 0002:00000dc8       ??_C@_03HBFGMJOD@rt_?$AA@  10043dc8     Pos_PID.obj
 0002:00000dcc       ??_C@_0BA@ILODDMJB@CNT32?98M?$CIPCI?$CJ?52?$AA@ 10043dcc     Pos_PID.obj
 0002:00000de0       ??_C@_0CC@KLPMAOFI@Pos_PID?1X_Encoder?1CNT32?98M?$CIPCI?$CJ?5@ 10043de0     Pos_PID.obj
 0002:00000e08       ??_C@_0BA@KAMOGPFC@CNT32?98M?$CIPCI?$CJ?51?$AA@ 10043e08     Pos_PID.obj
 0002:00000e1c       ??_C@_0CD@KHPOEAEG@Pos_PID?1Y_encoder?5?1CNT32?98M?$CIPCI?$CJ@ 10043e1c     Pos_PID.obj
 0002:00000e48       ??_C@_0CC@GLENOIIO@Pos_PID?1Z_encoder?1CNT32?98M?$CIPCI?$CJ?5@ 10043e48     Pos_PID.obj
 0002:00000e70       ??_C@_0O@GDKFENNN@PCI?9DDA08?512?5?$AA@ 10043e70     Pos_PID.obj
 0002:00000e80       ??_C@_0BG@KFNANGEK@Pos_PID?1PCI?9DDA08?512?5?$AA@ 10043e80     Pos_PID.obj
 0002:00000e9c       ??_C@_0BA@OBLCOPFK@PCI?9DDA?508?512?54?$AA@ 10043e9c     Pos_PID.obj
 0002:00000eb0       ??_C@_0CM@MAOPNPGA@Pos_PID?1X?5output?5processing?1PCI?9@ 10043eb0     Pos_PID.obj
 0002:00000ee4       ??_C@_0BA@KOPDHJJN@PCI?9DDA?508?512?53?$AA@ 10043ee4     Pos_PID.obj
 0002:00000ef8       ??_C@_0CM@BKNOJNDC@Pos_PID?1Y?5output?5processing?1PCI?9@ 10043ef8     Pos_PID.obj
 0002:00000f2c       ??_C@_0P@MGKGOBE@PCI?9DDA08?512?53?$AA@ 10043f2c     Pos_PID.obj
 0002:00000f40       ??_C@_0CL@KBODMIPB@Pos_PID?1Z?5output?5processing?1PCI?9@ 10043f40     Pos_PID.obj
 0002:00000f74       ??_C@_0BA@JMMFBLBP@PCI?9DDA?508?512?51?$AA@ 10043f74     Pos_PID.obj
 0002:00000f88       ??_C@_0CM@EMAIIEEO@Pos_PID?1Z?5output?5processing?1PCI?9@ 10043f88     Pos_PID.obj
 0002:00000fbc       ??_C@_09JLALMMJD@Receive?51?$AA@ 10043fbc     Pos_PID.obj
 0002:00000fc8       ??_C@_0CC@NCKFNJDB@Pos_PID?1Force?5Subsystem?1Receive?5@ 10043fc8     Pos_PID.obj
 0002:00000ff0       __real@3f50624dd2f1a9fc    10043ff0     Pos_PID.obj
 0002:00001000       __real@3fc5555555555555    10044000     Pos_PID.obj
 0002:00001010       __real@3fe0000000000000    10044010     Pos_PID.obj
 0002:00001020       __real@3ff0000000000000    10044020     Pos_PID.obj
 0002:00001030       __real@4000000000000000    10044030     Pos_PID.obj
 0002:00001040       __real@4008000000000000    10044040     Pos_PID.obj
 0002:00001050       __real@40d86a0000000000    10044050     Pos_PID.obj
 0002:00001060       __real@40dd4bc000000000    10044060     Pos_PID.obj
 0002:00001070       __real@410e848000000000    10044070     Pos_PID.obj
[...]
 0003:000d6c88       ___app_type                1012ac88     LIBCMT:crt0msg.obj
 0003:000d72b8       __newmode                  1012b2b8     LIBCMT:_newmode.obj
 0003:000d72bc       __crtheap                  1012b2bc     LIBCMT:heapinit.obj
 0003:000d72c0       ___pInvalidArgHandler      1012b2c0     LIBCMT:invarg.obj
 0003:000d72c4       __stdbuf                   1012b2c4     LIBCMT:_sftbuf.obj
 0003:000d7420       __maxwait                  1012b420     LIBCMT:crtheap.obj
 0003:000d7424       ?__pInconsistency@@3P6AXXZA 1012b424     LIBCMT:hooks.obj
 0003:000d7428       ___pPurecall               1012b428     LIBCMT:inithelp.obj
 0003:000d7444       ___mbcodepage              1012b444     LIBCMT:mbctype.obj
 0003:000d7448       ___ismbcodepage            1012b448     LIBCMT:mbctype.obj
 0003:000d744c       ___mbulinfo                1012b44c     LIBCMT:mbctype.obj
 0003:000d7458       ___mblocalename            1012b458     LIBCMT:mbctype.obj
 0003:000d7460       ___pioinfo                 1012b460     LIBCMT:ioinit.obj
 0003:000d7560       ___error_mode              1012b560     LIBCMT:errmode.obj
 0003:000d7680       __outputformat             1012b680     LIBCMT:outputformat.obj
 0003:000d7688       __commode                  1012b688     LIBCMT:ncommode.obj
 0003:000d768c       ___lconv_static_null       1012b68c     LIBCMT:lconv.obj
 0003:000d7690       ___lconv_static_W_null     1012b690     LIBCMT:lconv.obj
 0003:000d7694       ___locale_changed          1012b694     LIBCMT:wsetloca.obj
 0003:000d7698       __fmode                    1012b698     LIBCMT:txtmode.obj
 0003:000d76a0       _CANAC2_2_receiveindex_mb3 1012b6a0     <common>
 0003:000da774       _CANAC2_2_receivemaxindex_mb3 1012e774     <common>
 0003:000da780       _CANAC2_2_sendindex_mb3    1012e780     <common>
 0003:000daaa0       _CANAC2_2_sendmaxindex_mb3 1012eaa0     <common>
 0003:000daac0       _CANAC2_1_receiveindex_mb3 1012eac0     <common>
 0003:000dade0       _CANAC2_1_receivemaxindex_mb3 1012ede0     <common>
 0003:000dae00       _CANAC2_1_sendindex_mb3    1012ee00     <common>
 0003:000db120       _CANAC2_1_sendmaxindex_mb3 1012f120     <common>
 0003:000db140       _CANAC2_2_receive_mb3      1012f140     <common>
 0003:000db460       _CANAC2_2_send_mb3         1012f460     <common>
 0003:000db780       _CANAC2_1_receive_mb3      1012f780     <common>
 0003:000dbaa0       _CANAC2_1_send_mb3         1012faa0     <common>
 0003:000dbdc0       _CANAC2_2_receiveindex_mb2 1012fdc0     <common>
 0003:000dc0e0       _CANAC2_2_receivemaxindex_mb2 101300e0     <common>
 0003:000dc100       _CANAC2_2_sendindex_mb2    10130100     <common>
 0003:000dc420       _CANAC2_2_sendmaxindex_mb2 10130420     <common>
 0003:000dc440       _CANAC2_1_receiveindex_mb2 10130440     <common>
 0003:000dc760       _CANAC2_1_receivemaxindex_mb2 10130760     <common>
 0003:000dc780       _CANAC2_1_sendindex_mb2    10130780     <common>
 0003:000dcaa0       _CANAC2_1_sendmaxindex_mb2 10130aa0     <common>
 0003:000dcac0       _CANAC2_2_receive_mb2      10130ac0     <common>
 0003:000dcde0       _CANAC2_2_send_mb2         10130de0     <common>
 0003:000dd100       _CANAC2_1_receive_mb2      10131100     <common>
 0003:000dd420       _CANAC2_1_send_mb2         10131420     <common>
 0003:000dd740       _CANAC2_2_receiveindex_mb1 10131740     <common>
 0003:000dda60       _CANAC2_2_receivemaxindex_mb1 10131a60     <common>
 0003:000dda80       _CANAC2_2_sendindex_mb1    10131a80     <common>
 0003:000ddda0       _CANAC2_2_sendmaxindex_mb1 10131da0     <common>
 0003:000dddc0       _CANAC2_1_receiveindex_mb1 10131dc0     <common>
 0003:000de0e0       _CANAC2_1_receivemaxindex_mb1 101320e0     <common>
 0003:000de100       _CANAC2_1_sendindex_mb1    10132100     <common>
 0003:000de420       _CANAC2_1_sendmaxindex_mb1 10132420     <common>
 0003:000de440       _CANAC2_2_receive_mb1      10132440     <common>
 0003:000de760       _CANAC2_2_send_mb1         10132760     <common>
 0003:000dea80       _CANAC2_1_receive_mb1      10132a80     <common>
 0003:000deda0       _CANAC2_1_send_mb1         10132da0     <common>
 0003:000df0c0       _CANAC2_2_receiveindex     101330c0     <common>
 0003:000df3e0       _CANAC2_2_receivemaxindex  101333e0     <common>
 0003:000df400       _CANAC2_2_sendindex        10133400     <common>
 0003:000df720       _CANAC2_2_sendmaxindex     10133720     <common>
 0003:000df740       _CANAC2_1_receiveindex     10133740     <common>
 0003:000dfa60       _CANAC2_1_receivemaxindex  10133a60     <common>
 0003:000dfa80       _CANAC2_1_sendindex        10133a80     <common>
 0003:000dfda0       _CANAC2_1_sendmaxindex     10133da0     <common>
 0003:000dfdc0       _CANAC2_2_receive          10133dc0     <common>
 0003:000e00e0       _CANAC2_2_send             101340e0     <common>
 0003:000e0400       _CANAC2_1_receive          10134400     <common>
 0003:000e0720       _CANAC2_1_send             10134720     <common>
 0003:000e0a40       _siepowercan_can_object_buffer_port2 10134a40     <common>
 0003:000e4a60       _siepowercan_can_object_buffer_port1 10138a60     <common>
 0003:000e8a60       _rtNaNF                    1013ca60     <common>
 0003:000e8a74       _rtMinusInfF               1013ca74     <common>
 0003:000e8a78       _rtInfF                    1013ca78     <common>
 0003:000e8a80       _rtNaN                     1013ca80     <common>
 0003:000e8a88       _rtMinusInf                1013ca88     <common>
 0003:000e8a90       _rtInf                     1013ca90     <common>
 0003:000e8aa0       _Pos_PID_M_                1013caa0     <common>
 0003:000ec220       _Pos_PID_DW                10140220     <common>
 0003:000ec3a0       _Pos_PID_X                 101403a0     <common>
 0003:000ec3e0       _Pos_PID_B                 101403e0     <common>
 0003:000ec660       _xpceaddEvent              10140660     <common>
 0003:000ec6b0       _xpceDeRegisterISR         101406b0     <common>
 0003:000ec6b4       _xpceRegisterISR           101406b4     <common>
 0003:000ec6b8       _xpcIsModelInit            101406b8     <common>
 0003:000ec6bc       _xpcGetElapsedTime         101406bc     <common>
 0003:000ec6c0       _xpcBusyWait               101406c0     <common>
 0003:000ec6c4       _xpcFreePhysicalMemory     101406c4     <common>
 0003:000ec6c8       _xpcAllocPhysicalMemory    101406c8     <common>
 0003:000ec6cc       _xpcReserveMemoryRegion    101406cc     <common>
 0003:000ec6d0       _xpcOutpB                  101406d0     <common>
 0003:000ec6d4       _xpcOutpW                  101406d4     <common>
 0003:000ec6d8       _xpcOutpDW                 101406d8     <common>
 0003:000ec6dc       _xpcInpB                   101406dc     <common>
 0003:000ec6e0       _xpcInpW                   101406e0     <common>
 0003:000ec6e4       _xpcInpDW                  101406e4     <common>
 0003:000ec6e8       _slTestRegAssessment       101406e8     <common>
 0003:000ec6ec       _slTestTerminate           101406ec     <common>
 0003:000ec6f0       _slTestEvalOnFail          101406f0     <common>
 0003:000ec6f4       _slTestLogAssessments      101406f4     <common>
 0003:000ec6f8       _slTestInitialize          101406f8     <common>
 0003:000ec6fc       _unRegisterPTPTimeRead     101406fc     <common>
 0003:000ec700       _registerPTPTimeRead       10140700     <common>
 0003:000ec704       _slrteGetCurrentStepSize   10140704     <common>
 0003:000ec708       _slrteSetStepSizeDelta     10140708     <common>
 0003:000ec70c       _xpceGetIntTimerGranularityNS 1014070c     <common>
 0003:000ec710       _sendToAsyncQueueTgtAppSvc 10140710     <common>
 0003:000ec714       _terminateToAsyncQueueTgtAppSvc 10140714     <common>
 0003:000ec718       _startToAsyncQueueTgtAppSvc 10140718     <common>
 0003:000ec71c       _getStatusFlags            1014071c     <common>
 0003:000ec720       _getCommService            10140720     <common>
 0003:000ec724       _getMemoryService          10140724     <common>
 0003:000ec728       _StreamVideo               10140728     <common>
 0003:000ec72c       _StopVideoDisplay          1014072c     <common>
 0003:000ec730       _StartVideoDisplay         10140730     <common>
 0003:000ec734       _DestroyVideoDisplay       10140734     <common>
 0003:000ec738       _CreateVideoDisplay        10140738     <common>
 0003:000ec73c       _ConvertUImage             1014073c     <common>
 0003:000ec740       _StopVideo                 10140740     <common>
 0003:000ec744       _ReadFrameBuffer           10140744     <common>
 0003:000ec748       _StartVideo                10140748     <common>
 0003:000ec74c       _GetVideoConfigs           1014074c     <common>
 0003:000ec750       _FindUsbVideoDevice        10140750     <common>
 0003:000ec754       _xpceDeleteSemaphore       10140754     <common>
 0003:000ec758       _xpceSignalSemaphore       10140758     <common>
 0003:000ec75c       _xpceWaitSemaphore         1014075c     <common>
 0003:000ec760       _xpceCreateSemaphore       10140760     <common>
 0003:000ec764       _TBGiveSpinFast            10140764     <common>
 0003:000ec768       _TBTakeSpinFast            10140768     <common>
 0003:000ec76c       _TBDeleteSpin              1014076c     <common>
 0003:000ec770       _TBCreateSpin              10140770     <common>
 0003:000ec774       _xpceScopeAcqOK            10140774     <common>
 0003:000ec778       _rl32eRestartAcquisition   10140778     <common>
 0003:000ec77c       _rl32eSetTargetScopeSigFt  1014077c     <common>
 0003:000ec780       _rl32eSetTargetScope       10140780     <common>
 0003:000ec784       _xpceFSScopeSet            10140784     <common>
 0003:000ec788       _rl32eSetScope             10140788     <common>
 0003:000ec78c       _rl32eAddSignal            1014078c     <common>
 0003:000ec790       _rl32eGetSignalNo          10140790     <common>
 0003:000ec794       _rl32eDefScope             10140794     <common>
 0003:000ec798       _rl32eScopeExists          10140798     <common>
 0003:000ec79c       _xpceUDPClose              1014079c     <common>
 0003:000ec7a0       _xpceUDPReceive            101407a0     <common>
 0003:000ec7a4       _xpceUDPSend               101407a4     <common>
 0003:000ec7a8       _xpceUDPOpenReceive        101407a8     <common>
 0003:000ec7ac       _xpceUDPOpenSend           101407ac     <common>
 0003:000ec7b0       _rl32eSendBlock            101407b0     <common>
 0003:000ec7b4       _rl32eLineStatus           101407b4     <common>
 0003:000ec7b8       _rl32eReceiveBufferCount   101407b8     <common>
 0003:000ec7bc       _rl32eReceiveChar          101407bc     <common>
 0003:000ec7c0       _rl32eSendChar             101407c0     <common>
 0003:000ec7c4       _rl32eCloseCOMPort         101407c4     <common>
 0003:000ec7c8       _rl32eInitCOMPort          101407c8     <common>
 0003:000ec7cc       _xpceGetParamDims          101407cc     <common>
 0003:000ec7d0       _xpceGetParameter          101407d0     <common>
 0003:000ec7d4       _xpceSetParameter          101407d4     <common>
 0003:000ec7d8       _xpceGetSignalValue        101407d8     <common>
 0003:000ec7dc       _xpceAssignPCIInterrupt    101407dc     <common>
 0003:000ec7e0       _rl32eGetPCIInfoAtSlot     101407e0     <common>
 0003:000ec7e4       _rl32eGetPCIInfo           101407e4     <common>
 0003:000ec7e8       _rl32eShowPCIInfo          101407e8     <common>
 0003:000ec7ec       _rl32eShowPCIDev           101407ec     <common>
 0003:000ec7f0       _xpceGetTET                101407f0     <common>
 0003:000ec7f4       _xpceFTSubtract            101407f4     <common>
 0003:000ec7f8       _xpceFTAdd                 101407f8     <common>
 0003:000ec7fc       _xpceFTReadTime            101407fc     <common>
 0003:000ec800       ___unguarded_readlc_active 10140800     <common>
 0003:000ec810       ___setlc_active            10140810     <common>
 0003:000ec814       __nhandle                  10140814     <common>
 0003:000ec820       _encodedKERNEL32Functions  10140820     <common>
 0003:000ec8c8       __debugger_hook_dummy      101408c8     <common>
 0003:000ec8d4       __pDestructExceptionObject 101408d4     <common>
 0003:000ec8e0       __acmdln                   101408e0     <common>
 0003:000ec900       __bufin                    10140900     <common>
 0003:000edc3c       ___piob                    10141c3c     <common>
 0003:000edc40       __nstream                  10141c40     <common>
 0003:000edc44       ___dyn_tls_init_callback   10141c44     <common>
 0003:000edc54       ___onexitend               10141c54     <common>
 0003:000edc58       ___onexitbegin             10141c58     <common>
 0003:000edc5c       ___mbctype_initialized     10141c5c     <common>
 0003:000edc60       ___env_initialized         10141c60     <common>
 0004:00000000       __imp__GetModuleHandleA@4  10142000     kernel32:KERNEL32.dll
 0004:00000004       __imp__GetProcAddress@8    10142004     kernel32:KERNEL32.dll
 0004:00000008       __imp__HeapAlloc@12        10142008     kernel32:KERNEL32.dll
 0004:0000000c       __imp__IsDebuggerPresent@0 1014200c     kernel32:KERNEL32.dll
 0004:00000010       __imp__IsProcessorFeaturePresent@4 10142010     kernel32:KERNEL32.dll
 0004:00000014       __imp__EncodePointer@4     10142014     kernel32:KERNEL32.dll
 0004:00000018       __imp__DecodePointer@4     10142018     kernel32:KERNEL32.dll
 0004:0000001c       __imp__GetLastError@0      1014201c     kernel32:KERNEL32.dll
 0004:00000020       __imp__ExitProcess@4       10142020     kernel32:KERNEL32.dll
 0004:00000024       __imp__GetModuleHandleExW@12 10142024     kernel32:KERNEL32.dll
 0004:00000028       __imp__AreFileApisANSI@0   10142028     kernel32:KERNEL32.dll
 0004:0000002c       __imp__MultiByteToWideChar@24 1014202c     kernel32:KERNEL32.dll
 0004:00000030       __imp__WideCharToMultiByte@32 10142030     kernel32:KERNEL32.dll
 0004:00000034       __imp__HeapFree@12         10142034     kernel32:KERNEL32.dll
 0004:00000038       __imp__HeapReAlloc@16      10142038     kernel32:KERNEL32.dll
 0004:0000003c       __imp__EnterCriticalSection@4 1014203c     kernel32:KERNEL32.dll
 0004:00000040       __imp__LeaveCriticalSection@4 10142040     kernel32:KERNEL32.dll
 0004:00000044       __imp__GetStdHandle@4      10142044     kernel32:KERNEL32.dll
 0004:00000048       __imp__GetFileType@4       10142048     kernel32:KERNEL32.dll
 0004:0000004c       __imp__GetModuleFileNameW@12 1014204c     kernel32:KERNEL32.dll
 0004:00000050       __imp__WriteConsoleW@20    10142050     kernel32:KERNEL32.dll
 0004:00000054       __imp__GetCommandLineA@0   10142054     kernel32:KERNEL32.dll
 0004:00000058       __imp__GetCurrentThreadId@0 10142058     kernel32:KERNEL32.dll
 0004:0000005c       __imp__WriteFile@20        1014205c     kernel32:KERNEL32.dll
 0004:00000060       __imp__GetProcessHeap@0    10142060     kernel32:KERNEL32.dll
 0004:00000064       __imp__RaiseException@16   10142064     kernel32:KERNEL32.dll
 0004:00000068       __imp__UnhandledExceptionFilter@4 10142068     kernel32:KERNEL32.dll
 0004:0000006c       __imp__SetUnhandledExceptionFilter@4 1014206c     kernel32:KERNEL32.dll
 0004:00000070       __imp__SetLastError@4      10142070     kernel32:KERNEL32.dll
 0004:00000074       __imp__InitializeCriticalSectionAndSpinCount@8 10142074     kernel32:KERNEL32.dll
 0004:00000078       __imp__CreateEventW@16     10142078     kernel32:KERNEL32.dll
 0004:0000007c       __imp__Sleep@4             1014207c     kernel32:KERNEL32.dll
 0004:00000080       __imp__GetCurrentProcess@0 10142080     kernel32:KERNEL32.dll
 0004:00000084       __imp__TerminateProcess@8  10142084     kernel32:KERNEL32.dll
 0004:00000088       __imp__TlsAlloc@0          10142088     kernel32:KERNEL32.dll
 0004:0000008c       __imp__TlsGetValue@4       1014208c     kernel32:KERNEL32.dll
 0004:00000090       __imp__TlsSetValue@8       10142090     kernel32:KERNEL32.dll
 0004:00000094       __imp__TlsFree@4           10142094     kernel32:KERNEL32.dll
 0004:00000098       __imp__GetStartupInfoW@4   10142098     kernel32:KERNEL32.dll
 0004:0000009c       __imp__GetTickCount@0      1014209c     kernel32:KERNEL32.dll
 0004:000000a0       __imp__GetModuleHandleW@4  101420a0     kernel32:KERNEL32.dll
 0004:000000a4       __imp__CreateSemaphoreW@16 101420a4     kernel32:KERNEL32.dll
 0004:000000a8       __imp__DeleteCriticalSection@4 101420a8     kernel32:KERNEL32.dll
 0004:000000ac       __imp__FatalAppExitA@8     101420ac     kernel32:KERNEL32.dll
 0004:000000b0       __imp__SetConsoleCtrlHandler@8 101420b0     kernel32:KERNEL32.dll
 0004:000000b4       __imp__FreeLibrary@4       101420b4     kernel32:KERNEL32.dll
 0004:000000b8       __imp__LoadLibraryExW@12   101420b8     kernel32:KERNEL32.dll
 0004:000000bc       __imp__IsValidCodePage@4   101420bc     kernel32:KERNEL32.dll
 0004:000000c0       __imp__GetACP@0            101420c0     kernel32:KERNEL32.dll
 0004:000000c4       __imp__GetOEMCP@0          101420c4     kernel32:KERNEL32.dll
 0004:000000c8       __imp__GetCPInfo@8         101420c8     kernel32:KERNEL32.dll
 0004:000000cc       __imp__CloseHandle@4       101420cc     kernel32:KERNEL32.dll
 0004:000000d0       __imp__RtlUnwind@16        101420d0     kernel32:KERNEL32.dll
 0004:000000d4       __imp__ReadFile@20         101420d4     kernel32:KERNEL32.dll
 0004:000000d8       __imp__GetConsoleMode@8    101420d8     kernel32:KERNEL32.dll
 0004:000000dc       __imp__ReadConsoleW@20     101420dc     kernel32:KERNEL32.dll
 0004:000000e0       __imp__GetConsoleCP@0      101420e0     kernel32:KERNEL32.dll
 0004:000000e4       __imp__DeleteFileW@4       101420e4     kernel32:KERNEL32.dll
 0004:000000e8       __imp__SetFilePointerEx@20 101420e8     kernel32:KERNEL32.dll
 0004:000000ec       __imp__OutputDebugStringW@4 101420ec     kernel32:KERNEL32.dll
 0004:000000f0       __imp__GetCurrentThread@0  101420f0     kernel32:KERNEL32.dll
 0004:000000f4       __imp__GetModuleFileNameA@12 101420f4     kernel32:KERNEL32.dll
 0004:000000f8       __imp__QueryPerformanceCounter@4 101420f8     kernel32:KERNEL32.dll
 0004:000000fc       __imp__GetCurrentProcessId@0 101420fc     kernel32:KERNEL32.dll
 0004:00000100       __imp__GetSystemTimeAsFileTime@4 10142100     kernel32:KERNEL32.dll
 0004:00000104       __imp__GetEnvironmentStringsW@0 10142104     kernel32:KERNEL32.dll
 0004:00000108       __imp__FreeEnvironmentStringsW@4 10142108     kernel32:KERNEL32.dll
 0004:0000010c       __imp__HeapSize@12         1014210c     kernel32:KERNEL32.dll
 0004:00000110       __imp__GetDateFormatW@24   10142110     kernel32:KERNEL32.dll
 0004:00000114       __imp__GetTimeFormatW@24   10142114     kernel32:KERNEL32.dll
 0004:00000118       __imp__CompareStringW@24   10142118     kernel32:KERNEL32.dll
 0004:0000011c       __imp__LCMapStringW@24     1014211c     kernel32:KERNEL32.dll
 0004:00000120       __imp__GetLocaleInfoW@16   10142120     kernel32:KERNEL32.dll
 0004:00000124       __imp__IsValidLocale@8     10142124     kernel32:KERNEL32.dll
 0004:00000128       __imp__GetUserDefaultLCID@0 10142128     kernel32:KERNEL32.dll
 0004:0000012c       __imp__EnumSystemLocalesW@8 1014212c     kernel32:KERNEL32.dll
 0004:00000130       __imp__GetStringTypeW@16   10142130     kernel32:KERNEL32.dll
 0004:00000134       __imp__FlushFileBuffers@4  10142134     kernel32:KERNEL32.dll
 0004:00000138       __imp__SetStdHandle@8      10142138     kernel32:KERNEL32.dll
 0004:0000013c       __imp__CreateFileW@28      1014213c     kernel32:KERNEL32.dll
 0004:00000140       __imp__SetEndOfFile@4      10142140     kernel32:KERNEL32.dll
 0004:00000144       \177KERNEL32_NULL_THUNK_DATA 10142144     kernel32:KERNEL32.dll
 0004:000001b0       __IMPORT_DESCRIPTOR_KERNEL32 101421b0     kernel32:KERNEL32.dll
 0004:000001c4       __NULL_IMPORT_DESCRIPTOR   101421c4     kernel32:KERNEL32.dll

 entry point at        0001:00017d5b

