 Hybrid_PID_xpc

 Timestamp is 587ac4e6 (Sat Jan 14 19:40:06 2017)

 Preferred load address is 10000000

 Start         Length     Name                   Class
 0001:00000000 00041bd0H .text$mn                CODE
 0002:00000000 00000104H .CRT$XCA                DATA
 0002:00000104 00000104H .CRT$XCZ                DATA
 0002:00000208 00000104H .CRT$XIA                DATA
 0002:0000030c 00000113H .CRT$XIC                DATA
 0002:00000420 00000104H .CRT$XIZ                DATA
 0002:00000524 00000104H .CRT$XPA                DATA
 0002:00000628 00000109H .CRT$XPX                DATA
 0002:00000734 00000104H .CRT$XPXA               DATA
 0002:00000838 00000104H .CRT$XPZ                DATA
 0002:0000093c 00000104H .CRT$XTA                DATA
 0002:00000a40 00000104H .CRT$XTZ                DATA
 0002:00000b50 0001007eH .rdata                  DATA
 0002:00010bd0 000001a3H .rdata$debug            DATA
 0002:00010d80 0000010eH .rdata$sxdata           DATA
 0002:00010e90 00000104H .rtc$IAA                DATA
 0002:00010f94 00000104H .rtc$IZZ                DATA
 0002:00011098 00000104H .rtc$TAA                DATA
 0002:0001119c 00000104H .rtc$TZZ                DATA
 0002:000112a0 00000991H .xdata$x                DATA
 0002:00011c40 00000217H .edata                  DATA
 0003:00000000 0008fe4bH .data                   DATA
 0003:0008fe60 00017ae4H .bss                    DATA
 0004:00000000 000001b0H .idata$5                DATA
 0004:000001b0 00000014H .idata$2                DATA
 0004:000001c4 00000014H .idata$3                DATA
 0004:000001d8 000001b0H .idata$4                DATA
 0004:00000388 0000076bH .idata$6                DATA

  Address         Publics by Value              Rva+Base       Lib:Object

 0000:00000000       __except_list              00000000     <absolute>
 0000:00000000       ___guard_flags             00000000     <absolute>
 0000:00000000       ___guard_fids_count        00000000     <absolute>
 0000:00000000       ___guard_fids_table        00000000     <absolute>
 0000:00000003       ___safe_se_handler_count   00000003     <absolute>
 0000:00000000       ___ImageBase               10000000     <linker-defined>
 0001:000003b0       _Hybrid_PID                100013b0 f   Hybrid_PID.obj
 0001:00002660       _Hybrid_PID_Deadbandpulsecounter 10003660 f   Hybrid_PID.obj
 0001:000026c0       _Hybrid_PID_derivatives    100036c0 f   Hybrid_PID.obj
 0001:00002730       _Hybrid_PID_initialize     10003730 f   Hybrid_PID.obj
 0001:000039a0       _Hybrid_PID_output         100049a0 f   Hybrid_PID.obj
 0001:00004c60       _Hybrid_PID_terminate      10005c60 f   Hybrid_PID.obj
 0001:00004d30       _Hybrid_PID_update         10005d30 f   Hybrid_PID.obj
 0001:00004e90       _MWDSP_EPH_R_B             10005e90 f   Hybrid_PID.obj
 0001:00004f50       _MWDSP_EPH_R_D             10005f50 f   Hybrid_PID.obj
 0001:00005020       _MdlInitialize             10006020 f   Hybrid_PID.obj
 0001:00005030       _MdlInitializeSampleTimes  10006030 f   Hybrid_PID.obj
 0001:00005040       _MdlInitializeSizes        10006040 f   Hybrid_PID.obj
 0001:00005050       _MdlOutputs                10006050 f   Hybrid_PID.obj
 0001:00005060       _MdlStart                  10006060 f   Hybrid_PID.obj
 0001:00005070       _MdlTerminate              10006070 f   Hybrid_PID.obj
 0001:00005080       _MdlUpdate                 10006080 f   Hybrid_PID.obj
 0001:00005090       _plook_u32d_evencka        10006090 f   Hybrid_PID.obj
 0001:00005100       _rt_ODECreateIntegrationData 10006100 f   Hybrid_PID.obj
 0001:00005110       _rt_ODEDestroyIntegrationData 10006110 f   Hybrid_PID.obj
 0001:00005120       _rt_ODEUpdateContinuousStates 10006120 f   Hybrid_PID.obj
 0001:00005720       _Hybrid_PID_GetCAPIStaticMap 10006720 f   Hybrid_PID_capi.obj
 0001:00005730       _Hybrid_PID_InitializeDataMapInfo 10006730 f   Hybrid_PID_capi.obj
 0001:000057c0       _TgtConnBackgroundTask     100067c0 f   Hybrid_PID_tgtconn.obj
 0001:000057d0       _TgtConnInit               100067d0 f   Hybrid_PID_tgtconn.obj
 0001:000057f0       _TgtConnPostStep           100067f0 f   Hybrid_PID_tgtconn.obj
 0001:00005800       _TgtConnPreStep            10006800 f   Hybrid_PID_tgtconn.obj
 0001:00005810       _TgtConnTerm               10006810 f   Hybrid_PID_tgtconn.obj
 0001:00005820       _rtGetInf                  10006820 f   rtGetInf.obj
 0001:00005850       _rtGetInfF                 10006850 f   rtGetInf.obj
 0001:00005870       _rtGetMinusInf             10006870 f   rtGetInf.obj
 0001:000058a0       _rtGetMinusInfF            100068a0 f   rtGetInf.obj
 0001:000058c0       _rtGetNaN                  100068c0 f   rtGetNaN.obj
 0001:000058f0       _rtGetNaNF                 100068f0 f   rtGetNaN.obj
 0001:00006220       _rt_CreateLogVar           10007220 f   rt_logging.obj
 0001:000062b0       _rt_CreateLogVarWithConvert 100072b0 f   rt_logging.obj
 0001:00006c30       _rt_CreateStructLogVar     10007c30 f   rt_logging.obj
 0001:000079a0       _rt_GetMxIdFromDTypeId     100089a0 f   rt_logging.obj
 0001:000079d0       _rt_GetMxIdFromDTypeIdForRSim 100089d0 f   rt_logging.obj
 0001:0000a310       _rt_StartDataLogging       1000b310 f   rt_logging.obj
 0001:0000a7d0       _rt_StartDataLoggingWithStartTime 1000b7d0 f   rt_logging.obj
 0001:0000b130       _rt_StopDataLogging        1000c130 f   rt_logging.obj
 0001:0000b150       _rt_StopDataLoggingImpl    1000c150 f   rt_logging.obj
 0001:0000b470       _rt_UpdateLogVar           1000c470 f   rt_logging.obj
 0001:0000c830       _rt_UpdateStructLogVar     1000d830 f   rt_logging.obj
 0001:0000c8c0       _rt_UpdateTXXFYLogVars     1000d8c0 f   rt_logging.obj
 0001:0000cc00       _rt_UpdateTXYLogVars       1000dc00 f   rt_logging.obj
 0001:0000ce50       _rt_CleanUpForStateLogWithMMI 1000de50 f   rt_logging_mmi.obj
 0001:0000cf60       _rt_FillStateSigInfoFromMMI 1000df60 f   rt_logging_mmi.obj
 0001:0000d310       _rt_mxCreateCharMatrixFromStrings 1000e310 f   rt_matrx.obj
 0001:0000d460       _rt_mxCreateDoubleMatrix   1000e460 f   rt_matrx.obj
 0001:0000d4c0       _rt_mxCreateNumericArray   1000e4c0 f   rt_matrx.obj
 0001:0000d540       _rt_mxCreateString         1000e540 f   rt_matrx.obj
 0001:0000d5d0       _rt_mxDuplicateArray       1000e5d0 f   rt_matrx.obj
 0001:0000d630       _rt_mxGetDimensions        1000e630 f   rt_matrx.obj
 0001:0000d670       _rt_mxGetEps               1000e670 f   rt_matrx.obj
 0001:0000d680       _rt_mxGetString            1000e680 f   rt_matrx.obj
 0001:0000d700       _rtIsInf                   1000e700 f   rt_nonfinite.obj
 0001:0000d740       _rtIsInfF                  1000e740 f   rt_nonfinite.obj
 0001:0000d780       _rtIsNaN                   1000e780 f   rt_nonfinite.obj
 0001:0000d7a0       _rtIsNaNF                  1000e7a0 f   rt_nonfinite.obj
 0001:0000d7c0       _rt_InitInfAndNaN          1000e7c0 f   rt_nonfinite.obj
 0001:0000d820       _rtPrintfNoOp              1000e820 f   rt_printf.obj
 0001:0000d830       _rtwCAPI_CountSysRan       1000e830 f   rtw_modelmap_utils.obj
 0001:0000d8d0       _rtwCAPI_EncodePath        1000e8d0 f   rtw_modelmap_utils.obj
 0001:0000d9c0       _rtwCAPI_FillSysRan        1000e9c0 f   rtw_modelmap_utils.obj
 0001:0000dab0       _rtwCAPI_FreeFullPaths     1000eab0 f   rtw_modelmap_utils.obj
 0001:0000db40       _rtwCAPI_GetFullStateBlockPath 1000eb40 f   rtw_modelmap_utils.obj
 0001:0000dcf0       _rtwCAPI_GetNumContStateRecords 1000ecf0 f   rtw_modelmap_utils.obj
 0001:0000ddb0       _rtwCAPI_GetNumSigLogRecords 1000edb0 f   rtw_modelmap_utils.obj
 0001:0000de00       _rtwCAPI_GetNumSigLogRecordsForRTWLogging 1000ee00 f   rtw_modelmap_utils.obj
 0001:0000de90       _rtwCAPI_GetNumStateRecords 1000ee90 f   rtw_modelmap_utils.obj
 0001:0000dee0       _rtwCAPI_GetNumStateRecordsForRTWLogging 1000eee0 f   rtw_modelmap_utils.obj
 0001:0000df70       _rtwCAPI_GetSigAddrFromMap 1000ef70 f   rtw_modelmap_utils.obj
 0001:0000e030       _rtwCAPI_GetSigLogRecordInfo 1000f030 f   rtw_modelmap_utils.obj
 0001:0000e460       _rtwCAPI_GetStateRecordInfo 1000f460 f   rtw_modelmap_utils.obj
 0001:0000e910       _rtwCAPI_GetStateWidth     1000f910 f   rtw_modelmap_utils.obj
 0001:0000e970       _rtwCAPI_HasStates         1000f970 f   rtw_modelmap_utils.obj
 0001:0000e9e0       _rtwCAPI_UpdateFullPaths   1000f9e0 f   rtw_modelmap_utils.obj
 0001:0000ebc0       _DllMain@12                1000fbc0 f   xpctarget.obj
 0001:0000ebd0       _Hybrid_PID_ChangeStepSize 1000fbd0 f   xpctarget.obj
 0001:0000ec40       _SLRTSetErrorStatus        1000fc40 f   xpctarget.obj
 0001:0000ec60       _changeStepSize            1000fc60 f   xpctarget.obj
 0001:0000ecd0       _getDLMVersion             1000fcd0 f   xpctarget.obj
 0001:0000ece0       _getRefMdlPath             1000fce0 f   xpctarget.obj
 0001:0000ed60       _getRefMdlSignalNumber     1000fd60 f   xpctarget.obj
 0001:0000ee10       _getrlmdlinfo              1000fe10 f   xpctarget.obj
 0001:0000eff0       _updateDiscreteEvents      1000fff0 f   xpctarget.obj
 0001:0000f000       _getNumRef                 10010000 f   appmappingData.obj
 0001:0000f010       _encconteccnt328mpci       10010010 f   encconteccnt328mpci.obj
 0001:00010ae0       _xpcudpbytereceive         10011ae0 f   xpcudpbytereceive.obj
 0001:00010f20       _dacbpcidda0x12            10011f20 f   dacbpcidda0x12.obj
 0001:00011ac0       _dopci8255                 10012ac0 f   dopci8255.obj
 0001:000129d0       _dipci8255                 100139d0 f   dipci8255.obj
 0001:00013570       _GetPCIDeviceFull          10014570 f   xpcruntime:xpcimports.obj
 0001:000135a0       _ShowPCIDevice             100145a0 f   xpcruntime:xpcimports.obj
 0001:00013c10       _xpcGetPciConfigAtSlot     10014c10 f   xpcruntime:xpcimports.obj
 0001:00013e90       _xpcInitProcs              10014e90 f   xpcruntime:xpcimports.obj
 0001:000149f0       _xpceuploadevent           100159f0 f   xpcruntime:xpcimports.obj
 0001:000149f1       __heap_alloc               100159f1 f i LIBCMT:malloc.obj
 0001:00014a2e       _malloc                    10015a2e f   LIBCMT:malloc.obj
 0001:00014ac0       __get_printf_count_output  10015ac0 f   LIBCMT:printf.obj
 0001:00014ad5       __printf_l                 10015ad5 f   LIBCMT:printf.obj
 0001:00014aec       __printf_p                 10015aec f   LIBCMT:printf.obj
 0001:00014b02       __printf_p_l               10015b02 f   LIBCMT:printf.obj
 0001:00014b19       __printf_s_l               10015b19 f   LIBCMT:printf.obj
 0001:00014b30       __set_printf_count_output  10015b30 f   LIBCMT:printf.obj
 0001:00014b58       _printf                    10015b58 f   LIBCMT:printf.obj
 0001:00014c07       _printf_s                  10015c07 f   LIBCMT:printf.obj
 0001:00014c20       __ftoui3                   10015c20 f   LIBCMT:ftol3.obj
 0001:00014c2f       __ftoul3                   10015c2f f   LIBCMT:ftol3.obj
 0001:00014c3e       __ftol3                    10015c3e f   LIBCMT:ftol3.obj
 0001:00014c4b       __ftol3_NaN                10015c4b f   LIBCMT:ftol3.obj
 0001:00014c63       __ftol3_work               10015c63 f   LIBCMT:ftol3.obj
 0001:00014ce9       __ftol3_common             10015ce9 f   LIBCMT:ftol3.obj
 0001:00014dab       __ftol3_arg_error          10015dab f   LIBCMT:ftol3.obj
 0001:00014dbd       __ftol3_except             10015dbd f   LIBCMT:ftol3.obj
 0001:00014dff       __dtoui3                   10015dff f   LIBCMT:ftol3.obj
 0001:00014e0e       __dtoul3                   10015e0e f   LIBCMT:ftol3.obj
 0001:00014e1d       __dtol3                    10015e1d f   LIBCMT:ftol3.obj
 0001:00014e2a       __dtol3_NaN                10015e2a f   LIBCMT:ftol3.obj
 0001:00014e47       __dtol3_work               10015e47 f   LIBCMT:ftol3.obj
 0001:00014f2c       __ultod3                   10015f2c f   LIBCMT:ftol3.obj
 0001:00014fbd       __ltod3                    10015fbd f   LIBCMT:ftol3.obj
 0001:00014ff0       _memcpy                    10015ff0 f   LIBCMT:memcpy.obj
 0001:00015640       _memset                    10016640 f   LIBCMT:memset.obj
 0001:000156d0       __fpmath                   100166d0 f   LIBCMT:fpinit.obj
 0001:000156e7       ___setfflag                100166e7 f   LIBCMT:fpinit.obj
 0001:000156fa       __cfltcvt_init             100166fa f   LIBCMT:fpinit.obj
 0001:0001575a       ___raise_securityfailure   1001675a f   LIBCMT:gs_report.obj
 0001:00015797       ___report_gsfailure        10016797 f   LIBCMT:gs_report.obj
 0001:00015892       ___report_rangecheckfailure 10016892 f   LIBCMT:gs_report.obj
 0001:0001589e       ___report_securityfailure  1001689e f   LIBCMT:gs_report.obj
 0001:0001596e       ___report_securityfailureEx 1001696e f   LIBCMT:gs_report.obj
 0001:00015a84       ___copy_path_to_wide_string 10016a84 f   LIBCMT:crt0dat.obj
 0001:00015b36       ___copy_to_char            10016b36 f   LIBCMT:crt0dat.obj
 0001:00015beb       ___crtCorExitProcess       10016beb f   LIBCMT:crt0dat.obj
 0001:00015c1f       ___crtExitProcess          10016c1f f   LIBCMT:crt0dat.obj
 0001:00015c35       ___freeCrtMemory           10016c35 f   LIBCMT:crt0dat.obj
 0001:00015d42       __amsg_exit                10016d42 f   LIBCMT:crt0dat.obj
 0001:00015d5e       __c_exit                   10016d5e f   LIBCMT:crt0dat.obj
 0001:00015d6d       __cexit                    10016d6d f   LIBCMT:crt0dat.obj
 0001:00015d7c       __cinit                    10016d7c f   LIBCMT:crt0dat.obj
 0001:00015e00       __exit                     10016e00 f   LIBCMT:crt0dat.obj
 0001:00015e14       __exit_app                 10016e14 f   LIBCMT:crt0dat.obj
 0001:00015e22       __get_pgmptr               10016e22 f   LIBCMT:crt0dat.obj
 0001:00015e51       __get_wpgmptr              10016e51 f   LIBCMT:crt0dat.obj
 0001:00015e80       __init_pointers            10016e80 f   LIBCMT:crt0dat.obj
 0001:00015eee       __initterm_e               10016eee f   LIBCMT:crt0dat.obj
 0001:00015f10       __lockexit                 10016f10 f   LIBCMT:crt0dat.obj
 0001:00015f19       __unlockexit               10016f19 f   LIBCMT:crt0dat.obj
 0001:00016051       _exit                      10017051 f   LIBCMT:crt0dat.obj
 0001:00016065       _calloc                    10017065 f   LIBCMT:calloc.obj
 0001:000160a5       _free                      100170a5 f   LIBCMT:free.obj
 0001:000160dd       _realloc                   100170dd f   LIBCMT:realloc.obj
 0001:00016190       _memmove                   10017190 f   LIBCMT:memmove.obj
 0001:000167e0       _strchr                    100177e0 f   LIBCMT:strchr.obj
 0001:0001684e       ___from_strstr_to_strchr   1001784e     LIBCMT:strchr.obj
 0001:00016910       _strncat                   10017910 f   LIBCMT:strncat.obj
 0001:00016a50       _strncpy                   10017a50 f   LIBCMT:strncpy.obj
 0001:00016b74       ___initstdio               10017b74 f   LIBCMT:_file.obj
 0001:00016be7       ___endstdio                10017be7 f   LIBCMT:_file.obj
 0001:00016c0e       ___iob_func                10017c0e f   LIBCMT:_file.obj
 0001:00016c14       __lock_file                10017c14 f   LIBCMT:_file.obj
 0001:00016c53       __lock_file2               10017c53 f   LIBCMT:_file.obj
 0001:00016c83       __unlock_file              10017c83 f   LIBCMT:_file.obj
 0001:00016cbd       __unlock_file2             10017cbd f   LIBCMT:_file.obj
 0001:00016cea       __fclose_nolock            10017cea f   LIBCMT:fclose.obj
 0001:00016d56       _fclose                    10017d56 f   LIBCMT:fclose.obj
 0001:00016dcd       __fsopen                   10017dcd f   LIBCMT:fopen.obj
 0001:00016e91       _fopen                     10017e91 f   LIBCMT:fopen.obj
 0001:00016ea6       _fopen_s                   10017ea6 f   LIBCMT:fopen.obj
 0001:00016eeb       __fprintf_l                10017eeb f   LIBCMT:fprintf.obj
 0001:00016f05       __fprintf_p                10017f05 f   LIBCMT:fprintf.obj
 0001:00016f1e       __fprintf_p_l              10017f1e f   LIBCMT:fprintf.obj
 0001:00016f38       __fprintf_s_l              10017f38 f   LIBCMT:fprintf.obj
 0001:00016f52       _fprintf                   10017f52 f   LIBCMT:fprintf.obj
 0001:00017064       _fprintf_s                 10018064 f   LIBCMT:fprintf.obj
 0001:0001707d       __fread_nolock             1001807d f   LIBCMT:fread.obj
 0001:00017098       __fread_nolock_s           10018098 f   LIBCMT:fread.obj
 0001:0001725d       _fread                     1001825d f   LIBCMT:fread.obj
 0001:00017278       _fread_s                   10018278 f   LIBCMT:fread.obj
 0001:00017309       __fwrite_nolock            10018309 f   LIBCMT:fwrite.obj
 0001:00017462       _fwrite                    10018462 f   LIBCMT:fwrite.obj
 0001:000174e4       __unlink                   100184e4 f   LIBCMT:unlink.obj
 0001:000174ed       _remove                    100184ed f   LIBCMT:unlink.obj
 0001:0001752f       _rewind                    1001852f f   LIBCMT:rewind.obj
 0001:000175ee       __scprintf                 100185ee f   LIBCMT:sprintf.obj
 0001:00017601       __scprintf_l               10018601 f   LIBCMT:sprintf.obj
 0001:00017618       __scprintf_p               10018618 f   LIBCMT:sprintf.obj
 0001:0001762b       __scprintf_p_l             1001862b f   LIBCMT:sprintf.obj
 0001:00017642       __snprintf_s               10018642 f   LIBCMT:sprintf.obj
 0001:00017661       __snprintf_s_l             10018661 f   LIBCMT:sprintf.obj
 0001:00017681       __sprintf_l                10018681 f   LIBCMT:sprintf.obj
 0001:0001769b       __sprintf_p                1001869b f   LIBCMT:sprintf.obj
 0001:000176b7       __sprintf_p_l              100186b7 f   LIBCMT:sprintf.obj
 0001:000176d4       __sprintf_s_l              100186d4 f   LIBCMT:sprintf.obj
 0001:000176f1       _sprintf                   100186f1 f   LIBCMT:sprintf.obj
 0001:00017775       _sprintf_s                 10018775 f   LIBCMT:sprintf.obj
 0001:00017791       _ldexp                     10018791 f   LIBCMT:ldexp.obj
 0001:0001797d       @__security_check_cookie@4 1001897d f   LIBCMT:secchk.obj
 0001:0001798c       ___isa_available_init      1001898c f   LIBCMT:cpu_disp.obj
 0001:00017b05       __invoke_watson_if_error   10018b05 f i LIBCMT:wassert.obj
 0001:00017b25       __wassert                  10018b25 f   LIBCMT:wassert.obj
 0001:000181c9       __CRT_INIT@12              100191c9 f   LIBCMT:dllcrt0.obj
 0001:0001833b       __DllMainCRTStartup@12     1001933b f   LIBCMT:dllcrt0.obj
 0001:0001846c       ___DllXcptFilter           1001946c f   LIBCMT:dllcrt0.obj
 0001:00018491       ?_query_new_handler@@YAP6AHI@ZXZ 10019491 f   LIBCMT:handler.obj
 0001:0001849e       ?_set_new_handler@@YAP6AHI@ZH@Z 1001949e f   LIBCMT:handler.obj
 0001:000184a7       ?_set_new_handler@@YAP6AHI@ZP6AHI@Z@Z 100194a7 f   LIBCMT:handler.obj
 0001:000184dc       __callnewh                 100194dc f   LIBCMT:handler.obj
 0001:00018502       __initp_heap_handler       10019502 f   LIBCMT:handler.obj
 0001:0001850f       __FF_MSGBANNER             1001950f f   LIBCMT:crt0msg.obj
 0001:00018548       __GET_RTERRMSG             10019548 f   LIBCMT:crt0msg.obj
 0001:0001856c       __NMSG_WRITE               1001956c f   LIBCMT:crt0msg.obj
 0001:00018729       ___doserrno                10019729 f   LIBCMT:dosmap.obj
 0001:0001873c       __dosmaperr                1001973c f   LIBCMT:dosmap.obj
 0001:0001875d       __errno                    1001975d f   LIBCMT:dosmap.obj
 0001:00018770       __get_doserrno             10019770 f   LIBCMT:dosmap.obj
 0001:00018793       __get_errno                10019793 f   LIBCMT:dosmap.obj
 0001:000187b6       __get_errno_from_oserr     100197b6 f   LIBCMT:dosmap.obj
 0001:000187f7       __set_doserrno             100197f7 f   LIBCMT:dosmap.obj
 0001:00018816       __set_errno                10019816 f   LIBCMT:dosmap.obj
 0001:00018835       __get_heap_handle          10019835 f   LIBCMT:heapinit.obj
 0001:0001883b       __heap_init                1001983b f   LIBCMT:heapinit.obj
 0001:00018850       __heap_term                10019850 f   LIBCMT:heapinit.obj
 0001:00018858       ?_invalid_parameter@@YAXPBG00II@Z 10019858 f   LIBCMT:invarg.obj
 0001:0001885d       ?_invoke_watson@@YAXPBG00II@Z 1001985d f   LIBCMT:invarg.obj
 0001:00018875       __call_reportfault         10019875 f   LIBCMT:invarg.obj
 0001:0001899a       __get_invalid_parameter_handler 1001999a f   LIBCMT:invarg.obj
 0001:000189a7       __initp_misc_invarg        100199a7 f   LIBCMT:invarg.obj
 0001:000189b4       __invalid_parameter        100199b4 f   LIBCMT:invarg.obj
 0001:000189df       __invalid_parameter_noinfo 100199df f   LIBCMT:invarg.obj
 0001:000189ef       __invalid_parameter_noinfo_noreturn 100199ef f   LIBCMT:invarg.obj
 0001:00018a0a       __invoke_watson            10019a0a f   LIBCMT:invarg.obj
 0001:00018a35       __set_invalid_parameter_handler 10019a35 f   LIBCMT:invarg.obj
 0001:00018a5a       __vprintf_l                10019a5a f   LIBCMT:vprintf.obj
 0001:00018a75       __vprintf_p                10019a75 f   LIBCMT:vprintf.obj
 0001:00018a8f       __vprintf_p_l              10019a8f f   LIBCMT:vprintf.obj
 0001:00018aaa       __vprintf_s_l              10019aaa f   LIBCMT:vprintf.obj
 0001:00018ac5       _vprintf                   10019ac5 f   LIBCMT:vprintf.obj
 0001:00018adf       _vprintf_helper            10019adf f   LIBCMT:vprintf.obj
 0001:00018b6c       _vprintf_s                 10019b6c f   LIBCMT:vprintf.obj
 0001:00018b86       __ftbuf                    10019b86 f   LIBCMT:_sftbuf.obj
 0001:00018bb7       __stbuf                    10019bb7 f   LIBCMT:_sftbuf.obj
 0001:00018c5d       ??0_LocaleUpdate@@QAE@PAUlocaleinfo_struct@@@Z 10019c5d f i LIBCMT:output.obj
 0001:00018ce5       ??1_LocaleUpdate@@QAE@XZ   10019ce5 f i LIBCMT:output.obj
 0001:00018cf3       ?GetLocaleT@_LocaleUpdate@@QAEPAUlocaleinfo_struct@@XZ 10019cf3 f i LIBCMT:output.obj
 0001:00018cf6       __output_l                 10019cf6 f   LIBCMT:output.obj
 0001:00019876       _get_int64_arg             1001a876 f i LIBCMT:output.obj
 0001:00019889       _get_int_arg               1001a889 f i LIBCMT:output.obj
 0001:00019899       _get_short_arg             1001a899 f i LIBCMT:output.obj
 0001:000199a0       __SEH_prolog4              1001a9a0 f   LIBCMT:sehprolg4.obj
 0001:000199e5       __SEH_epilog4              1001a9e5 f   LIBCMT:sehprolg4.obj
 0001:00019a40       __except_handler4          1001aa40 f   LIBCMT:chandler4.obj
 0001:00019bd4       __errcode                  1001abd4 f   LIBCMT:fpexcept.obj
 0001:00019c06       __except1                  1001ac06 f   LIBCMT:fpexcept.obj
 0001:00019cce       __except2                  1001acce f   LIBCMT:fpexcept.obj
 0001:00019dce       __handle_exc               1001adce f   LIBCMT:fpexcept.obj
 0001:00019fac       __handle_qnan1             1001afac f   LIBCMT:fpexcept.obj
 0001:00019ffc       __handle_qnan2             1001affc f   LIBCMT:fpexcept.obj
 0001:0001a05c       __raise_exc                1001b05c f   LIBCMT:fpexcept.obj
 0001:0001a07d       __raise_exc_ex             1001b07d f   LIBCMT:fpexcept.obj
 0001:0001a362       __raise_excf               1001b362 f   LIBCMT:fpexcept.obj
 0001:0001a383       __set_errno_from_matherr   1001b383 f   LIBCMT:fpexcept.obj
 0001:0001a3b0       __umatherr                 1001b3b0 f   LIBCMT:fpexcept.obj
 0001:0001a450       __VEC_memset               1001b450 f   LIBCMT:p4_memset.obj
 0001:0001a518       ?strrchr@@YAPADPADH@Z      1001b518 f i LIBCMT:cvt.obj
 0001:0001a521       __cfltcvt                  1001b521 f   LIBCMT:cvt.obj
 0001:0001a542       __cfltcvt_l                1001b542 f   LIBCMT:cvt.obj
 0001:0001a5c8       __cftoa                    1001b5c8 f   LIBCMT:cvt.obj
 0001:0001a5e6       __cftoa_l                  1001b5e6 f   LIBCMT:cvt.obj
 0001:0001a942       __cftoe                    1001b942 f   LIBCMT:cvt.obj
 0001:0001aab1       __cftoe_l                  1001bab1 f   LIBCMT:cvt.obj
 0001:0001ab7f       __cftof                    1001bb7f f   LIBCMT:cvt.obj
 0001:0001ac86       __cftof_l                  1001bc86 f   LIBCMT:cvt.obj
 0001:0001ad47       __cftog                    1001bd47 f   LIBCMT:cvt.obj
 0001:0001ad65       __cftog_l                  1001bd65 f   LIBCMT:cvt.obj
 0001:0001ae64       __cropzeros                1001be64 f   LIBCMT:cvt.obj
 0001:0001ae75       __cropzeros_l              1001be75 f   LIBCMT:cvt.obj
 0001:0001aef5       __fassign                  1001bef5 f   LIBCMT:cvt.obj
 0001:0001af0d       __fassign_l                1001bf0d f   LIBCMT:cvt.obj
 0001:0001af4f       __forcdecpt                1001bf4f f   LIBCMT:cvt.obj
 0001:0001af60       __forcdecpt_l              1001bf60 f   LIBCMT:cvt.obj
 0001:0001afd4       __positive                 1001bfd4 f   LIBCMT:cvt.obj
 0001:0001b016       __setdefaultprecision      1001c016 f   LIBCMT:fp8.obj
 0001:0001b03d       __initp_misc_cfltcvt_tab   1001c03d f   LIBCMT:cmiscdat.obj
 0001:0001b05c       __crt_debugger_hook        1001c05c f   LIBCMT:dbghook.obj
 0001:0001b091       ___crtCloseThreadpoolTimer 1001c091 f   LIBCMT:winapisupp.obj
 0001:0001b0a8       ___crtCloseThreadpoolWait  1001c0a8 f   LIBCMT:winapisupp.obj
 0001:0001b0bf       ___crtCreateEventExW       1001c0bf f   LIBCMT:winapisupp.obj
 0001:0001b0fa       ___crtCreateSemaphoreExW   1001c0fa f   LIBCMT:winapisupp.obj
 0001:0001b134       ___crtCreateSymbolicLinkW  1001c134 f   LIBCMT:winapisupp.obj
 0001:0001b15d       ___crtCreateThreadpoolTimer 1001c15d f   LIBCMT:winapisupp.obj
 0001:0001b17e       ___crtCreateThreadpoolWait 1001c17e f   LIBCMT:winapisupp.obj
 0001:0001b19f       ___crtFlsAlloc             1001c19f f   LIBCMT:winapisupp.obj
 0001:0001b1bd       ___crtFlsFree              1001c1bd f   LIBCMT:winapisupp.obj
 0001:0001b1dc       ___crtFlsGetValue          1001c1dc f   LIBCMT:winapisupp.obj
 0001:0001b1fb       ___crtFlsSetValue          1001c1fb f   LIBCMT:winapisupp.obj
 0001:0001b21d       ___crtFlushProcessWriteBuffers 1001c21d f   LIBCMT:winapisupp.obj
 0001:0001b22d       ___crtFreeLibraryWhenCallbackReturns 1001c22d f   LIBCMT:winapisupp.obj
 0001:0001b247       ___crtGetCurrentProcessorNumber 1001c247 f   LIBCMT:winapisupp.obj
 0001:0001b259       ___crtGetFileInformationByHandleEx 1001c259 f   LIBCMT:winapisupp.obj
 0001:0001b285       ___crtGetLogicalProcessorInformation 1001c285 f   LIBCMT:winapisupp.obj
 0001:0001b2ab       ___crtGetShowWindowMode    1001c2ab f   LIBCMT:winapisupp.obj
 0001:0001b2ce       ___crtGetTickCount64       1001c2ce f   LIBCMT:winapisupp.obj
 0001:0001b2e6       ___crtInitializeCriticalSectionEx 1001c2e6 f   LIBCMT:winapisupp.obj
 0001:0001b314       ___crtIsPackagedApp        1001c314 f   LIBCMT:winapisupp.obj
 0001:0001b354       ___crtLoadWinApiPointers   1001c354 f   LIBCMT:winapisupp.obj
 0001:0001b5df       ___crtSetFileInformationByHandle 1001c5df f   LIBCMT:winapisupp.obj
 0001:0001b60b       ___crtSetThreadStackGuarantee 1001c60b f   LIBCMT:winapisupp.obj
 0001:0001b626       ___crtSetThreadpoolTimer   1001c626 f   LIBCMT:winapisupp.obj
 0001:0001b646       ___crtSetThreadpoolWait    1001c646 f   LIBCMT:winapisupp.obj
 0001:0001b663       ___crtSetUnhandledExceptionFilter 1001c663 f   LIBCMT:winapisupp.obj
 0001:0001b671       ___crtSleep                1001c671 f   LIBCMT:winapisupp.obj
 0001:0001b67f       ___crtTerminateProcess     1001c67f f   LIBCMT:winapisupp.obj
 0001:0001b694       ___crtUnhandledException   1001c694 f   LIBCMT:winapisupp.obj
 0001:0001b6aa       ___crtWaitForThreadpoolTimerCallbacks 1001c6aa f   LIBCMT:winapisupp.obj
 0001:0001b6c4       __RTC_Initialize           1001c6c4 f   LIBCMT:initsect.obj
 0001:0001b6e4       __RTC_Terminate            1001c6e4 f   LIBCMT:initsect.obj
 0001:0001b704       __lock                     1001c704 f   LIBCMT:mlock.obj
 0001:0001b738       __lockerr_exit             1001c738 f   LIBCMT:mlock.obj
 0001:0001b758       __mtdeletelocks            1001c758 f   LIBCMT:mlock.obj
 0001:0001b7ac       __mtinitlocknum            1001c7ac f   LIBCMT:mlock.obj
 0001:0001b855       __mtinitlocks              1001c855 f   LIBCMT:mlock.obj
 0001:0001b88e       __unlock                   1001c88e f   LIBCMT:mlock.obj
 0001:0001b8b0       __FindPESection            1001c8b0 f   LIBCMT:pesect.obj
 0001:0001b900       __IsNonwritableInCurrentImage 1001c900 f   LIBCMT:pesect.obj
 0001:0001b9c0       __ValidateImageBase        1001c9c0 f   LIBCMT:pesect.obj
 0001:0001b9f1       ___onexitinit              1001c9f1 f   LIBCMT:onexit.obj
 0001:0001ba20       __onexit                   1001ca20 f   LIBCMT:onexit.obj
 0001:0001bb1c       _atexit                    1001cb1c f   LIBCMT:onexit.obj
 0001:0001bb31       __calloc_crt               1001cb31 f   LIBCMT:crtheap.obj
 0001:0001bb79       __malloc_crt               1001cb79 f   LIBCMT:crtheap.obj
 0001:0001bbc0       __realloc_crt              1001cbc0 f   LIBCMT:crtheap.obj
 0001:0001bc0a       __recalloc_crt             1001cc0a f   LIBCMT:crtheap.obj
 0001:0001bc58       __set_malloc_crt_max_wait  1001cc58 f   LIBCMT:crtheap.obj
 0001:0001bc6b       _wait_a_bit                1001cc6b f i LIBCMT:crtheap.obj
 0001:0001bc8f       ?_inconsistency@@YAXXZ     1001cc8f f   LIBCMT:hooks.obj
 0001:0001bcc7       ?terminate@@YAXXZ          1001ccc7 f   LIBCMT:hooks.obj
 0001:0001bcfb       ?unexpected@@YAXXZ         1001ccfb f   LIBCMT:hooks.obj
 0001:0001bd0e       __initp_eh_hooks           1001cd0e f   LIBCMT:hooks.obj
 0001:0001bd1f       ___getlocaleinfo           1001cd1f f   LIBCMT:inithelp.obj
 0001:0001bef8       __initp_misc_purevirt      1001cef8 f   LIBCMT:inithelp.obj
 0001:0001bf05       ___fpecode                 1001cf05 f   LIBCMT:winsig.obj
 0001:0001bf0e       ___get_sigabrt             1001cf0e f   LIBCMT:winsig.obj
 0001:0001bf1b       ___pxcptinfoptrs           1001cf1b f   LIBCMT:winsig.obj
 0001:0001bf24       __initp_misc_winsig        1001cf24 f   LIBCMT:winsig.obj
 0001:0001bfe5       _raise                     1001cfe5 f   LIBCMT:winsig.obj
 0001:0001c1da       _signal                    1001d1da f   LIBCMT:winsig.obj
 0001:0001c431       __initp_misc_rand_s        1001d431 f   LIBCMT:rand_s.obj
 0001:0001c43e       _rand_s                    1001d43e f   LIBCMT:rand_s.obj
 0001:0001c544       ___initmbctable            1001d544 f   LIBCMT:mbctype.obj
 0001:0001c7fb       ___updatetmbcinfo          1001d7fb f   LIBCMT:mbctype.obj
 0001:0001c8a1       __getmbcp                  1001d8a1 f   LIBCMT:mbctype.obj
 0001:0001c8d2       __setmbcp                  1001d8d2 f   LIBCMT:mbctype.obj
 0001:0001ca7a       __setmbcp_nolock           1001da7a f   LIBCMT:mbctype.obj
 0001:0001cc65       __calloc_impl              1001dc65 f   LIBCMT:calloc_impl.obj
 0001:0001ccdf       __fcloseall                1001dcdf f   LIBCMT:closeall.obj
 0001:0001cd7c       __fflush_nolock            1001dd7c f   LIBCMT:fflush.obj
 0001:0001cdc2       __flush                    1001ddc2 f   LIBCMT:fflush.obj
 0001:0001ce26       __flushall                 1001de26 f   LIBCMT:fflush.obj
 0001:0001ce2f       _fflush                    1001de2f f   LIBCMT:fflush.obj
 0001:0001cf6c       __fileno                   1001df6c f   LIBCMT:fileno.obj
 0001:0001cf90       __close                    1001df90 f   LIBCMT:close.obj
 0001:0001d06b       __close_nolock             1001e06b f   LIBCMT:close.obj
 0001:0001d105       __freebuf                  1001e105 f   LIBCMT:_freebuf.obj
 0001:0001d135       __getstream                1001e135 f   LIBCMT:stream.obj
 0001:0001d254       __openfile                 1001e254 f   LIBCMT:_open.obj
 0001:0001d4d0       __local_unwind4            1001e4d0 f   LIBCMT:exsup4.obj
 0001:0001d5a6       __seh_longjmp_unwind4@4    1001e5a6 f   LIBCMT:exsup4.obj
 0001:0001d5c2       @_EH4_CallFilterFunc@8     1001e5c2 f   LIBCMT:exsup4.obj
 0001:0001d5d9       @_EH4_TransferToHandler@8  1001e5d9 f   LIBCMT:exsup4.obj
 0001:0001d5f2       @_EH4_GlobalUnwind2@8      1001e5f2 f   LIBCMT:exsup4.obj
 0001:0001d60b       @_EH4_LocalUnwind@16       1001e60b f   LIBCMT:exsup4.obj
 0001:0001d622       __vfprintf_l               1001e622 f   LIBCMT:vfprintf.obj
 0001:0001d640       __vfprintf_p               1001e640 f   LIBCMT:vfprintf.obj
 0001:0001d65d       __vfprintf_p_l             1001e65d f   LIBCMT:vfprintf.obj
 0001:0001d67b       __vfprintf_s_l             1001e67b f   LIBCMT:vfprintf.obj
 0001:0001d699       _vfprintf                  1001e699 f   LIBCMT:vfprintf.obj
 0001:0001d6b6       _vfprintf_helper           1001e6b6 f   LIBCMT:vfprintf.obj
 0001:0001d7c7       _vfprintf_s                1001e7c7 f   LIBCMT:vfprintf.obj
 0001:0001d7e4       __ioinit                   1001e7e4 f   LIBCMT:ioinit.obj
 0001:0001da98       __ioterm                   1001ea98 f   LIBCMT:ioinit.obj
 0001:0001daea       __filbuf                   1001eaea f   LIBCMT:_filbuf.obj
 0001:0001dc0b       _memcpy_s                  1001ec0b f   LIBCMT:memcpy_s.obj
 0001:0001dc8a       __read                     1001ec8a f   LIBCMT:read.obj
 0001:0001dd9e       __read_nolock              1001ed9e f   LIBCMT:read.obj
 0001:0001e52f       __flsbuf                   1001f52f f   LIBCMT:_flsbuf.obj
 0001:0001e67e       __write                    1001f67e f   LIBCMT:write.obj
 0001:0001e76d       __write_nolock             1001f76d f   LIBCMT:write.obj
 0001:0001efd2       __wremove                  1001ffd2 f   LIBCMT:wunlink.obj
 0001:0001f000       __wunlink                  10020000 f   LIBCMT:wunlink.obj
 0001:0001f009       __lseek                    10020009 f   LIBCMT:lseek.obj
 0001:0001f0f8       __lseek_nolock             100200f8 f   LIBCMT:lseek.obj
 0001:0001f19f       __vscprintf                1002019f f   LIBCMT:vsprintf.obj
 0001:0001f1b9       __vscprintf_helper         100201b9 f   LIBCMT:vsprintf.obj
 0001:0001f215       __vscprintf_l              10020215 f   LIBCMT:vsprintf.obj
 0001:0001f230       __vscprintf_p              10020230 f   LIBCMT:vsprintf.obj
 0001:0001f24a       __vscprintf_p_l            1002024a f   LIBCMT:vsprintf.obj
 0001:0001f265       __vsprintf_l               10020265 f   LIBCMT:vsprintf.obj
 0001:0001f2e9       _vsprintf                  100202e9 f   LIBCMT:vsprintf.obj
 0001:0001f301       __vsnprintf_c              10020301 f   LIBCMT:vsnprnc.obj
 0001:0001f328       __vsnprintf_c_l            10020328 f   LIBCMT:vsnprnc.obj
 0001:0001f350       __vsnprintf_helper         10020350 f   LIBCMT:vsnprnc.obj
 0001:0001f41a       __vsnprintf_s              1002041a f   LIBCMT:vsnprnc.obj
 0001:0001f438       __vsnprintf_s_l            10020438 f   LIBCMT:vsnprnc.obj
 0001:0001f538       __vsprintf_p               10020538 f   LIBCMT:vsnprnc.obj
 0001:0001f55f       __vsprintf_p_l             1002055f f   LIBCMT:vsnprnc.obj
 0001:0001f587       __vsprintf_s_l             10020587 f   LIBCMT:vsnprnc.obj
 0001:0001f5fc       _vsprintf_s                100205fc f   LIBCMT:vsnprnc.obj
 0001:0001f617       __chgsign                  10020617 f   LIBCMT:ieeemisc.obj
 0001:0001f644       __chgsignf                 10020644 f   LIBCMT:ieeemisc.obj
 0001:0001f665       __copysign                 10020665 f   LIBCMT:ieeemisc.obj
 0001:0001f68d       __copysignf                1002068d f   LIBCMT:ieeemisc.obj
 0001:0001f6a9       __finite                   100206a9 f   LIBCMT:ieeemisc.obj
 0001:0001f6c1       __fpclass                  100206c1 f   LIBCMT:ieeemisc.obj
 0001:0001f75d       __isnan                    1002075d f   LIBCMT:ieeemisc.obj
 0001:0001f790       __logb                     10020790 f   LIBCMT:ieeemisc.obj
 0001:0001f871       __nextafter                10020871 f   LIBCMT:ieeemisc.obj
 0001:0001fb11       __scalb                    10020b11 f   LIBCMT:ieeemisc.obj
 0001:0001fb29       __add_exp                  10020b29 f   LIBCMT:util.obj
 0001:0001fb58       __decomp                   10020b58 f   LIBCMT:util.obj
 0001:0001fc2a       __get_exp                  10020c2a f   LIBCMT:util.obj
 0001:0001fc43       __set_bexp                 10020c43 f   LIBCMT:util.obj
 0001:0001fc6c       __set_exp                  10020c6c f   LIBCMT:util.obj
 0001:0001fc9b       __sptype                   10020c9b f   LIBCMT:util.obj
 0001:0001fcf6       ___clrfp_sse2              10020cf6 f   LIBCMT:fpctrl.obj
 0001:0001fd17       ___ctrlfp_sse2             10020d17 f   LIBCMT:fpctrl.obj
 0001:0001fd50       ___fclrf_sse2              10020d50 f   LIBCMT:fpctrl.obj
 0001:0001fd6d       ___get_fpsr_sse2           10020d6d f   LIBCMT:fpctrl.obj
 0001:0001fd89       ___set_fpsr_sse2           10020d89 f   LIBCMT:fpctrl.obj
 0001:0001fdff       ___set_statfp_sse2         10020dff f   LIBCMT:fpctrl.obj
 0001:0001fe18       ___statfp_sse2             10020e18 f   LIBCMT:fpctrl.obj
 0001:0001fe2d       __clrfp                    10020e2d f   LIBCMT:fpctrl.obj
 0001:0001fe3e       __ctrlfp                   10020e3e f   LIBCMT:fpctrl.obj
 0001:0001fe69       __set_statfp               10020e69 f   LIBCMT:fpctrl.obj
 0001:0001fec1       __statfp                   10020ec1 f   LIBCMT:fpctrl.obj
 0001:0001fed1       _wcscat_s                  10020ed1 f   LIBCMT:wcscat_s.obj
 0001:0001ff3d       _wcscpy_s                  10020f3d f   LIBCMT:wcscpy_s.obj
 0001:0001ff99       _wcslen                    10020f99 f   LIBCMT:wcslen.obj
 0001:0001ffb2       _wcsncat_s                 10020fb2 f   LIBCMT:wcsncat_s.obj
 0001:00020080       __set_abort_behavior       10021080 f   LIBCMT:abort.obj
 0001:0002009f       _abort                     1002109f f   LIBCMT:abort.obj
 0001:000200e2       ___set_app_type            100210e2 f   LIBCMT:errmode.obj
 0001:000200ef       __set_error_mode           100210ef f   LIBCMT:errmode.obj
 0001:0002024b       __i64tow_s                 1002124b f   LIBCMT:xtows.obj
 0001:0002027c       __itow_s                   1002127c f   LIBCMT:xtows.obj
 0001:000202a5       __ltow_s                   100212a5 f   LIBCMT:xtows.obj
 0001:000202cf       __ui64tow_s                100212cf f   LIBCMT:xtows.obj
 0001:000202ea       __ultow_s                  100212ea f   LIBCMT:xtows.obj
 0001:000203f5       _setvbuf                   100213f5 f   LIBCMT:setvbuf.obj
 0001:000204fb       __fwprintf_l               100214fb f   LIBCMT:fwprintf.obj
 0001:00020515       __fwprintf_p               10021515 f   LIBCMT:fwprintf.obj
 0001:0002052e       __fwprintf_p_l             1002152e f   LIBCMT:fwprintf.obj
 0001:00020548       __fwprintf_s_l             10021548 f   LIBCMT:fwprintf.obj
 0001:00020562       _fwprintf                  10021562 f   LIBCMT:fwprintf.obj
 0001:000205f6       _fwprintf_s                100215f6 f   LIBCMT:fwprintf.obj
 0001:0002060f       __vsnwprintf_s             1002160f f   LIBCMT:vswprnc.obj
 0001:0002062d       __vsnwprintf_s_l           1002162d f   LIBCMT:vswprnc.obj
 0001:00020731       __vswprintf_c              10021731 f   LIBCMT:vswprnc.obj
 0001:00020758       __vswprintf_c_l            10021758 f   LIBCMT:vswprnc.obj
 0001:00020780       __vswprintf_helper         10021780 f   LIBCMT:vswprnc.obj
 0001:0002087b       __vswprintf_p              1002187b f   LIBCMT:vswprnc.obj
 0001:000208a2       __vswprintf_p_l            100218a2 f   LIBCMT:vswprnc.obj
 0001:000208ca       __vswprintf_s_l            100218ca f   LIBCMT:vswprnc.obj
 0001:00020941       _vswprintf_s               10021941 f   LIBCMT:vswprnc.obj
 0001:0002095c       ___crtMessageBoxW          1002195c f   LIBCMT:crtmboxw.obj
 0001:00020b42       ___crtMessageBoxWaitThreadW@4 10021b42 f   LIBCMT:crtmboxw.obj
 0001:00020b60       __XcptFilter               10021b60 f   LIBCMT:winxfltr.obj
 0001:00020cbb       ___CppXcptFilter           10021cbb f   LIBCMT:winxfltr.obj
 0001:00020d0d       ___get_flsindex            10021d0d f   LIBCMT:tidtable.obj
 0001:00020d13       ___threadhandle            10021d13 f   LIBCMT:tidtable.obj
 0001:00020d19       ___threadid                10021d19 f   LIBCMT:tidtable.obj
 0001:00020d1f       __freefls@4                10021d1f f   LIBCMT:tidtable.obj
 0001:00020e54       __freeptd                  10021e54 f   LIBCMT:tidtable.obj
 0001:00020e8a       __getptd                   10021e8a f   LIBCMT:tidtable.obj
 0001:00020ea2       __getptd_noexit            10021ea2 f   LIBCMT:tidtable.obj
 0001:00020f11       __initptd                  10021f11 f   LIBCMT:tidtable.obj
 0001:00020fc4       __mtinit                   10021fc4 f   LIBCMT:tidtable.obj
 0001:0002103a       __mtterm                   1002203a f   LIBCMT:tidtable.obj
 0001:00021057       __set_pgmptr               10022057 f i LIBCMT:stdargv.obj
 0001:00021064       __setargv                  10022064 f   LIBCMT:stdargv.obj
 0001:00021293       __setenvp                  10022293 f   LIBCMT:stdenvp.obj
 0001:00021374       ___security_init_cookie    10022374 f   LIBCMT:gs_support.obj
 0001:00021410       ___crtGetEnvironmentStringsA 10022410 f   LIBCMT:a_env.obj
 0001:000214a0       _strlen                    100224a0 f   LIBCMT:strlen.obj
 0001:0002152b       _wcsncpy_s                 1002252b f   LIBCMT:wcsncpy_s.obj
 0001:000215e9       __output_s_l               100225e9 f   LIBCMT:outputs.obj
 0001:00022271       __output_p_l               10023271 f   LIBCMT:outputp.obj
 0001:000235a9       __validate_param_reuseA    100245a9 f   LIBCMT:outputp.obj
 0001:000236df       _get_crtdouble_arg         100246df f i LIBCMT:outputp.obj
 0001:000237de       __isatty                   100247de f   LIBCMT:isatty.obj
 0001:00023832       ___addlocaleref            10024832 f   LIBCMT:localref.obj
 0001:000238c7       ___freetlocinfo            100248c7 f   LIBCMT:localref.obj
 0001:00023a21       ___removelocaleref         10024a21 f   LIBCMT:localref.obj
 0001:00023ac1       ___updatetlocinfo          10024ac1 f   LIBCMT:localref.obj
 0001:00023b41       __updatetlocinfoEx_nolock  10024b41 f   LIBCMT:localref.obj
 0001:00023b8c       ___iswcsym                 10024b8c f i LIBCMT:_wctype.obj
 0001:00023bb0       ___iswcsymf                10024bb0 f i LIBCMT:_wctype.obj
 0001:00023bd4       __isleadbyte_l             10024bd4 f i LIBCMT:_wctype.obj
 0001:00023c0e       __iswalnum_l               10024c0e f i LIBCMT:_wctype.obj
 0001:00023c22       __iswalpha_l               10024c22 f i LIBCMT:_wctype.obj
 0001:00023c36       __iswblank_l               10024c36 f i LIBCMT:_wctype.obj
 0001:00023c51       __iswcntrl_l               10024c51 f i LIBCMT:_wctype.obj
 0001:00023c62       __iswcsym_l                10024c62 f i LIBCMT:_wctype.obj
 0001:00023c86       __iswcsymf_l               10024c86 f i LIBCMT:_wctype.obj
 0001:00023caa       __iswdigit_l               10024caa f i LIBCMT:_wctype.obj
 0001:00023cbb       __iswgraph_l               10024cbb f i LIBCMT:_wctype.obj
 0001:00023ccf       __iswlower_l               10024ccf f i LIBCMT:_wctype.obj
 0001:00023ce0       __iswprint_l               10024ce0 f i LIBCMT:_wctype.obj
 0001:00023cf4       __iswpunct_l               10024cf4 f i LIBCMT:_wctype.obj
 0001:00023d05       __iswspace_l               10024d05 f i LIBCMT:_wctype.obj
 0001:00023d16       __iswupper_l               10024d16 f i LIBCMT:_wctype.obj
 0001:00023d27       __iswxdigit_l              10024d27 f i LIBCMT:_wctype.obj
 0001:00023d3b       _isleadbyte                10024d3b f i LIBCMT:_wctype.obj
 0001:00023d4c       _iswalnum                  10024d4c f i LIBCMT:_wctype.obj
 0001:00023d60       _iswalpha                  10024d60 f i LIBCMT:_wctype.obj
 0001:00023d74       _iswascii                  10024d74 f i LIBCMT:_wctype.obj
 0001:00023d86       _iswblank                  10024d86 f i LIBCMT:_wctype.obj
 0001:00023da1       _iswcntrl                  10024da1 f i LIBCMT:_wctype.obj
 0001:00023db2       _iswdigit                  10024db2 f i LIBCMT:_wctype.obj
 0001:00023dc3       _iswgraph                  10024dc3 f i LIBCMT:_wctype.obj
 0001:00023dd7       _iswlower                  10024dd7 f i LIBCMT:_wctype.obj
 0001:00023de8       _iswprint                  10024de8 f i LIBCMT:_wctype.obj
 0001:00023dfc       _iswpunct                  10024dfc f i LIBCMT:_wctype.obj
 0001:00023e0d       _iswspace                  10024e0d f i LIBCMT:_wctype.obj
 0001:00023e1e       _iswupper                  10024e1e f i LIBCMT:_wctype.obj
 0001:00023e2f       _iswxdigit                 10024e2f f i LIBCMT:_wctype.obj
 0001:00023e43       __wctomb_l                 10024e43 f   LIBCMT:wctomb.obj
 0001:00023e92       __wctomb_s_l               10024e92 f   LIBCMT:wctomb.obj
 0001:00023fb6       _wctomb                    10024fb6 f   LIBCMT:wctomb.obj
 0001:00023fe9       _wctomb_s                  10024fe9 f   LIBCMT:wctomb.obj
 0001:00024010       __aulldvrm                 10025010 f   LIBCMT:ulldvrm.obj
 0001:000240a5       __matherr                  100250a5 f   LIBCMT:matherr.obj
 0001:000240a8       ___isascii                 100250a8 f i LIBCMT:_ctype.obj
 0001:000240b8       ___iscsym                  100250b8 f i LIBCMT:_ctype.obj
 0001:000240d8       ___iscsymf                 100250d8 f i LIBCMT:_ctype.obj
 0001:000240f5       ___toascii                 100250f5 f i LIBCMT:_ctype.obj
 0001:00024100       __isalnum_l                10025100 f i LIBCMT:_ctype.obj
 0001:00024158       __isalpha_l                10025158 f i LIBCMT:_ctype.obj
 0001:000241b0       __isblank_l                100251b0 f i LIBCMT:_ctype.obj
 0001:0002420a       __iscntrl_l                1002520a f i LIBCMT:_ctype.obj
 0001:0002425c       __iscsym_l                 1002525c f i LIBCMT:_ctype.obj
 0001:0002427d       __iscsymf_l                1002527d f i LIBCMT:_ctype.obj
 0001:0002429e       __isdigit_l                1002529e f i LIBCMT:_ctype.obj
 0001:000242f0       __isgraph_l                100252f0 f i LIBCMT:_ctype.obj
 0001:00024348       __islower_l                10025348 f i LIBCMT:_ctype.obj
 0001:0002439a       __isprint_l                1002539a f i LIBCMT:_ctype.obj
 0001:000243f2       __ispunct_l                100253f2 f i LIBCMT:_ctype.obj
 0001:00024444       __isspace_l                10025444 f i LIBCMT:_ctype.obj
 0001:00024496       __isupper_l                10025496 f i LIBCMT:_ctype.obj
 0001:000244e8       __isxdigit_l               100254e8 f i LIBCMT:_ctype.obj
 0001:00024540       _isalnum                   10025540 f i LIBCMT:_ctype.obj
 0001:0002456d       _isalpha                   1002556d f i LIBCMT:_ctype.obj
 0001:0002459a       _isblank                   1002559a f i LIBCMT:_ctype.obj
 0001:000245cf       _iscntrl                   100255cf f i LIBCMT:_ctype.obj
 0001:000245fa       _isdigit                   100255fa f i LIBCMT:_ctype.obj
 0001:00024625       _isgraph                   10025625 f i LIBCMT:_ctype.obj
 0001:00024652       _islower                   10025652 f i LIBCMT:_ctype.obj
 0001:0002467d       _isprint                   1002567d f i LIBCMT:_ctype.obj
 0001:000246aa       _ispunct                   100256aa f i LIBCMT:_ctype.obj
 0001:000246d5       _isspace                   100256d5 f i LIBCMT:_ctype.obj
 0001:00024700       _isupper                   10025700 f i LIBCMT:_ctype.obj
 0001:0002472b       _isxdigit                  1002572b f i LIBCMT:_ctype.obj
 0001:00024758       __tolower                  10025758 f   LIBCMT:tolower.obj
 0001:00024763       __tolower_l                10025763 f   LIBCMT:tolower.obj
 0001:000248a6       _tolower                   100258a6 f   LIBCMT:tolower.obj
 0001:000248d2       _strcpy_s                  100258d2 f   LIBCMT:strcpy_s.obj
 0001:00024930       _strrchr                   10025930 f   LIBCMT:strrchr.obj
 0001:00024a67       __fptostr                  10025a67 f   LIBCMT:_fptostr.obj
 0001:00024b17       ___crt_atoflt_l            10025b17 f   LIBCMT:atodbl.obj
 0001:00024bbb       __atodbl                   10025bbb f   LIBCMT:atodbl.obj
 0001:00024bd0       __atodbl_l                 10025bd0 f   LIBCMT:atodbl.obj
 0001:00024c5e       __atoflt                   10025c5e f   LIBCMT:atodbl.obj
 0001:00024c73       __atoflt_l                 10025c73 f   LIBCMT:atodbl.obj
 0001:00024c8b       __atoldbl                  10025c8b f   LIBCMT:atodbl.obj
 0001:00024ca0       __atoldbl_l                10025ca0 f   LIBCMT:atodbl.obj
 0001:00024d2f       ___dtold                   10025d2f f   LIBCMT:cfout.obj
 0001:00024df7       __fltout2                  10025df7 f   LIBCMT:cfout.obj
 0001:00024e90       __alldvrm                  10025e90 f   LIBCMT:lldvrm.obj
 0001:00024f70       __aullshr                  10025f70 f   LIBCMT:ullshr.obj
 0001:00024f8f       __get_output_format        10025f8f f   LIBCMT:outputformat.obj
 0001:00024f95       __set_output_format        10025f95 f   LIBCMT:outputformat.obj
 0001:00024fc7       __controlfp_s              10025fc7 f   LIBCMT:contrlfp.obj
 0001:00025024       __fptrap                   10026024 f   LIBCMT:crt0fp.obj
 0001:0002502d       __msize                    1002602d f   LIBCMT:msize.obj
 0001:0002505e       __recalloc                 1002605e f   LIBCMT:recalloc.obj
 0001:000250c7       _strncpy_s                 100260c7 f   LIBCMT:strncpy_s.obj
 0001:0002524f       __MallocaIsSizeInRange     1002624f f i LIBCMT:a_loc.obj
 0001:00025260       __MarkAllocaS              10026260 f i LIBCMT:a_loc.obj
 0001:00025274       ___crtGetLocaleInfoA       10026274 f   LIBCMT:a_loc.obj
 0001:000252ae       __freea                    100262ae f i LIBCMT:a_loc.obj
 0001:000252cc       _GetTableIndexFromLcid     100262cc f   LIBCMT:winapinls.obj
 0001:00025301       _GetTableIndexFromLocaleName 10026301 f   LIBCMT:winapinls.obj
 0001:0002534f       ___crtCompareStringEx      1002634f f   LIBCMT:winapinls.obj
 0001:0002539b       ___crtDownlevelLCIDToLocaleName 1002639b f   LIBCMT:winapinls.obj
 0001:00025417       ___crtDownlevelLocaleNameToLCID 10026417 f   LIBCMT:winapinls.obj
 0001:00025455       ___crtEnumSystemLocalesEx  10026455 f   LIBCMT:winapinls.obj
 0001:00025492       ___crtGetDateFormatEx      10026492 f   LIBCMT:winapinls.obj
 0001:000254db       ___crtGetLocaleInfoEx      100264db f   LIBCMT:winapinls.obj
 0001:0002550a       ___crtGetTimeFormatEx      1002650a f   LIBCMT:winapinls.obj
 0001:0002553f       ___crtGetUserDefaultLocaleName 1002653f f   LIBCMT:winapinls.obj
 0001:0002556a       ___crtIsValidLocaleName    1002656a f   LIBCMT:winapinls.obj
 0001:00025595       ___crtLCMapStringEx        10026595 f   LIBCMT:winapinls.obj
 0001:000255e1       ___wcsnicmp_ascii          100265e1 f   LIBCMT:winapinls.obj
 0001:00025873       ___crtLCMapStringA         10026873 f   LIBCMT:a_map.obj
 0001:000259b1       ___crtGetStringTypeA       100269b1 f   LIBCMT:a_str.obj
 0001:000259f1       __commit                   100269f1 f   LIBCMT:commit.obj
 0001:00025ada       ___lock_fhandle            10026ada f   LIBCMT:osfinfo.obj
 0001:00025b68       __alloc_osfhnd             10026b68 f   LIBCMT:osfinfo.obj
 0001:00025d11       __free_osfhnd              10026d11 f   LIBCMT:osfinfo.obj
 0001:00025d97       __get_osfhandle            10026d97 f   LIBCMT:osfinfo.obj
 0001:00025dfe       __open_osfhandle           10026dfe f   LIBCMT:osfinfo.obj
 0001:00025f14       __set_osfhnd               10026f14 f   LIBCMT:osfinfo.obj
 0001:00025f96       __unlock_fhandle           10026f96 f   LIBCMT:osfinfo.obj
 0001:00025fbc       __open                     10026fbc f   LIBCMT:open.obj
 0001:0002606c       __sopen                    1002706c f   LIBCMT:open.obj
 0001:0002609f       __sopen_helper             1002709f f   LIBCMT:open.obj
 0001:00026168       __sopen_nolock             10027168 f   LIBCMT:open.obj
 0001:000261b6       __sopen_s                  100271b6 f   LIBCMT:open.obj
 0001:000261d4       __mbsnbcmp                 100271d4 f   LIBCMT:mbsnbcmp.obj
 0001:000261ec       __mbsnbcmp_l               100271ec f   LIBCMT:mbsnbcmp.obj
 0001:00026303       __mbsnbicmp                10027303 f   LIBCMT:mbsnbicm.obj
 0001:0002631b       __mbsnbicmp_l              1002731b f   LIBCMT:mbsnbicm.obj
 0001:000264e0       __global_unwind2           100274e0 f   LIBCMT:exsup.obj
 0001:00026545       __local_unwind2            10027545 f   LIBCMT:exsup.obj
 0001:000265c9       __abnormal_termination     100275c9 f   LIBCMT:exsup.obj
 0001:000265ec       __NLG_Notify1              100275ec f   LIBCMT:exsup.obj
 0001:000265f5       __NLG_Notify               100275f5 f   LIBCMT:exsup.obj
 0001:0002660c       __NLG_Dispatch             1002760c     LIBCMT:exsup.obj
 0001:0002660c       __NLG_Dispatch2            1002760c     LIBCMT:exsup.obj
 0001:00026614       __NLG_Call                 10027614 f   LIBCMT:exsup.obj
 0001:00026616       __NLG_Return2              10027616     LIBCMT:exsup.obj
 0001:00026617       __getbuf                   10027617 f   LIBCMT:_getbuf.obj
 0001:0002665d       __lseeki64                 1002765d f   LIBCMT:lseeki64.obj
 0001:00026759       __lseeki64_nolock          10027759 f   LIBCMT:lseeki64.obj
 0001:000267cc       __mbtowc_l                 100277cc f   LIBCMT:mbtowc.obj
 0001:000268c1       _mbtowc                    100278c1 f   LIBCMT:mbtowc.obj
 0001:000268d9       __putwch                   100278d9 f   LIBCMT:putwch.obj
 0001:00026925       __putwch_nolock            10027925 f   LIBCMT:putwch.obj
 0001:00026970       __alloca_probe             10027970 f   LIBCMT:chkstk.obj
 0001:00026970       __chkstk                   10027970 f   LIBCMT:chkstk.obj
 0001:0002699b       __vfwprintf_l              1002799b f   LIBCMT:vfwprint.obj
 0001:000269b9       __vfwprintf_p              100279b9 f   LIBCMT:vfwprint.obj
 0001:000269d6       __vfwprintf_p_l            100279d6 f   LIBCMT:vfwprint.obj
 0001:000269f4       __vfwprintf_s_l            100279f4 f   LIBCMT:vfwprint.obj
 0001:00026a12       _vfwprintf                 10027a12 f   LIBCMT:vfwprint.obj
 0001:00026a2f       _vfwprintf_helper          10027a2f f   LIBCMT:vfwprint.obj
 0001:00026ac2       _vfwprintf_s               10027ac2 f   LIBCMT:vfwprint.obj
 0001:00026adf       __woutput_l                10027adf f   LIBCMT:woutput.obj
 0001:000277be       __woutput_s_l              100287be f   LIBCMT:woutputs.obj
 0001:000284d5       __validate_param_reuseW    100294d5 f   LIBCMT:woutputp.obj
 0001:0002864d       __woutput_p_l              1002964d f   LIBCMT:woutputp.obj
 0001:00029a76       __ismbbalnum               1002aa76 f   LIBCMT:ismbbyte.obj
 0001:00029a8f       __ismbbalnum_l             1002aa8f f   LIBCMT:ismbbyte.obj
 0001:00029aa9       __ismbbalpha               1002aaa9 f   LIBCMT:ismbbyte.obj
 0001:00029ac2       __ismbbalpha_l             1002aac2 f   LIBCMT:ismbbyte.obj
 0001:00029adc       __ismbbblank               1002aadc f   LIBCMT:ismbbyte.obj
 0001:00029afd       __ismbbblank_l             1002aafd f   LIBCMT:ismbbyte.obj
 0001:00029b1f       __ismbbgraph               1002ab1f f   LIBCMT:ismbbyte.obj
 0001:00029b38       __ismbbgraph_l             1002ab38 f   LIBCMT:ismbbyte.obj
 0001:00029b52       __ismbbkalnum              1002ab52 f   LIBCMT:ismbbyte.obj
 0001:00029b68       __ismbbkalnum_l            1002ab68 f   LIBCMT:ismbbyte.obj
 0001:00029b7f       __ismbbkana                1002ab7f f   LIBCMT:ismbbyte.obj
 0001:00029b90       __ismbbkana_l              1002ab90 f   LIBCMT:ismbbyte.obj
 0001:00029bdc       __ismbbkprint              1002abdc f   LIBCMT:ismbbyte.obj
 0001:00029bf2       __ismbbkprint_l            1002abf2 f   LIBCMT:ismbbyte.obj
 0001:00029c09       __ismbbkpunct              1002ac09 f   LIBCMT:ismbbyte.obj
 0001:00029c1f       __ismbbkpunct_l            1002ac1f f   LIBCMT:ismbbyte.obj
 0001:00029c36       __ismbblead                1002ac36 f   LIBCMT:ismbbyte.obj
 0001:00029c4c       __ismbblead_l              1002ac4c f   LIBCMT:ismbbyte.obj
 0001:00029c63       __ismbbprint               1002ac63 f   LIBCMT:ismbbyte.obj
 0001:00029c7c       __ismbbprint_l             1002ac7c f   LIBCMT:ismbbyte.obj
 0001:00029c96       __ismbbpunct               1002ac96 f   LIBCMT:ismbbyte.obj
 0001:00029cac       __ismbbpunct_l             1002acac f   LIBCMT:ismbbyte.obj
 0001:00029cc3       __ismbbtrail               1002acc3 f   LIBCMT:ismbbyte.obj
 0001:00029cd9       __ismbbtrail_l             1002acd9 f   LIBCMT:ismbbyte.obj
 0001:00029f16       __strtol_l                 1002af16 f   LIBCMT:strtol.obj
 0001:00029f31       __strtoul_l                1002af31 f   LIBCMT:strtol.obj
 0001:00029f4c       _strtol                    1002af4c f   LIBCMT:strtol.obj
 0001:00029f76       _strtoul                   1002af76 f   LIBCMT:strtol.obj
 0001:00029fa0       ___free_lconv_mon          1002afa0 f   LIBCMT:initmon.obj
 0001:0002a09c       ___init_monetary           1002b09c f   LIBCMT:initmon.obj
 0001:0002a475       ___free_lconv_num          1002b475 f   LIBCMT:initnum.obj
 0001:0002a4dc       ___init_numeric            1002b4dc f   LIBCMT:initnum.obj
 0001:0002a71a       ___free_lc_time            1002b71a f   LIBCMT:inittime.obj
 0001:0002aa9a       ___init_time               1002ba9a f   LIBCMT:inittime.obj
 0001:0002b309       _localeconv                1002c309 f   LIBCMT:lconv.obj
 0001:0002b32f       __iswctype_l               1002c32f f   LIBCMT:iswctype.obj
 0001:0002b341       _is_wctype                 1002c341 f   LIBCMT:iswctype.obj
 0001:0002b34a       _iswctype                  1002c34a f   LIBCMT:iswctype.obj
 0001:0002b3a0       ____lc_codepage_func       1002c3a0 f   LIBCMT:initctyp.obj
 0001:0002b3c6       ____lc_collate_cp_func     1002c3c6 f   LIBCMT:initctyp.obj
 0001:0002b3ec       ____lc_locale_name_func    1002c3ec f   LIBCMT:initctyp.obj
 0001:0002b414       ____mb_cur_max_func        1002c414 f   LIBCMT:initctyp.obj
 0001:0002b43a       ____mb_cur_max_l_func      1002c43a f   LIBCMT:initctyp.obj
 0001:0002b451       ___init_ctype              1002c451 f   LIBCMT:initctyp.obj
 0001:0002b7e9       ___pctype_func             1002c7e9 f   LIBCMT:ctype.obj
 0001:0002b812       ___pwctype_func            1002c812 f   LIBCMT:ctype.obj
 0001:0002b818       __isctype                  1002c818 f   LIBCMT:isctype.obj
 0001:0002b847       __isctype_l                1002c847 f   LIBCMT:isctype.obj
 0001:0002b8f8       ___init_dummy              1002c8f8 f   LIBCMT:wsetloca.obj
 0001:0002b8fb       __locterm                  1002c8fb f   LIBCMT:wsetloca.obj
 0001:0002b94d       ____setlc_active_func      1002c94d f   LIBCMT:wsetloca.obj
 0001:0002b953       ____unguarded_readlc_active_add_func 1002c953 f   LIBCMT:wsetloca.obj
 0001:0002b959       ___copy_locale_name        1002c959 f   LIBCMT:wsetloca.obj
 0001:0002b9bd       ___create_locale           1002c9bd f   LIBCMT:wsetloca.obj
 0001:0002b9c6       ___free_locale             1002c9c6 f   LIBCMT:wsetloca.obj
 0001:0002b9cb       ___get_current_locale      1002c9cb f   LIBCMT:wsetloca.obj
 0001:0002b9d0       ___lc_lctowcs              1002c9d0 f   LIBCMT:wsetloca.obj
 0001:0002ba3e       ___lc_wcstolc              1002ca3e f   LIBCMT:wsetloca.obj
 0001:0002bb6a       __configthreadlocale       1002cb6a f   LIBCMT:wsetloca.obj
 0001:0002bbf0       __create_locale            1002cbf0 f   LIBCMT:wsetloca.obj
 0001:0002bc52       __expandlocale             1002cc52 f   LIBCMT:wsetloca.obj
 0001:0002bf49       __free_locale              1002cf49 f   LIBCMT:wsetloca.obj
 0001:0002c000       __get_current_locale       1002d000 f   LIBCMT:wsetloca.obj
 0001:0002c0af       __wcreate_locale           1002d0af f   LIBCMT:wsetloca.obj
 0001:0002c186       __wcscats                  1002d186 f   LIBCMT:wsetloca.obj
 0001:0002c1c5       __wsetlocale               1002d1c5 f   LIBCMT:wsetloca.obj
 0001:0002cb07       __CopyMan                  1002db07 f i LIBCMT:intrncvt.obj
 0001:0002cb24       __FillZeroMan              1002db24 f i LIBCMT:intrncvt.obj
 0001:0002cb33       __IncMan                   1002db33 f i LIBCMT:intrncvt.obj
 0001:0002cb95       __IsZeroMan                1002db95 f i LIBCMT:intrncvt.obj
 0001:0002cbb2       __RoundMan                 1002dbb2 f i LIBCMT:intrncvt.obj
 0001:0002ccb3       __ShrMan                   1002dcb3 f i LIBCMT:intrncvt.obj
 0001:0002cd41       __ZeroTail                 1002dd41 f i LIBCMT:intrncvt.obj
 0001:0002cd89       ___addl                    1002dd89 f i LIBCMT:intrncvt.obj
 0001:0002cdad       __ld12cvt                  1002ddad f i LIBCMT:intrncvt.obj
 0001:0002d318       __ld12tod                  1002e318 f   LIBCMT:intrncvt.obj
 0001:0002d88a       __ld12tof                  1002e88a f   LIBCMT:intrncvt.obj
 0001:0002ddfc       __ld12told                 1002edfc f   LIBCMT:intrncvt.obj
 0001:0002decb       ___STRINGTOLD_L            1002eecb f   LIBCMT:strgtold.obj
 0001:0002df26       ___ld12mul                 1002ef26 f i LIBCMT:strgtold.obj
 0001:0002e1f2       ___multtenpow12            1002f1f2 f i LIBCMT:strgtold.obj
 0001:0002e545       ___shl_12                  1002f545 f i LIBCMT:strgtold.obj
 0001:0002e576       ___shr_12                  1002f576 f i LIBCMT:strgtold.obj
 0001:0002e5a6       ___strgtold12_l            1002f5a6 f   LIBCMT:strgtold.obj
 0001:0002ed4e       _$I10_OUTPUT               1002fd4e f   LIBCMT:x10fout.obj
 0001:0002f722       ___add_12                  10030722 f i LIBCMT:x10fout.obj
 0001:0002f8ce       ___control87_2             100308ce f   LIBCMT:ieee87.obj
 0001:0002ff42       __clearfp                  10030f42 f   LIBCMT:ieee87.obj
 0001:00030022       __control87                10031022 f i LIBCMT:ieee87.obj
 0001:00030324       __controlfp                10031324 f   LIBCMT:ieee87.obj
 0001:0003062f       __fpreset                  1003162f f   LIBCMT:ieee87.obj
 0001:000306fc       __set_controlfp            100316fc f   LIBCMT:ieee87.obj
 0001:0003076f       __statusfp                 1003176f f   LIBCMT:ieee87.obj
 0001:00030809       __statusfp2                10031809 f   LIBCMT:ieee87.obj
 0001:00030870       __alloca_probe_16          10031870 f   LIBCMT:alloca16.obj
 0001:00030886       __alloca_probe_8           10031886     LIBCMT:alloca16.obj
 0001:0003089c       _wcsnlen                   1003189c f   LIBCMT:wcslen_s.obj
 0001:00030943       __wopen                    10031943 f   LIBCMT:wopen.obj
 0001:000309f3       __wsopen                   100319f3 f   LIBCMT:wopen.obj
 0001:00030a26       __wsopen_helper            10031a26 f   LIBCMT:wopen.obj
 0001:00030aef       __wsopen_nolock            10031aef f   LIBCMT:wopen.obj
 0001:00031242       __wsopen_s                 10032242 f   LIBCMT:wopen.obj
 0001:00031260       _strncmp                   10032260 f   LIBCMT:strncmp.obj
 0001:000312d8       __strnicmp                 100322d8 f   LIBCMT:strnicmp.obj
 0001:00031343       __strnicmp_l               10032343 f   LIBCMT:strnicmp.obj
 0001:000313f4       ___termconout              100323f4 f   LIBCMT:initcon.obj
 0001:0003140b       ___initconout              1003240b f   LIBCMT:initcon.obj
 0001:0003142a       __fputwc_nolock            1003242a f   LIBCMT:fputwc.obj
 0001:000315b0       _fputwc                    100325b0 f   LIBCMT:fputwc.obj
 0001:00031627       _putwc                     10032627 f   LIBCMT:fputwc.obj
 0001:00031811       __wcstol_l                 10032811 f   LIBCMT:wcstol.obj
 0001:00031829       __wcstoul_l                10032829 f   LIBCMT:wcstol.obj
 0001:00031841       _wcstol                    10032841 f   LIBCMT:wcstol.obj
 0001:00031859       _wcstoul                   10032859 f   LIBCMT:wcstol.obj
 0001:00031871       ___init_collate            10032871 f   LIBCMT:initcoll.obj
 0001:00031991       _memcmp                    10032991 f   LIBCMT:memcmp.obj
 0001:000348a5       _wcscmp                    100358a5 f   LIBCMT:wcscmp.obj
 0001:000348e3       _wcscspn                   100358e3 f   LIBCMT:wcscspn.obj
 0001:0003492e       _wcsncmp                   1003592e f   LIBCMT:wcsncmp.obj
 0001:00034964       _wcspbrk                   10035964 f   LIBCMT:wcspbrk.obj
 0001:00034f68       ___get_qualified_locale    10035f68 f   LIBCMT:getqloc.obj
 0001:000357d8       ___get_qualified_locale_downlevel 100367d8 f   LIBCMT:getqloc_downlevel.obj
 0001:000359f4       ___mtold12                 100369f4 f   LIBCMT:mantold.obj
 0001:00035bd4       __chsize                   10036bd4 f   LIBCMT:chsize.obj
 0001:00035bee       __chsize_nolock            10036bee f   LIBCMT:chsize.obj
 0001:00035da4       __chsize_s                 10036da4 f   LIBCMT:chsize.obj
 0001:00035e92       __get_fmode                10036e92 f   LIBCMT:setmode.obj
 0001:00035ebc       __set_fmode                10036ebc f   LIBCMT:setmode.obj
 0001:00035ef7       __setmode                  10036ef7 f   LIBCMT:setmode.obj
 0001:00035ffc       __setmode_nolock           10036ffc f   LIBCMT:setmode.obj
 0001:000360d0       ___ascii_strnicmp          100370d0 f   LIBCMT:_strnicm.obj
 0001:00036131       __flswbuf                  10037131 f   LIBCMT:_flswbuf.obj
 0001:00036293       __wchartodigit             10037293 f   LIBCMT:wchtodig.obj
 0001:00036432       __wtoi                     10037432 f   LIBCMT:wtox.obj
 0001:0003643b       __wtoi64                   1003743b f   LIBCMT:wtox.obj
 0001:0003644f       __wtoi64_l                 1003744f f   LIBCMT:wtox.obj
 0001:00036466       __wtoi_l                   10037466 f   LIBCMT:wtox.obj
 0001:0003646f       __wtol                     1003746f f   LIBCMT:wtox.obj
 0001:00036483       __wtol_l                   10037483 f   LIBCMT:wtox.obj
 0001:0003649a       __wtoll                    1003749a f   LIBCMT:wtox.obj
 0001:000364ae       __wtoll_l                  100374ae f   LIBCMT:wtox.obj
 0001:000364c5       _wcschr                    100374c5 f   LIBCMT:wcschr.obj
 0001:00036573       __wcsicmp                  10037573 f   LIBCMT:wcsicmp.obj
 0001:00036606       __wcsicmp_l                10037606 f   LIBCMT:wcsicmp.obj
 0001:000366e1       __wcsnicmp                 100376e1 f   LIBCMT:wcsnicmp.obj
 0001:00036797       __wcsnicmp_l               10037797 f   LIBCMT:wcsnicmp.obj
 0001:00036b60       __wcstof_l                 10037b60 f   LIBCMT:wcstoq.obj
 0001:00036c13       __wcstoi64                 10037c13 f   LIBCMT:wcstoq.obj
 0001:00036c3d       __wcstoi64_l               10037c3d f   LIBCMT:wcstoq.obj
 0001:00036c58       __wcstoimax_l              10037c58 f   LIBCMT:wcstoq.obj
 0001:00036c61       __wcstold_l                10037c61 f   LIBCMT:wcstoq.obj
 0001:00036c6a       __wcstoll_l                10037c6a f   LIBCMT:wcstoq.obj
 0001:00036c73       __wcstoui64                10037c73 f   LIBCMT:wcstoq.obj
 0001:00036c9d       __wcstoui64_l              10037c9d f   LIBCMT:wcstoq.obj
 0001:00036cb8       __wcstoull_l               10037cb8 f   LIBCMT:wcstoq.obj
 0001:00036cc1       __wcstoumax_l              10037cc1 f   LIBCMT:wcstoq.obj
 0001:00036cca       _wcstof                    10037cca f   LIBCMT:wcstoq.obj
 0001:00036cdf       _wcstoimax                 10037cdf f   LIBCMT:wcstoq.obj
 0001:00036ce8       _wcstold                   10037ce8 f   LIBCMT:wcstoq.obj
 0001:00036cf1       _wcstoll                   10037cf1 f   LIBCMT:wcstoq.obj
 0001:00036cfa       _wcstoull                  10037cfa f   LIBCMT:wcstoq.obj
 0001:00036d03       _wcstoumax                 10037d03 f   LIBCMT:wcstoq.obj
 0001:00036d0c       __towlower_l               10037d0c f   LIBCMT:towlower.obj
 0001:00036dbd       _towlower                  10037dbd f   LIBCMT:towlower.obj
 0001:00036dce       __wcstod_l                 10037dce f   LIBCMT:wcstod.obj
 0001:00036ec9       _wcstod                    10037ec9 f   LIBCMT:wcstod.obj
 0001:00036ee0       __allmul                   10037ee0 f   LIBCMT:llmul.obj
 0001:00036f14       ___crtLCMapStringW         10037f14 f   LIBCMT:w_map.obj
 0001:00036f43       __wfltin2                  10037f43 f   LIBCMT:wcfin.obj
 0001:00036ff0       ___WSTRINGTOLD_L           10037ff0 f   LIBCMT:wstrgtold.obj
 0001:0003704b       ___wstrgtold12_l           1003804b f   LIBCMT:wstrgtold.obj
 0001:0003789c       _GetModuleHandleA@4        1003889c f   kernel32:KERNEL32.dll
 0001:000378a2       _GetProcAddress@8          100388a2 f   kernel32:KERNEL32.dll
 0001:000378a8       _HeapAlloc@12              100388a8 f   kernel32:KERNEL32.dll
 0001:000378ae       _IsDebuggerPresent@0       100388ae f   kernel32:KERNEL32.dll
 0001:000378b4       _IsProcessorFeaturePresent@4 100388b4 f   kernel32:KERNEL32.dll
 0001:000378ba       _EncodePointer@4           100388ba f   kernel32:KERNEL32.dll
 0001:000378c0       _DecodePointer@4           100388c0 f   kernel32:KERNEL32.dll
 0001:000378c6       _GetLastError@0            100388c6 f   kernel32:KERNEL32.dll
 0001:000378cc       _ExitProcess@4             100388cc f   kernel32:KERNEL32.dll
 0001:000378d2       _GetModuleHandleExW@12     100388d2 f   kernel32:KERNEL32.dll
 0001:000378d8       _AreFileApisANSI@0         100388d8 f   kernel32:KERNEL32.dll
 0001:000378de       _MultiByteToWideChar@24    100388de f   kernel32:KERNEL32.dll
 0001:000378e4       _WideCharToMultiByte@32    100388e4 f   kernel32:KERNEL32.dll
 0001:000378ea       _HeapFree@12               100388ea f   kernel32:KERNEL32.dll
 0001:000378f0       _HeapReAlloc@16            100388f0 f   kernel32:KERNEL32.dll
 0001:000378f6       _EnterCriticalSection@4    100388f6 f   kernel32:KERNEL32.dll
 0001:000378fc       _LeaveCriticalSection@4    100388fc f   kernel32:KERNEL32.dll
 0001:00037902       _GetStdHandle@4            10038902 f   kernel32:KERNEL32.dll
 0001:00037908       _GetFileType@4             10038908 f   kernel32:KERNEL32.dll
 0001:0003790e       _GetModuleFileNameW@12     1003890e f   kernel32:KERNEL32.dll
 0001:00037914       _WriteConsoleW@20          10038914 f   kernel32:KERNEL32.dll
 0001:0003791a       _GetCommandLineA@0         1003891a f   kernel32:KERNEL32.dll
 0001:00037920       _GetCurrentThreadId@0      10038920 f   kernel32:KERNEL32.dll
 0001:00037926       _WriteFile@20              10038926 f   kernel32:KERNEL32.dll
 0001:0003792c       _GetProcessHeap@0          1003892c f   kernel32:KERNEL32.dll
 0001:00037932       _RaiseException@16         10038932 f   kernel32:KERNEL32.dll
 0001:00037938       _UnhandledExceptionFilter@4 10038938 f   kernel32:KERNEL32.dll
 0001:0003793e       _SetUnhandledExceptionFilter@4 1003893e f   kernel32:KERNEL32.dll
 0001:00037944       _SetLastError@4            10038944 f   kernel32:KERNEL32.dll
 0001:0003794a       _InitializeCriticalSectionAndSpinCount@8 1003894a f   kernel32:KERNEL32.dll
 0001:00037950       _CreateEventW@16           10038950 f   kernel32:KERNEL32.dll
 0001:00037956       _Sleep@4                   10038956 f   kernel32:KERNEL32.dll
 0001:0003795c       _GetCurrentProcess@0       1003895c f   kernel32:KERNEL32.dll
 0001:00037962       _TerminateProcess@8        10038962 f   kernel32:KERNEL32.dll
 0001:00037968       _TlsAlloc@0                10038968 f   kernel32:KERNEL32.dll
 0001:0003796e       _TlsGetValue@4             1003896e f   kernel32:KERNEL32.dll
 0001:00037974       _TlsSetValue@8             10038974 f   kernel32:KERNEL32.dll
 0001:0003797a       _TlsFree@4                 1003897a f   kernel32:KERNEL32.dll
 0001:00037980       _GetStartupInfoW@4         10038980 f   kernel32:KERNEL32.dll
 0001:00037986       _GetTickCount@0            10038986 f   kernel32:KERNEL32.dll
 0001:0003798c       _GetModuleHandleW@4        1003898c f   kernel32:KERNEL32.dll
 0001:00037992       _CreateSemaphoreW@16       10038992 f   kernel32:KERNEL32.dll
 0001:00037998       _DeleteCriticalSection@4   10038998 f   kernel32:KERNEL32.dll
 0001:0003799e       _FatalAppExitA@8           1003899e f   kernel32:KERNEL32.dll
 0001:000379a4       _SetConsoleCtrlHandler@8   100389a4 f   kernel32:KERNEL32.dll
 0001:000379aa       _FreeLibrary@4             100389aa f   kernel32:KERNEL32.dll
 0001:000379b0       _LoadLibraryExW@12         100389b0 f   kernel32:KERNEL32.dll
 0001:000379b6       _IsValidCodePage@4         100389b6 f   kernel32:KERNEL32.dll
 0001:000379bc       _GetACP@0                  100389bc f   kernel32:KERNEL32.dll
 0001:000379c2       _GetOEMCP@0                100389c2 f   kernel32:KERNEL32.dll
 0001:000379c8       _GetCPInfo@8               100389c8 f   kernel32:KERNEL32.dll
 0001:000379ce       _CloseHandle@4             100389ce f   kernel32:KERNEL32.dll
 0001:000379d4       _RtlUnwind@16              100389d4 f   kernel32:KERNEL32.dll
 0001:000379da       _ReadFile@20               100389da f   kernel32:KERNEL32.dll
 0001:000379e0       _GetConsoleMode@8          100389e0 f   kernel32:KERNEL32.dll
 0001:000379e6       _ReadConsoleW@20           100389e6 f   kernel32:KERNEL32.dll
 0001:000379ec       _GetConsoleCP@0            100389ec f   kernel32:KERNEL32.dll
 0001:000379f2       _DeleteFileW@4             100389f2 f   kernel32:KERNEL32.dll
 0001:000379f8       _SetFilePointerEx@20       100389f8 f   kernel32:KERNEL32.dll
 0001:000379fe       _OutputDebugStringW@4      100389fe f   kernel32:KERNEL32.dll
 0001:00037a04       _GetCurrentThread@0        10038a04 f   kernel32:KERNEL32.dll
 0001:00037a0a       _GetModuleFileNameA@12     10038a0a f   kernel32:KERNEL32.dll
 0001:00037a10       _QueryPerformanceCounter@4 10038a10 f   kernel32:KERNEL32.dll
 0001:00037a16       _GetCurrentProcessId@0     10038a16 f   kernel32:KERNEL32.dll
 0001:00037a1c       _GetSystemTimeAsFileTime@4 10038a1c f   kernel32:KERNEL32.dll
 0001:00037a22       _GetEnvironmentStringsW@0  10038a22 f   kernel32:KERNEL32.dll
 0001:00037a28       _FreeEnvironmentStringsW@4 10038a28 f   kernel32:KERNEL32.dll
 0001:00037a2e       _HeapSize@12               10038a2e f   kernel32:KERNEL32.dll
 0001:00037a34       _GetDateFormatW@24         10038a34 f   kernel32:KERNEL32.dll
 0001:00037a3a       _GetTimeFormatW@24         10038a3a f   kernel32:KERNEL32.dll
 0001:00037a40       _CompareStringW@24         10038a40 f   kernel32:KERNEL32.dll
 0001:00037a46       _LCMapStringW@24           10038a46 f   kernel32:KERNEL32.dll
 0001:00037a4c       _GetLocaleInfoW@16         10038a4c f   kernel32:KERNEL32.dll
 0001:00037a52       _IsValidLocale@8           10038a52 f   kernel32:KERNEL32.dll
 0001:00037a58       _GetUserDefaultLCID@0      10038a58 f   kernel32:KERNEL32.dll
 0001:00037a5e       _EnumSystemLocalesW@8      10038a5e f   kernel32:KERNEL32.dll
 0001:00037a64       _GetStringTypeW@16         10038a64 f   kernel32:KERNEL32.dll
 0001:00037a6a       _FlushFileBuffers@4        10038a6a f   kernel32:KERNEL32.dll
 0001:00037a70       _SetStdHandle@8            10038a70 f   kernel32:KERNEL32.dll
 0001:00037a76       _CreateFileW@28            10038a76 f   kernel32:KERNEL32.dll
 0001:00037a7c       _SetEndOfFile@4            10038a7c f   kernel32:KERNEL32.dll
 0002:00000000       ___xc_a                    10043000     LIBCMT:crt0init.obj
 0002:00000104       ___xc_z                    10043104     LIBCMT:crt0init.obj
 0002:00000208       ___xi_a                    10043208     LIBCMT:crt0init.obj
 0002:00000420       ___xi_z                    10043420     LIBCMT:crt0init.obj
 0002:00000524       ___xp_a                    10043524     LIBCMT:crt0init.obj
 0002:00000838       ___xp_z                    10043838     LIBCMT:crt0init.obj
 0002:0000093c       ___xt_a                    1004393c     LIBCMT:crt0init.obj
 0002:00000a40       ___xt_z                    10043a40     LIBCMT:crt0init.obj
 0002:00000b88       _Hybrid_PID_M              10043b88     Hybrid_PID.obj
 0002:00000b8c       ??_C@_0BI@PEBACBDB@Error?5creating?5scope?53?6?$AA@ 10043b8c     Hybrid_PID.obj
 0002:00000ba8       ??_C@_0BH@EKMHGNPN@X_Encoder?1count_to_mm1?$AA@ 10043ba8     Hybrid_PID.obj
 0002:00000bc4       ??_C@_0BI@PHJEPFFP@Error?5creating?5scope?51?6?$AA@ 10043bc4     Hybrid_PID.obj
 0002:00000be0       ??_C@_09LIAEOFKL@Xdata?4dat?$AA@ 10043be0     Hybrid_PID.obj
 0002:00000bec       ??_C@_0BI@PCNLODNK@Error?5creating?5scope?56?6?$AA@ 10043bec     Hybrid_PID.obj
 0002:00000c08       ??_C@_0BH@HFJGCGKD@Y_encoder?5?1count_to_mm?$AA@ 10043c08     Hybrid_PID.obj
 0002:00000c24       ??_C@_0BI@PBFPDHLE@Error?5creating?5scope?54?6?$AA@ 10043c24     Hybrid_PID.obj
 0002:00000c40       ??_C@_09FHMGIOJF@Ydata?4dat?$AA@ 10043c40     Hybrid_PID.obj
 0002:00000c4c       ??_C@_0BI@PDBJIJON@Error?5creating?5scope?57?6?$AA@ 10043c4c     Hybrid_PID.obj
 0002:00000c68       ??_C@_0BG@HNLKCFNF@Z_encoder?1count_to_mm?$AA@ 10043c68     Hybrid_PID.obj
 0002:00000c84       ??_C@_0BI@PJIHKEOH@Error?5creating?5scope?59?6?$AA@ 10043c84     Hybrid_PID.obj
 0002:00000ca0       ??_C@_09LMPBDFJG@Zdata?4dat?$AA@ 10043ca0     Hybrid_PID.obj
 0002:00000cac       ??_C@_0BI@PFNCELAG@Error?5creating?5scope?52?6?$AA@ 10043cac     Hybrid_PID.obj
 0002:00000cc8       ??_C@_0CI@MGCKCNND@X?5Position?5signal?1Data?5Type?5Conv@ 10043cc8     Hybrid_PID.obj
 0002:00000cf8       ??_C@_0CI@GJGOLPJE@Y?5Position?5signal?1Data?5Type?5Conv@ 10043cf8     Hybrid_PID.obj
 0002:00000d28       ??_C@_0CI@EDNCAPBM@Z?5Position?5signal?1Data?5Type?5Conv@ 10043d28     Hybrid_PID.obj
 0002:00000d58       ??_C@_0CE@HNMECMCN@Force?5Subsystem?1Byte?5Unpacking?51@ 10043d58     Hybrid_PID.obj
 0002:00000d84       ??_C@_0CE@OIFNMAEP@Force?5Reference?1Force?5Matrix?5out@ 10043d84     Hybrid_PID.obj
 0002:00000db0       ??_C@_0BG@OOMJLOH@Data?5Type?5Conversion1?$AA@ 10043db0     Hybrid_PID.obj
 0002:00000dcc       ??_C@_0BI@PAJNFNID@Error?5creating?5scope?55?6?$AA@ 10043dcc     Hybrid_PID.obj
 0002:00000de8       ??_C@_07FDDKLPMO@var?4dat?$AA@ 10043de8     Hybrid_PID.obj
 0002:00000df4       ??_C@_04GDMNHCBG@ode4?$AA@ 10043df4     Hybrid_PID.obj
 0002:00000dfc       ??_C@_04EPKDLPPB@tout?$AA@ 10043dfc     Hybrid_PID.obj
 0002:00000e02       ??_C@_00CNPNBAHC@?$AA@     10043e02     Hybrid_PID.obj
 0002:00000e04       ??_C@_03HBFGMJOD@rt_?$AA@  10043e04     Hybrid_PID.obj
 0002:00000e08       ??_C@_0BA@ILODDMJB@CNT32?98M?$CIPCI?$CJ?52?$AA@ 10043e08     Hybrid_PID.obj
 0002:00000e1c       ??_C@_0CF@EBFFLNGH@Hybrid_PID?1X_Encoder?1CNT32?98M?$CIPC@ 10043e1c     Hybrid_PID.obj
 0002:00000e48       ??_C@_0BA@KAMOGPFC@CNT32?98M?$CIPCI?$CJ?51?$AA@ 10043e48     Hybrid_PID.obj
 0002:00000e5c       ??_C@_0CG@BBHCMEMI@Hybrid_PID?1Y_encoder?5?1CNT32?98M?$CIP@ 10043e5c     Hybrid_PID.obj
 0002:00000e8c       ??_C@_09JLALMMJD@Receive?51?$AA@ 10043e8c     Hybrid_PID.obj
 0002:00000e98       ??_C@_0CF@DIAMGKAO@Hybrid_PID?1Force?5Subsystem?1Recei@ 10043e98     Hybrid_PID.obj
 0002:00000ec4       ??_C@_0CF@IBOEFLLB@Hybrid_PID?1Z_encoder?1CNT32?98M?$CIPC@ 10043ec4     Hybrid_PID.obj
 0002:00000ef0       ??_C@_0O@GDKFENNN@PCI?9DDA08?512?5?$AA@ 10043ef0     Hybrid_PID.obj
 0002:00000f00       ??_C@_0BJ@DMJANGHC@Hybrid_PID?1PCI?9DDA08?512?5?$AA@ 10043f00     Hybrid_PID.obj
 0002:00000f20       ??_C@_0BA@OBLCOPFK@PCI?9DDA?508?512?54?$AA@ 10043f20     Hybrid_PID.obj
 0002:00000f34       ??_C@_0CP@DKCMPPHD@Hybrid_PID?1X?5output?5processing?1P@ 10043f34     Hybrid_PID.obj
 0002:00000f6c       ??_C@_0BA@KOPDHJJN@PCI?9DDA?508?512?53?$AA@ 10043f6c     Hybrid_PID.obj
 0002:00000f80       ??_C@_0CP@OABNLNCB@Hybrid_PID?1Y?5output?5processing?1P@ 10043f80     Hybrid_PID.obj
 0002:00000fb8       ??_C@_0P@MGKGOBE@PCI?9DDA08?512?53?$AA@ 10043fb8     Hybrid_PID.obj
 0002:00000fcc       ??_C@_0CO@GNPOLIOP@Hybrid_PID?1Z?5output?5processing?1P@ 10043fcc     Hybrid_PID.obj
 0002:00001004       ??_C@_0BA@JMMFBLBP@PCI?9DDA?508?512?51?$AA@ 10044004     Hybrid_PID.obj
 0002:00001018       ??_C@_0CP@LGMLKEFN@Hybrid_PID?1Z?5output?5processing?1P@ 10044018     Hybrid_PID.obj
 0002:00001050       __real@0000000000000000    10044050     Hybrid_PID.obj
 0002:00001060       __real@3f50624dd2f1a9fc    10044060     Hybrid_PID.obj
 0002:00001070       __real@3fc5555555555555    10044070     Hybrid_PID.obj
 0002:00001080       __real@3fe0000000000000    10044080     Hybrid_PID.obj
 0002:00001090       __real@3ff0000000000000    10044090     Hybrid_PID.obj
[...]
 0003:000908c8       ___app_type                100e58c8     LIBCMT:crt0msg.obj
 0003:00090ef8       __newmode                  100e5ef8     LIBCMT:_newmode.obj
 0003:00090efc       __crtheap                  100e5efc     LIBCMT:heapinit.obj
 0003:00090f00       ___pInvalidArgHandler      100e5f00     LIBCMT:invarg.obj
 0003:00090f04       __stdbuf                   100e5f04     LIBCMT:_sftbuf.obj
 0003:00091060       __maxwait                  100e6060     LIBCMT:crtheap.obj
 0003:00091064       ?__pInconsistency@@3P6AXXZA 100e6064     LIBCMT:hooks.obj
 0003:00091068       ___pPurecall               100e6068     LIBCMT:inithelp.obj
 0003:00091084       ___mbcodepage              100e6084     LIBCMT:mbctype.obj
 0003:00091088       ___ismbcodepage            100e6088     LIBCMT:mbctype.obj
 0003:0009108c       ___mbulinfo                100e608c     LIBCMT:mbctype.obj
 0003:00091098       ___mblocalename            100e6098     LIBCMT:mbctype.obj
 0003:000910a0       ___pioinfo                 100e60a0     LIBCMT:ioinit.obj
 0003:000911a0       ___error_mode              100e61a0     LIBCMT:errmode.obj
 0003:000912c0       __outputformat             100e62c0     LIBCMT:outputformat.obj
 0003:000912c8       __commode                  100e62c8     LIBCMT:ncommode.obj
 0003:000912cc       ___lconv_static_null       100e62cc     LIBCMT:lconv.obj
 0003:000912d0       ___lconv_static_W_null     100e62d0     LIBCMT:lconv.obj
 0003:000912d4       ___locale_changed          100e62d4     LIBCMT:wsetloca.obj
 0003:000912d8       __fmode                    100e62d8     LIBCMT:txtmode.obj
 0003:000912e0       _CANAC2_2_receiveindex_mb3 100e62e0     <common>
 0003:000943b4       _CANAC2_2_receivemaxindex_mb3 100e93b4     <common>
 0003:000943c0       _CANAC2_2_sendindex_mb3    100e93c0     <common>
 0003:000946e0       _CANAC2_2_sendmaxindex_mb3 100e96e0     <common>
 0003:00094700       _CANAC2_1_receiveindex_mb3 100e9700     <common>
 0003:00094a20       _CANAC2_1_receivemaxindex_mb3 100e9a20     <common>
 0003:00094a40       _CANAC2_1_sendindex_mb3    100e9a40     <common>
 0003:00094d60       _CANAC2_1_sendmaxindex_mb3 100e9d60     <common>
 0003:00094d80       _CANAC2_2_receive_mb3      100e9d80     <common>
 0003:000950a0       _CANAC2_2_send_mb3         100ea0a0     <common>
 0003:000953c0       _CANAC2_1_receive_mb3      100ea3c0     <common>
 0003:000956e0       _CANAC2_1_send_mb3         100ea6e0     <common>
 0003:00095a00       _CANAC2_2_receiveindex_mb2 100eaa00     <common>
 0003:00095d20       _CANAC2_2_receivemaxindex_mb2 100ead20     <common>
 0003:00095d40       _CANAC2_2_sendindex_mb2    100ead40     <common>
 0003:00096060       _CANAC2_2_sendmaxindex_mb2 100eb060     <common>
 0003:00096080       _CANAC2_1_receiveindex_mb2 100eb080     <common>
 0003:000963a0       _CANAC2_1_receivemaxindex_mb2 100eb3a0     <common>
 0003:000963c0       _CANAC2_1_sendindex_mb2    100eb3c0     <common>
 0003:000966e0       _CANAC2_1_sendmaxindex_mb2 100eb6e0     <common>
 0003:00096700       _CANAC2_2_receive_mb2      100eb700     <common>
 0003:00096a20       _CANAC2_2_send_mb2         100eba20     <common>
 0003:00096d40       _CANAC2_1_receive_mb2      100ebd40     <common>
 0003:00097060       _CANAC2_1_send_mb2         100ec060     <common>
 0003:00097380       _CANAC2_2_receiveindex_mb1 100ec380     <common>
 0003:000976a0       _CANAC2_2_receivemaxindex_mb1 100ec6a0     <common>
 0003:000976c0       _CANAC2_2_sendindex_mb1    100ec6c0     <common>
 0003:000979e0       _CANAC2_2_sendmaxindex_mb1 100ec9e0     <common>
 0003:00097a00       _CANAC2_1_receiveindex_mb1 100eca00     <common>
 0003:00097d20       _CANAC2_1_receivemaxindex_mb1 100ecd20     <common>
 0003:00097d40       _CANAC2_1_sendindex_mb1    100ecd40     <common>
 0003:00098060       _CANAC2_1_sendmaxindex_mb1 100ed060     <common>
 0003:00098080       _CANAC2_2_receive_mb1      100ed080     <common>
 0003:000983a0       _CANAC2_2_send_mb1         100ed3a0     <common>
 0003:000986c0       _CANAC2_1_receive_mb1      100ed6c0     <common>
 0003:000989e0       _CANAC2_1_send_mb1         100ed9e0     <common>
 0003:00098d00       _CANAC2_2_receiveindex     100edd00     <common>
 0003:00099020       _CANAC2_2_receivemaxindex  100ee020     <common>
 0003:00099040       _CANAC2_2_sendindex        100ee040     <common>
 0003:00099360       _CANAC2_2_sendmaxindex     100ee360     <common>
 0003:00099380       _CANAC2_1_receiveindex     100ee380     <common>
 0003:000996a0       _CANAC2_1_receivemaxindex  100ee6a0     <common>
 0003:000996c0       _CANAC2_1_sendindex        100ee6c0     <common>
 0003:000999e0       _CANAC2_1_sendmaxindex     100ee9e0     <common>
 0003:00099a00       _CANAC2_2_receive          100eea00     <common>
 0003:00099d20       _CANAC2_2_send             100eed20     <common>
 0003:0009a040       _CANAC2_1_receive          100ef040     <common>
 0003:0009a360       _CANAC2_1_send             100ef360     <common>
 0003:0009a680       _siepowercan_can_object_buffer_port2 100ef680     <common>
 0003:0009e6a0       _siepowercan_can_object_buffer_port1 100f36a0     <common>
 0003:000a26a0       _rtNaNF                    100f76a0     <common>
 0003:000a26b4       _rtMinusInfF               100f76b4     <common>
 0003:000a26b8       _rtInfF                    100f76b8     <common>
 0003:000a26c0       _rtNaN                     100f76c0     <common>
 0003:000a26c8       _rtMinusInf                100f76c8     <common>
 0003:000a26d0       _rtInf                     100f76d0     <common>
 0003:000a26e0       _Hybrid_PID_M_             100f76e0     <common>
 0003:000a5e80       _Hybrid_PID_DW             100fae80     <common>
 0003:000a6020       _Hybrid_PID_X              100fb020     <common>
 0003:000a6060       _Hybrid_PID_B              100fb060     <common>
 0003:000a6328       _xpceaddEvent              100fb328     <common>
 0003:000a6378       _xpceDeRegisterISR         100fb378     <common>
 0003:000a637c       _xpceRegisterISR           100fb37c     <common>
 0003:000a6380       _xpcIsModelInit            100fb380     <common>
 0003:000a6384       _xpcGetElapsedTime         100fb384     <common>
 0003:000a6388       _xpcBusyWait               100fb388     <common>
 0003:000a638c       _xpcFreePhysicalMemory     100fb38c     <common>
 0003:000a6390       _xpcAllocPhysicalMemory    100fb390     <common>
 0003:000a6394       _xpcReserveMemoryRegion    100fb394     <common>
 0003:000a6398       _xpcOutpB                  100fb398     <common>
 0003:000a639c       _xpcOutpW                  100fb39c     <common>
 0003:000a63a0       _xpcOutpDW                 100fb3a0     <common>
 0003:000a63a4       _xpcInpB                   100fb3a4     <common>
 0003:000a63a8       _xpcInpW                   100fb3a8     <common>
 0003:000a63ac       _xpcInpDW                  100fb3ac     <common>
 0003:000a63b0       _slTestRegAssessment       100fb3b0     <common>
 0003:000a63b4       _slTestTerminate           100fb3b4     <common>
 0003:000a63b8       _slTestEvalOnFail          100fb3b8     <common>
 0003:000a63bc       _slTestLogAssessments      100fb3bc     <common>
 0003:000a63c0       _slTestInitialize          100fb3c0     <common>
 0003:000a63c4       _unRegisterPTPTimeRead     100fb3c4     <common>
 0003:000a63c8       _registerPTPTimeRead       100fb3c8     <common>
 0003:000a63cc       _slrteGetCurrentStepSize   100fb3cc     <common>
 0003:000a63d0       _slrteSetStepSizeDelta     100fb3d0     <common>
 0003:000a63d4       _xpceGetIntTimerGranularityNS 100fb3d4     <common>
 0003:000a63d8       _sendToAsyncQueueTgtAppSvc 100fb3d8     <common>
 0003:000a63dc       _terminateToAsyncQueueTgtAppSvc 100fb3dc     <common>
 0003:000a63e0       _startToAsyncQueueTgtAppSvc 100fb3e0     <common>
 0003:000a63e4       _getStatusFlags            100fb3e4     <common>
 0003:000a63e8       _getCommService            100fb3e8     <common>
 0003:000a63ec       _getMemoryService          100fb3ec     <common>
 0003:000a63f0       _StreamVideo               100fb3f0     <common>
 0003:000a63f4       _StopVideoDisplay          100fb3f4     <common>
 0003:000a63f8       _StartVideoDisplay         100fb3f8     <common>
 0003:000a63fc       _DestroyVideoDisplay       100fb3fc     <common>
 0003:000a6400       _CreateVideoDisplay        100fb400     <common>
 0003:000a6404       _ConvertUImage             100fb404     <common>
 0003:000a6408       _StopVideo                 100fb408     <common>
 0003:000a640c       _ReadFrameBuffer           100fb40c     <common>
 0003:000a6410       _StartVideo                100fb410     <common>
 0003:000a6414       _GetVideoConfigs           100fb414     <common>
 0003:000a6418       _FindUsbVideoDevice        100fb418     <common>
 0003:000a641c       _xpceDeleteSemaphore       100fb41c     <common>
 0003:000a6420       _xpceSignalSemaphore       100fb420     <common>
 0003:000a6424       _xpceWaitSemaphore         100fb424     <common>
 0003:000a6428       _xpceCreateSemaphore       100fb428     <common>
 0003:000a642c       _TBGiveSpinFast            100fb42c     <common>
 0003:000a6430       _TBTakeSpinFast            100fb430     <common>
 0003:000a6434       _TBDeleteSpin              100fb434     <common>
 0003:000a6438       _TBCreateSpin              100fb438     <common>
 0003:000a643c       _xpceScopeAcqOK            100fb43c     <common>
 0003:000a6440       _rl32eRestartAcquisition   100fb440     <common>
 0003:000a6444       _rl32eSetTargetScopeSigFt  100fb444     <common>
 0003:000a6448       _rl32eSetTargetScope       100fb448     <common>
 0003:000a644c       _xpceFSScopeSet            100fb44c     <common>
 0003:000a6450       _rl32eSetScope             100fb450     <common>
 0003:000a6454       _rl32eAddSignal            100fb454     <common>
 0003:000a6458       _rl32eGetSignalNo          100fb458     <common>
 0003:000a645c       _rl32eDefScope             100fb45c     <common>
 0003:000a6460       _rl32eScopeExists          100fb460     <common>
 0003:000a6464       _xpceUDPClose              100fb464     <common>
 0003:000a6468       _xpceUDPReceive            100fb468     <common>
 0003:000a646c       _xpceUDPSend               100fb46c     <common>
 0003:000a6470       _xpceUDPOpenReceive        100fb470     <common>
 0003:000a6474       _xpceUDPOpenSend           100fb474     <common>
 0003:000a6478       _rl32eSendBlock            100fb478     <common>
 0003:000a647c       _rl32eLineStatus           100fb47c     <common>
 0003:000a6480       _rl32eReceiveBufferCount   100fb480     <common>
 0003:000a6484       _rl32eReceiveChar          100fb484     <common>
 0003:000a6488       _rl32eSendChar             100fb488     <common>
 0003:000a648c       _rl32eCloseCOMPort         100fb48c     <common>
 0003:000a6490       _rl32eInitCOMPort          100fb490     <common>
 0003:000a6494       _xpceGetParamDims          100fb494     <common>
 0003:000a6498       _xpceGetParameter          100fb498     <common>
 0003:000a649c       _xpceSetParameter          100fb49c     <common>
 0003:000a64a0       _xpceGetSignalValue        100fb4a0     <common>
 0003:000a64a4       _xpceAssignPCIInterrupt    100fb4a4     <common>
 0003:000a64a8       _rl32eGetPCIInfoAtSlot     100fb4a8     <common>
 0003:000a64ac       _rl32eGetPCIInfo           100fb4ac     <common>
 0003:000a64b0       _rl32eShowPCIInfo          100fb4b0     <common>
 0003:000a64b4       _rl32eShowPCIDev           100fb4b4     <common>
 0003:000a64b8       _xpceGetTET                100fb4b8     <common>
 0003:000a64bc       _xpceFTSubtract            100fb4bc     <common>
 0003:000a64c0       _xpceFTAdd                 100fb4c0     <common>
 0003:000a64c4       _xpceFTReadTime            100fb4c4     <common>
 0003:000a64c8       ___unguarded_readlc_active 100fb4c8     <common>
 0003:000a64d8       ___setlc_active            100fb4d8     <common>
 0003:000a64dc       __nhandle                  100fb4dc     <common>
 0003:000a6500       _encodedKERNEL32Functions  100fb500     <common>
 0003:000a65a8       __debugger_hook_dummy      100fb5a8     <common>
 0003:000a65b4       __pDestructExceptionObject 100fb5b4     <common>
 0003:000a65c0       __acmdln                   100fb5c0     <common>
 0003:000a65e0       __bufin                    100fb5e0     <common>
 0003:000a791c       ___piob                    100fc91c     <common>
 0003:000a7920       __nstream                  100fc920     <common>
 0003:000a7924       ___dyn_tls_init_callback   100fc924     <common>
 0003:000a7934       ___onexitend               100fc934     <common>
 0003:000a7938       ___onexitbegin             100fc938     <common>
 0003:000a793c       ___mbctype_initialized     100fc93c     <common>
 0003:000a7940       ___env_initialized         100fc940     <common>
 0004:00000000       __imp__GetModuleHandleA@4  100fd000     kernel32:KERNEL32.dll
 0004:00000004       __imp__GetProcAddress@8    100fd004     kernel32:KERNEL32.dll
 0004:00000008       __imp__HeapAlloc@12        100fd008     kernel32:KERNEL32.dll
 0004:0000000c       __imp__IsDebuggerPresent@0 100fd00c     kernel32:KERNEL32.dll
 0004:00000010       __imp__IsProcessorFeaturePresent@4 100fd010     kernel32:KERNEL32.dll
 0004:00000014       __imp__EncodePointer@4     100fd014     kernel32:KERNEL32.dll
 0004:00000018       __imp__DecodePointer@4     100fd018     kernel32:KERNEL32.dll
 0004:0000001c       __imp__GetLastError@0      100fd01c     kernel32:KERNEL32.dll
 0004:00000020       __imp__ExitProcess@4       100fd020     kernel32:KERNEL32.dll
 0004:00000024       __imp__GetModuleHandleExW@12 100fd024     kernel32:KERNEL32.dll
 0004:00000028       __imp__AreFileApisANSI@0   100fd028     kernel32:KERNEL32.dll
 0004:0000002c       __imp__MultiByteToWideChar@24 100fd02c     kernel32:KERNEL32.dll
 0004:00000030       __imp__WideCharToMultiByte@32 100fd030     kernel32:KERNEL32.dll
 0004:00000034       __imp__HeapFree@12         100fd034     kernel32:KERNEL32.dll
 0004:00000038       __imp__HeapReAlloc@16      100fd038     kernel32:KERNEL32.dll
 0004:0000003c       __imp__EnterCriticalSection@4 100fd03c     kernel32:KERNEL32.dll
 0004:00000040       __imp__LeaveCriticalSection@4 100fd040     kernel32:KERNEL32.dll
 0004:00000044       __imp__GetStdHandle@4      100fd044     kernel32:KERNEL32.dll
 0004:00000048       __imp__GetFileType@4       100fd048     kernel32:KERNEL32.dll
 0004:0000004c       __imp__GetModuleFileNameW@12 100fd04c     kernel32:KERNEL32.dll
 0004:00000050       __imp__WriteConsoleW@20    100fd050     kernel32:KERNEL32.dll
 0004:00000054       __imp__GetCommandLineA@0   100fd054     kernel32:KERNEL32.dll
 0004:00000058       __imp__GetCurrentThreadId@0 100fd058     kernel32:KERNEL32.dll
 0004:0000005c       __imp__WriteFile@20        100fd05c     kernel32:KERNEL32.dll
 0004:00000060       __imp__GetProcessHeap@0    100fd060     kernel32:KERNEL32.dll
 0004:00000064       __imp__RaiseException@16   100fd064     kernel32:KERNEL32.dll
 0004:00000068       __imp__UnhandledExceptionFilter@4 100fd068     kernel32:KERNEL32.dll
 0004:0000006c       __imp__SetUnhandledExceptionFilter@4 100fd06c     kernel32:KERNEL32.dll
 0004:00000070       __imp__SetLastError@4      100fd070     kernel32:KERNEL32.dll
 0004:00000074       __imp__InitializeCriticalSectionAndSpinCount@8 100fd074     kernel32:KERNEL32.dll
 0004:00000078       __imp__CreateEventW@16     100fd078     kernel32:KERNEL32.dll
 0004:0000007c       __imp__Sleep@4             100fd07c     kernel32:KERNEL32.dll
 0004:00000080       __imp__GetCurrentProcess@0 100fd080     kernel32:KERNEL32.dll
 0004:00000084       __imp__TerminateProcess@8  100fd084     kernel32:KERNEL32.dll
 0004:00000088       __imp__TlsAlloc@0          100fd088     kernel32:KERNEL32.dll
 0004:0000008c       __imp__TlsGetValue@4       100fd08c     kernel32:KERNEL32.dll
 0004:00000090       __imp__TlsSetValue@8       100fd090     kernel32:KERNEL32.dll
 0004:00000094       __imp__TlsFree@4           100fd094     kernel32:KERNEL32.dll
 0004:00000098       __imp__GetStartupInfoW@4   100fd098     kernel32:KERNEL32.dll
 0004:0000009c       __imp__GetTickCount@0      100fd09c     kernel32:KERNEL32.dll
 0004:000000a0       __imp__GetModuleHandleW@4  100fd0a0     kernel32:KERNEL32.dll
 0004:000000a4       __imp__CreateSemaphoreW@16 100fd0a4     kernel32:KERNEL32.dll
 0004:000000a8       __imp__DeleteCriticalSection@4 100fd0a8     kernel32:KERNEL32.dll
 0004:000000ac       __imp__FatalAppExitA@8     100fd0ac     kernel32:KERNEL32.dll
 0004:000000b0       __imp__SetConsoleCtrlHandler@8 100fd0b0     kernel32:KERNEL32.dll
 0004:000000b4       __imp__FreeLibrary@4       100fd0b4     kernel32:KERNEL32.dll
 0004:000000b8       __imp__LoadLibraryExW@12   100fd0b8     kernel32:KERNEL32.dll
 0004:000000bc       __imp__IsValidCodePage@4   100fd0bc     kernel32:KERNEL32.dll
 0004:000000c0       __imp__GetACP@0            100fd0c0     kernel32:KERNEL32.dll
 0004:000000c4       __imp__GetOEMCP@0          100fd0c4     kernel32:KERNEL32.dll
 0004:000000c8       __imp__GetCPInfo@8         100fd0c8     kernel32:KERNEL32.dll
 0004:000000cc       __imp__CloseHandle@4       100fd0cc     kernel32:KERNEL32.dll
 0004:000000d0       __imp__RtlUnwind@16        100fd0d0     kernel32:KERNEL32.dll
 0004:000000d4       __imp__ReadFile@20         100fd0d4     kernel32:KERNEL32.dll
 0004:000000d8       __imp__GetConsoleMode@8    100fd0d8     kernel32:KERNEL32.dll
 0004:000000dc       __imp__ReadConsoleW@20     100fd0dc     kernel32:KERNEL32.dll
 0004:000000e0       __imp__GetConsoleCP@0      100fd0e0     kernel32:KERNEL32.dll
 0004:000000e4       __imp__DeleteFileW@4       100fd0e4     kernel32:KERNEL32.dll
 0004:000000e8       __imp__SetFilePointerEx@20 100fd0e8     kernel32:KERNEL32.dll
 0004:000000ec       __imp__OutputDebugStringW@4 100fd0ec     kernel32:KERNEL32.dll
 0004:000000f0       __imp__GetCurrentThread@0  100fd0f0     kernel32:KERNEL32.dll
 0004:000000f4       __imp__GetModuleFileNameA@12 100fd0f4     kernel32:KERNEL32.dll
 0004:000000f8       __imp__QueryPerformanceCounter@4 100fd0f8     kernel32:KERNEL32.dll
 0004:000000fc       __imp__GetCurrentProcessId@0 100fd0fc     kernel32:KERNEL32.dll
 0004:00000100       __imp__GetSystemTimeAsFileTime@4 100fd100     kernel32:KERNEL32.dll
 0004:00000104       __imp__GetEnvironmentStringsW@0 100fd104     kernel32:KERNEL32.dll
 0004:00000108       __imp__FreeEnvironmentStringsW@4 100fd108     kernel32:KERNEL32.dll
 0004:0000010c       __imp__HeapSize@12         100fd10c     kernel32:KERNEL32.dll
 0004:00000110       __imp__GetDateFormatW@24   100fd110     kernel32:KERNEL32.dll
 0004:00000114       __imp__GetTimeFormatW@24   100fd114     kernel32:KERNEL32.dll
 0004:00000118       __imp__CompareStringW@24   100fd118     kernel32:KERNEL32.dll
 0004:0000011c       __imp__LCMapStringW@24     100fd11c     kernel32:KERNEL32.dll
 0004:00000120       __imp__GetLocaleInfoW@16   100fd120     kernel32:KERNEL32.dll
 0004:00000124       __imp__IsValidLocale@8     100fd124     kernel32:KERNEL32.dll
 0004:00000128       __imp__GetUserDefaultLCID@0 100fd128     kernel32:KERNEL32.dll
 0004:0000012c       __imp__EnumSystemLocalesW@8 100fd12c     kernel32:KERNEL32.dll
 0004:00000130       __imp__GetStringTypeW@16   100fd130     kernel32:KERNEL32.dll
 0004:00000134       __imp__FlushFileBuffers@4  100fd134     kernel32:KERNEL32.dll
 0004:00000138       __imp__SetStdHandle@8      100fd138     kernel32:KERNEL32.dll
 0004:0000013c       __imp__CreateFileW@28      100fd13c     kernel32:KERNEL32.dll
 0004:00000140       __imp__SetEndOfFile@4      100fd140     kernel32:KERNEL32.dll
 0004:00000144       \177KERNEL32_NULL_THUNK_DATA 100fd144     kernel32:KERNEL32.dll
 0004:000001b0       __IMPORT_DESCRIPTOR_KERNEL32 100fd1b0     kernel32:KERNEL32.dll
 0004:000001c4       __NULL_IMPORT_DESCRIPTOR   100fd1c4     kernel32:KERNEL32.dll

 entry point at        0001:0001833b

