 Pos_PID_xpc

 Timestamp is 587a9bb6 (Sat Jan 14 16:44:22 2017)

 Preferred load address is 10000000

 Start         Length     Name                   Class
 0001:00000000 0004248eH .text$mn                CODE
 0002:00000000 00000104H .CRT$XCA                DATA
 0002:00000104 00000104H .CRT$XCZ                DATA
 0002:00000208 00000104H .CRT$XIA                DATA
 0002:0000030c 00000118H .CRT$XIC                DATA
 0002:00000424 00000104H .CRT$XIZ                DATA
 0002:00000528 00000104H .CRT$XPA                DATA
 0002:0000062c 00000109H .CRT$XPX                DATA
 0002:00000738 00000104H .CRT$XPXA               DATA
 0002:0000083c 00000104H .CRT$XPZ                DATA
 0002:00000940 00000104H .CRT$XTA                DATA
 0002:00000a44 00000104H .CRT$XTZ                DATA
 0002:00000b50 00011e46H .rdata                  DATA
 0002:00012998 00000199H .rdata$debug            DATA
 0002:00012b40 0000010eH .rdata$sxdata           DATA
 0002:00012c50 00000104H .rtc$IAA                DATA
 0002:00012d54 00000104H .rtc$IZZ                DATA
 0002:00012e58 00000104H .rtc$TAA                DATA
 0002:00012f5c 00000104H .rtc$TZZ                DATA
 0002:00013060 00000991H .xdata$x                DATA
 0002:00013a00 00000214H .edata                  DATA
 0003:00000000 000032e3H .data                   DATA
 0003:00003300 00017484H .bss                    DATA
 0004:00000000 000001b0H .idata$5                DATA
 0004:000001b0 00000014H .idata$2                DATA
 0004:000001c4 00000014H .idata$3                DATA
 0004:000001d8 000001b0H .idata$4                DATA
 0004:00000388 0000076bH .idata$6                DATA

  Address         Publics by Value              Rva+Base       Lib:Object

 0000:00000000       ___guard_fids_table        00000000     <absolute>
 0000:00000000       ___guard_flags             00000000     <absolute>
 0000:00000000       __except_list              00000000     <absolute>
 0000:00000000       ___guard_fids_count        00000000     <absolute>
 0000:00000003       ___safe_se_handler_count   00000003     <absolute>
 0000:00000000       ___ImageBase               10000000     <linker-defined>
 0001:000003c0       _MWDSP_EPH_R_B             100013c0 f   Pos_PID.obj
 0001:00000480       _MWDSP_EPH_R_D             10001480 f   Pos_PID.obj
 0001:00000550       _MdlInitialize             10001550 f   Pos_PID.obj
 0001:00000560       _MdlInitializeSampleTimes  10001560 f   Pos_PID.obj
 0001:00000570       _MdlInitializeSizes        10001570 f   Pos_PID.obj
 0001:00000580       _MdlOutputs                10001580 f   Pos_PID.obj
 0001:00000590       _MdlStart                  10001590 f   Pos_PID.obj
 0001:000005a0       _MdlTerminate              100015a0 f   Pos_PID.obj
 0001:000005b0       _MdlUpdate                 100015b0 f   Pos_PID.obj
 0001:000005c0       _Pos_PID                   100015c0 f   Pos_PID.obj
 0001:00002420       _Pos_PID_Deadbandpulsecounter 10003420 f   Pos_PID.obj
 0001:00002480       _Pos_PID_derivatives       10003480 f   Pos_PID.obj
 0001:000024f0       _Pos_PID_initialize        100034f0 f   Pos_PID.obj
 0001:000032d0       _Pos_PID_output            100042d0 f   Pos_PID.obj
 0001:000044e0       _Pos_PID_terminate         100054e0 f   Pos_PID.obj
 0001:00004590       _Pos_PID_update            10005590 f   Pos_PID.obj
 0001:00004750       _binsearch_u32d            10005750 f   Pos_PID.obj
 0001:000047b0       _plook_u32d_bincka         100057b0 f   Pos_PID.obj
 0001:00004800       _rt_ODECreateIntegrationData 10005800 f   Pos_PID.obj
 0001:00004810       _rt_ODEDestroyIntegrationData 10005810 f   Pos_PID.obj
 0001:00004820       _rt_ODEUpdateContinuousStates 10005820 f   Pos_PID.obj
 0001:00004e20       _Pos_PID_GetCAPIStaticMap  10005e20 f   Pos_PID_capi.obj
 0001:00004e30       _Pos_PID_InitializeDataMapInfo 10005e30 f   Pos_PID_capi.obj
 0001:00004ec0       _TgtConnBackgroundTask     10005ec0 f   Pos_PID_tgtconn.obj
 0001:00004ed0       _TgtConnInit               10005ed0 f   Pos_PID_tgtconn.obj
 0001:00004ef0       _TgtConnPostStep           10005ef0 f   Pos_PID_tgtconn.obj
 0001:00004f00       _TgtConnPreStep            10005f00 f   Pos_PID_tgtconn.obj
 0001:00004f10       _TgtConnTerm               10005f10 f   Pos_PID_tgtconn.obj
 0001:00004f20       _rtGetInf                  10005f20 f   rtGetInf.obj
 0001:00004f50       _rtGetInfF                 10005f50 f   rtGetInf.obj
 0001:00004f70       _rtGetMinusInf             10005f70 f   rtGetInf.obj
 0001:00004fa0       _rtGetMinusInfF            10005fa0 f   rtGetInf.obj
 0001:00004fc0       _rtGetNaN                  10005fc0 f   rtGetNaN.obj
 0001:00004ff0       _rtGetNaNF                 10005ff0 f   rtGetNaN.obj
 0001:00005920       _rt_CreateLogVar           10006920 f   rt_logging.obj
 0001:000059b0       _rt_CreateLogVarWithConvert 100069b0 f   rt_logging.obj
 0001:00006330       _rt_CreateStructLogVar     10007330 f   rt_logging.obj
 0001:000070a0       _rt_GetMxIdFromDTypeId     100080a0 f   rt_logging.obj
 0001:000070d0       _rt_GetMxIdFromDTypeIdForRSim 100080d0 f   rt_logging.obj
 0001:00009a10       _rt_StartDataLogging       1000aa10 f   rt_logging.obj
 0001:00009ed0       _rt_StartDataLoggingWithStartTime 1000aed0 f   rt_logging.obj
 0001:0000a830       _rt_StopDataLogging        1000b830 f   rt_logging.obj
 0001:0000a850       _rt_StopDataLoggingImpl    1000b850 f   rt_logging.obj
 0001:0000ab70       _rt_UpdateLogVar           1000bb70 f   rt_logging.obj
 0001:0000bf30       _rt_UpdateStructLogVar     1000cf30 f   rt_logging.obj
 0001:0000bfc0       _rt_UpdateTXXFYLogVars     1000cfc0 f   rt_logging.obj
 0001:0000c300       _rt_UpdateTXYLogVars       1000d300 f   rt_logging.obj
 0001:0000c550       _rt_CleanUpForStateLogWithMMI 1000d550 f   rt_logging_mmi.obj
 0001:0000c660       _rt_FillStateSigInfoFromMMI 1000d660 f   rt_logging_mmi.obj
 0001:0000ca10       _rt_mxCreateCharMatrixFromStrings 1000da10 f   rt_matrx.obj
 0001:0000cb60       _rt_mxCreateDoubleMatrix   1000db60 f   rt_matrx.obj
 0001:0000cbc0       _rt_mxCreateNumericArray   1000dbc0 f   rt_matrx.obj
 0001:0000cc40       _rt_mxCreateString         1000dc40 f   rt_matrx.obj
 0001:0000ccd0       _rt_mxDuplicateArray       1000dcd0 f   rt_matrx.obj
 0001:0000cd30       _rt_mxGetDimensions        1000dd30 f   rt_matrx.obj
 0001:0000cd70       _rt_mxGetEps               1000dd70 f   rt_matrx.obj
 0001:0000cd80       _rt_mxGetString            1000dd80 f   rt_matrx.obj
 0001:0000ce00       _rtIsInf                   1000de00 f   rt_nonfinite.obj
 0001:0000ce40       _rtIsInfF                  1000de40 f   rt_nonfinite.obj
 0001:0000ce80       _rtIsNaN                   1000de80 f   rt_nonfinite.obj
 0001:0000cea0       _rtIsNaNF                  1000dea0 f   rt_nonfinite.obj
 0001:0000cec0       _rt_InitInfAndNaN          1000dec0 f   rt_nonfinite.obj
 0001:0000cf20       _rtPrintfNoOp              1000df20 f   rt_printf.obj
 0001:0000cf30       _rtwCAPI_CountSysRan       1000df30 f   rtw_modelmap_utils.obj
 0001:0000cfd0       _rtwCAPI_EncodePath        1000dfd0 f   rtw_modelmap_utils.obj
 0001:0000d0c0       _rtwCAPI_FillSysRan        1000e0c0 f   rtw_modelmap_utils.obj
 0001:0000d1b0       _rtwCAPI_FreeFullPaths     1000e1b0 f   rtw_modelmap_utils.obj
 0001:0000d240       _rtwCAPI_GetFullStateBlockPath 1000e240 f   rtw_modelmap_utils.obj
 0001:0000d3f0       _rtwCAPI_GetNumContStateRecords 1000e3f0 f   rtw_modelmap_utils.obj
 0001:0000d4b0       _rtwCAPI_GetNumSigLogRecords 1000e4b0 f   rtw_modelmap_utils.obj
 0001:0000d500       _rtwCAPI_GetNumSigLogRecordsForRTWLogging 1000e500 f   rtw_modelmap_utils.obj
 0001:0000d590       _rtwCAPI_GetNumStateRecords 1000e590 f   rtw_modelmap_utils.obj
 0001:0000d5e0       _rtwCAPI_GetNumStateRecordsForRTWLogging 1000e5e0 f   rtw_modelmap_utils.obj
 0001:0000d670       _rtwCAPI_GetSigAddrFromMap 1000e670 f   rtw_modelmap_utils.obj
 0001:0000d730       _rtwCAPI_GetSigLogRecordInfo 1000e730 f   rtw_modelmap_utils.obj
 0001:0000db60       _rtwCAPI_GetStateRecordInfo 1000eb60 f   rtw_modelmap_utils.obj
 0001:0000e010       _rtwCAPI_GetStateWidth     1000f010 f   rtw_modelmap_utils.obj
 0001:0000e070       _rtwCAPI_HasStates         1000f070 f   rtw_modelmap_utils.obj
 0001:0000e0e0       _rtwCAPI_UpdateFullPaths   1000f0e0 f   rtw_modelmap_utils.obj
 0001:0000e2c0       _DllMain@12                1000f2c0 f   xpctarget.obj
 0001:0000e2d0       _Pos_PID_ChangeStepSize    1000f2d0 f   xpctarget.obj
 0001:0000e340       _SLRTSetErrorStatus        1000f340 f   xpctarget.obj
 0001:0000e360       _changeStepSize            1000f360 f   xpctarget.obj
 0001:0000e3d0       _getDLMVersion             1000f3d0 f   xpctarget.obj
 0001:0000e3e0       _getRefMdlPath             1000f3e0 f   xpctarget.obj
 0001:0000e460       _getRefMdlSignalNumber     1000f460 f   xpctarget.obj
 0001:0000e510       _getrlmdlinfo              1000f510 f   xpctarget.obj
 0001:0000e6f0       _updateDiscreteEvents      1000f6f0 f   xpctarget.obj
 0001:0000e700       _getNumRef                 1000f700 f   appmappingData.obj
 0001:0000e710       _encconteccnt328mpci       1000f710 f   encconteccnt328mpci.obj
 0001:000101e0       _xpcudpbytereceive         100111e0 f   xpcudpbytereceive.obj
 0001:00010620       _dacbpcidda0x12            10011620 f   dacbpcidda0x12.obj
 0001:000111c0       _dopci8255                 100121c0 f   dopci8255.obj
 0001:000120d0       _dipci8255                 100130d0 f   dipci8255.obj
 0001:00012c70       _GetPCIDeviceFull          10013c70 f   xpcruntime:xpcimports.obj
 0001:00012ca0       _ShowPCIDevice             10013ca0 f   xpcruntime:xpcimports.obj
 0001:00013310       _xpcGetPciConfigAtSlot     10014310 f   xpcruntime:xpcimports.obj
 0001:00013590       _xpcInitProcs              10014590 f   xpcruntime:xpcimports.obj
 0001:000140f0       _xpceuploadevent           100150f0 f   xpcruntime:xpcimports.obj
 0001:000140f1       __heap_alloc               100150f1 f i LIBCMT:malloc.obj
 0001:0001412e       _malloc                    1001512e f   LIBCMT:malloc.obj
 0001:000141c0       __get_printf_count_output  100151c0 f   LIBCMT:printf.obj
 0001:000141d5       __printf_l                 100151d5 f   LIBCMT:printf.obj
 0001:000141ec       __printf_p                 100151ec f   LIBCMT:printf.obj
 0001:00014202       __printf_p_l               10015202 f   LIBCMT:printf.obj
 0001:00014219       __printf_s_l               10015219 f   LIBCMT:printf.obj
 0001:00014230       __set_printf_count_output  10015230 f   LIBCMT:printf.obj
 0001:00014258       _printf                    10015258 f   LIBCMT:printf.obj
 0001:00014307       _printf_s                  10015307 f   LIBCMT:printf.obj
 0001:0001431d       ___libm_sse2_cos           1001531d f   LIBCMT:cos_sse2.obj
 0001:000144be       ___libm_sse2_sin           100154be f   LIBCMT:sin_sse2.obj
 0001:00014670       _memcpy                    10015670 f   LIBCMT:memcpy.obj
 0001:00014cc0       _memset                    10015cc0 f   LIBCMT:memset.obj
 0001:00014d50       __fpmath                   10015d50 f   LIBCMT:fpinit.obj
 0001:00014d67       ___setfflag                10015d67 f   LIBCMT:fpinit.obj
 0001:00014d7a       __cfltcvt_init             10015d7a f   LIBCMT:fpinit.obj
 0001:00014dda       ___raise_securityfailure   10015dda f   LIBCMT:gs_report.obj
 0001:00014e17       ___report_gsfailure        10015e17 f   LIBCMT:gs_report.obj
 0001:00014f12       ___report_rangecheckfailure 10015f12 f   LIBCMT:gs_report.obj
 0001:00014f1e       ___report_securityfailure  10015f1e f   LIBCMT:gs_report.obj
 0001:00014fee       ___report_securityfailureEx 10015fee f   LIBCMT:gs_report.obj
 0001:00015104       ___copy_path_to_wide_string 10016104 f   LIBCMT:crt0dat.obj
 0001:000151b6       ___copy_to_char            100161b6 f   LIBCMT:crt0dat.obj
 0001:0001526b       ___crtCorExitProcess       1001626b f   LIBCMT:crt0dat.obj
 0001:0001529f       ___crtExitProcess          1001629f f   LIBCMT:crt0dat.obj
 0001:000152b5       ___freeCrtMemory           100162b5 f   LIBCMT:crt0dat.obj
 0001:000153c2       __amsg_exit                100163c2 f   LIBCMT:crt0dat.obj
 0001:000153de       __c_exit                   100163de f   LIBCMT:crt0dat.obj
 0001:000153ed       __cexit                    100163ed f   LIBCMT:crt0dat.obj
 0001:000153fc       __cinit                    100163fc f   LIBCMT:crt0dat.obj
 0001:00015480       __exit                     10016480 f   LIBCMT:crt0dat.obj
 0001:00015494       __exit_app                 10016494 f   LIBCMT:crt0dat.obj
 0001:000154a2       __get_pgmptr               100164a2 f   LIBCMT:crt0dat.obj
 0001:000154d1       __get_wpgmptr              100164d1 f   LIBCMT:crt0dat.obj
 0001:00015500       __init_pointers            10016500 f   LIBCMT:crt0dat.obj
 0001:0001556e       __initterm_e               1001656e f   LIBCMT:crt0dat.obj
 0001:00015590       __lockexit                 10016590 f   LIBCMT:crt0dat.obj
 0001:00015599       __unlockexit               10016599 f   LIBCMT:crt0dat.obj
 0001:000156d1       _exit                      100166d1 f   LIBCMT:crt0dat.obj
 0001:000156e5       _calloc                    100166e5 f   LIBCMT:calloc.obj
 0001:00015725       _free                      10016725 f   LIBCMT:free.obj
 0001:0001575d       _realloc                   1001675d f   LIBCMT:realloc.obj
 0001:00015810       _memmove                   10016810 f   LIBCMT:memmove.obj
 0001:00015e60       _strchr                    10016e60 f   LIBCMT:strchr.obj
 0001:00015ece       ___from_strstr_to_strchr   10016ece     LIBCMT:strchr.obj
 0001:00015f90       _strncat                   10016f90 f   LIBCMT:strncat.obj
 0001:000160d0       _strncpy                   100170d0 f   LIBCMT:strncpy.obj
 0001:000161f4       ___initstdio               100171f4 f   LIBCMT:_file.obj
 0001:00016267       ___endstdio                10017267 f   LIBCMT:_file.obj
 0001:0001628e       ___iob_func                1001728e f   LIBCMT:_file.obj
 0001:00016294       __lock_file                10017294 f   LIBCMT:_file.obj
 0001:000162d3       __lock_file2               100172d3 f   LIBCMT:_file.obj
 0001:00016303       __unlock_file              10017303 f   LIBCMT:_file.obj
 0001:0001633d       __unlock_file2             1001733d f   LIBCMT:_file.obj
 0001:0001636a       __fclose_nolock            1001736a f   LIBCMT:fclose.obj
 0001:000163d6       _fclose                    100173d6 f   LIBCMT:fclose.obj
 0001:0001644d       __fsopen                   1001744d f   LIBCMT:fopen.obj
 0001:00016511       _fopen                     10017511 f   LIBCMT:fopen.obj
 0001:00016526       _fopen_s                   10017526 f   LIBCMT:fopen.obj
 0001:0001656b       __fprintf_l                1001756b f   LIBCMT:fprintf.obj
 0001:00016585       __fprintf_p                10017585 f   LIBCMT:fprintf.obj
 0001:0001659e       __fprintf_p_l              1001759e f   LIBCMT:fprintf.obj
 0001:000165b8       __fprintf_s_l              100175b8 f   LIBCMT:fprintf.obj
 0001:000165d2       _fprintf                   100175d2 f   LIBCMT:fprintf.obj
 0001:000166e4       _fprintf_s                 100176e4 f   LIBCMT:fprintf.obj
 0001:000166fd       __fread_nolock             100176fd f   LIBCMT:fread.obj
 0001:00016718       __fread_nolock_s           10017718 f   LIBCMT:fread.obj
 0001:000168dd       _fread                     100178dd f   LIBCMT:fread.obj
 0001:000168f8       _fread_s                   100178f8 f   LIBCMT:fread.obj
 0001:00016989       __fwrite_nolock            10017989 f   LIBCMT:fwrite.obj
 0001:00016ae2       _fwrite                    10017ae2 f   LIBCMT:fwrite.obj
 0001:00016b64       __unlink                   10017b64 f   LIBCMT:unlink.obj
 0001:00016b6d       _remove                    10017b6d f   LIBCMT:unlink.obj
 0001:00016baf       _rewind                    10017baf f   LIBCMT:rewind.obj
 0001:00016c6e       __scprintf                 10017c6e f   LIBCMT:sprintf.obj
 0001:00016c81       __scprintf_l               10017c81 f   LIBCMT:sprintf.obj
 0001:00016c98       __scprintf_p               10017c98 f   LIBCMT:sprintf.obj
 0001:00016cab       __scprintf_p_l             10017cab f   LIBCMT:sprintf.obj
 0001:00016cc2       __snprintf_s               10017cc2 f   LIBCMT:sprintf.obj
 0001:00016ce1       __snprintf_s_l             10017ce1 f   LIBCMT:sprintf.obj
 0001:00016d01       __sprintf_l                10017d01 f   LIBCMT:sprintf.obj
 0001:00016d1b       __sprintf_p                10017d1b f   LIBCMT:sprintf.obj
 0001:00016d37       __sprintf_p_l              10017d37 f   LIBCMT:sprintf.obj
 0001:00016d54       __sprintf_s_l              10017d54 f   LIBCMT:sprintf.obj
 0001:00016d71       _sprintf                   10017d71 f   LIBCMT:sprintf.obj
 0001:00016df5       _sprintf_s                 10017df5 f   LIBCMT:sprintf.obj
 0001:00016e11       _ldexp                     10017e11 f   LIBCMT:ldexp.obj
 0001:00016ffd       @__security_check_cookie@4 10017ffd f   LIBCMT:secchk.obj
 0001:00017010       __ftoui3                   10018010 f   LIBCMT:ftol3.obj
 0001:0001701f       __ftoul3                   1001801f f   LIBCMT:ftol3.obj
 0001:0001702e       __ftol3                    1001802e f   LIBCMT:ftol3.obj
 0001:0001703b       __ftol3_NaN                1001803b f   LIBCMT:ftol3.obj
 0001:00017053       __ftol3_work               10018053 f   LIBCMT:ftol3.obj
 0001:000170d9       __ftol3_common             100180d9 f   LIBCMT:ftol3.obj
 0001:0001719b       __ftol3_arg_error          1001819b f   LIBCMT:ftol3.obj
 0001:000171ad       __ftol3_except             100181ad f   LIBCMT:ftol3.obj
 0001:000171ef       __dtoui3                   100181ef f   LIBCMT:ftol3.obj
 0001:000171fe       __dtoul3                   100181fe f   LIBCMT:ftol3.obj
 0001:0001720d       __dtol3                    1001820d f   LIBCMT:ftol3.obj
 0001:0001721a       __dtol3_NaN                1001821a f   LIBCMT:ftol3.obj
 0001:00017237       __dtol3_work               10018237 f   LIBCMT:ftol3.obj
 0001:0001731c       __ultod3                   1001831c f   LIBCMT:ftol3.obj
 0001:000173ad       __ltod3                    100183ad f   LIBCMT:ftol3.obj
 0001:000173db       ___isa_available_init      100183db f   LIBCMT:cpu_disp.obj
 0001:00017554       __invoke_watson_if_error   10018554 f i LIBCMT:wassert.obj
 0001:00017574       __wassert                  10018574 f   LIBCMT:wassert.obj
 0001:00017c18       __CRT_INIT@12              10018c18 f   LIBCMT:dllcrt0.obj
 0001:00017d8a       __DllMainCRTStartup@12     10018d8a f   LIBCMT:dllcrt0.obj
 0001:00017ebb       ___DllXcptFilter           10018ebb f   LIBCMT:dllcrt0.obj
 0001:00017ee0       ?_query_new_handler@@YAP6AHI@ZXZ 10018ee0 f   LIBCMT:handler.obj
 0001:00017eed       ?_set_new_handler@@YAP6AHI@ZH@Z 10018eed f   LIBCMT:handler.obj
 0001:00017ef6       ?_set_new_handler@@YAP6AHI@ZP6AHI@Z@Z 10018ef6 f   LIBCMT:handler.obj
 0001:00017f2b       __callnewh                 10018f2b f   LIBCMT:handler.obj
 0001:00017f51       __initp_heap_handler       10018f51 f   LIBCMT:handler.obj
 0001:00017f5e       __FF_MSGBANNER             10018f5e f   LIBCMT:crt0msg.obj
 0001:00017f97       __GET_RTERRMSG             10018f97 f   LIBCMT:crt0msg.obj
 0001:00017fbb       __NMSG_WRITE               10018fbb f   LIBCMT:crt0msg.obj
 0001:00018178       ___doserrno                10019178 f   LIBCMT:dosmap.obj
 0001:0001818b       __dosmaperr                1001918b f   LIBCMT:dosmap.obj
 0001:000181ac       __errno                    100191ac f   LIBCMT:dosmap.obj
 0001:000181bf       __get_doserrno             100191bf f   LIBCMT:dosmap.obj
 0001:000181e2       __get_errno                100191e2 f   LIBCMT:dosmap.obj
 0001:00018205       __get_errno_from_oserr     10019205 f   LIBCMT:dosmap.obj
 0001:00018246       __set_doserrno             10019246 f   LIBCMT:dosmap.obj
 0001:00018265       __set_errno                10019265 f   LIBCMT:dosmap.obj
 0001:00018284       __get_heap_handle          10019284 f   LIBCMT:heapinit.obj
 0001:0001828a       __heap_init                1001928a f   LIBCMT:heapinit.obj
 0001:0001829f       __heap_term                1001929f f   LIBCMT:heapinit.obj
 0001:000182a7       ?_invalid_parameter@@YAXPBG00II@Z 100192a7 f   LIBCMT:invarg.obj
 0001:000182ac       ?_invoke_watson@@YAXPBG00II@Z 100192ac f   LIBCMT:invarg.obj
 0001:000182c4       __call_reportfault         100192c4 f   LIBCMT:invarg.obj
 0001:000183e9       __get_invalid_parameter_handler 100193e9 f   LIBCMT:invarg.obj
 0001:000183f6       __initp_misc_invarg        100193f6 f   LIBCMT:invarg.obj
 0001:00018403       __invalid_parameter        10019403 f   LIBCMT:invarg.obj
 0001:0001842e       __invalid_parameter_noinfo 1001942e f   LIBCMT:invarg.obj
 0001:0001843e       __invalid_parameter_noinfo_noreturn 1001943e f   LIBCMT:invarg.obj
 0001:00018459       __invoke_watson            10019459 f   LIBCMT:invarg.obj
 0001:00018484       __set_invalid_parameter_handler 10019484 f   LIBCMT:invarg.obj
 0001:000184a9       __vprintf_l                100194a9 f   LIBCMT:vprintf.obj
 0001:000184c4       __vprintf_p                100194c4 f   LIBCMT:vprintf.obj
 0001:000184de       __vprintf_p_l              100194de f   LIBCMT:vprintf.obj
 0001:000184f9       __vprintf_s_l              100194f9 f   LIBCMT:vprintf.obj
 0001:00018514       _vprintf                   10019514 f   LIBCMT:vprintf.obj
 0001:0001852e       _vprintf_helper            1001952e f   LIBCMT:vprintf.obj
 0001:000185bb       _vprintf_s                 100195bb f   LIBCMT:vprintf.obj
 0001:000185d5       __ftbuf                    100195d5 f   LIBCMT:_sftbuf.obj
 0001:00018606       __stbuf                    10019606 f   LIBCMT:_sftbuf.obj
 0001:000186ac       ??0_LocaleUpdate@@QAE@PAUlocaleinfo_struct@@@Z 100196ac f i LIBCMT:output.obj
 0001:00018734       ??1_LocaleUpdate@@QAE@XZ   10019734 f i LIBCMT:output.obj
 0001:00018742       ?GetLocaleT@_LocaleUpdate@@QAEPAUlocaleinfo_struct@@XZ 10019742 f i LIBCMT:output.obj
 0001:00018745       __output_l                 10019745 f   LIBCMT:output.obj
 0001:000192c5       _get_int64_arg             1001a2c5 f i LIBCMT:output.obj
 0001:000192d8       _get_int_arg               1001a2d8 f i LIBCMT:output.obj
 0001:000192e8       _get_short_arg             1001a2e8 f i LIBCMT:output.obj
 0001:000193f0       __SEH_prolog4              1001a3f0 f   LIBCMT:sehprolg4.obj
 0001:00019435       __SEH_epilog4              1001a435 f   LIBCMT:sehprolg4.obj
 0001:00019490       __except_handler4          1001a490 f   LIBCMT:chandler4.obj
 0001:00019630       _cos                       1001a630 f   LIBCMT:cos.obj
 0001:00019670       __CIcos                    1001a670 f   LIBCMT:cos.obj
 0001:000196ab       __CIcos_default            1001a6ab f   LIBCMT:cos.obj
 0001:000196bf       __cos_default              1001a6bf     LIBCMT:cos.obj
 0001:00019760       _sin                       1001a760 f   LIBCMT:sin.obj
 0001:000197a0       __CIsin                    1001a7a0 f   LIBCMT:sin.obj
 0001:000197db       __CIsin_default            1001a7db f   LIBCMT:sin.obj
 0001:000197ef       __sin_default              1001a7ef     LIBCMT:sin.obj
 0001:00019889       __VEC_memset               1001a889 f   LIBCMT:p4_memset.obj
 0001:00019951       ?strrchr@@YAPADPADH@Z      1001a951 f i LIBCMT:cvt.obj
 0001:0001995a       __cfltcvt                  1001a95a f   LIBCMT:cvt.obj
 0001:0001997b       __cfltcvt_l                1001a97b f   LIBCMT:cvt.obj
 0001:00019a01       __cftoa                    1001aa01 f   LIBCMT:cvt.obj
 0001:00019a1f       __cftoa_l                  1001aa1f f   LIBCMT:cvt.obj
 0001:00019d7b       __cftoe                    1001ad7b f   LIBCMT:cvt.obj
 0001:00019eea       __cftoe_l                  1001aeea f   LIBCMT:cvt.obj
 0001:00019fb8       __cftof                    1001afb8 f   LIBCMT:cvt.obj
 0001:0001a0bf       __cftof_l                  1001b0bf f   LIBCMT:cvt.obj
 0001:0001a180       __cftog                    1001b180 f   LIBCMT:cvt.obj
 0001:0001a19e       __cftog_l                  1001b19e f   LIBCMT:cvt.obj
 0001:0001a29d       __cropzeros                1001b29d f   LIBCMT:cvt.obj
 0001:0001a2ae       __cropzeros_l              1001b2ae f   LIBCMT:cvt.obj
 0001:0001a32e       __fassign                  1001b32e f   LIBCMT:cvt.obj
 0001:0001a346       __fassign_l                1001b346 f   LIBCMT:cvt.obj
 0001:0001a388       __forcdecpt                1001b388 f   LIBCMT:cvt.obj
 0001:0001a399       __forcdecpt_l              1001b399 f   LIBCMT:cvt.obj
 0001:0001a40d       __positive                 1001b40d f   LIBCMT:cvt.obj
 0001:0001a44f       __setdefaultprecision      1001b44f f   LIBCMT:fp8.obj
 0001:0001a476       __initp_misc_cfltcvt_tab   1001b476 f   LIBCMT:cmiscdat.obj
 0001:0001a495       __crt_debugger_hook        1001b495 f   LIBCMT:dbghook.obj
 0001:0001a4ca       ___crtCloseThreadpoolTimer 1001b4ca f   LIBCMT:winapisupp.obj
 0001:0001a4e1       ___crtCloseThreadpoolWait  1001b4e1 f   LIBCMT:winapisupp.obj
 0001:0001a4f8       ___crtCreateEventExW       1001b4f8 f   LIBCMT:winapisupp.obj
 0001:0001a533       ___crtCreateSemaphoreExW   1001b533 f   LIBCMT:winapisupp.obj
 0001:0001a56d       ___crtCreateSymbolicLinkW  1001b56d f   LIBCMT:winapisupp.obj
 0001:0001a596       ___crtCreateThreadpoolTimer 1001b596 f   LIBCMT:winapisupp.obj
 0001:0001a5b7       ___crtCreateThreadpoolWait 1001b5b7 f   LIBCMT:winapisupp.obj
 0001:0001a5d8       ___crtFlsAlloc             1001b5d8 f   LIBCMT:winapisupp.obj
 0001:0001a5f6       ___crtFlsFree              1001b5f6 f   LIBCMT:winapisupp.obj
 0001:0001a615       ___crtFlsGetValue          1001b615 f   LIBCMT:winapisupp.obj
 0001:0001a634       ___crtFlsSetValue          1001b634 f   LIBCMT:winapisupp.obj
 0001:0001a656       ___crtFlushProcessWriteBuffers 1001b656 f   LIBCMT:winapisupp.obj
 0001:0001a666       ___crtFreeLibraryWhenCallbackReturns 1001b666 f   LIBCMT:winapisupp.obj
 0001:0001a680       ___crtGetCurrentProcessorNumber 1001b680 f   LIBCMT:winapisupp.obj
 0001:0001a692       ___crtGetFileInformationByHandleEx 1001b692 f   LIBCMT:winapisupp.obj
 0001:0001a6be       ___crtGetLogicalProcessorInformation 1001b6be f   LIBCMT:winapisupp.obj
 0001:0001a6e4       ___crtGetShowWindowMode    1001b6e4 f   LIBCMT:winapisupp.obj
 0001:0001a707       ___crtGetTickCount64       1001b707 f   LIBCMT:winapisupp.obj
 0001:0001a71f       ___crtInitializeCriticalSectionEx 1001b71f f   LIBCMT:winapisupp.obj
 0001:0001a74d       ___crtIsPackagedApp        1001b74d f   LIBCMT:winapisupp.obj
 0001:0001a78d       ___crtLoadWinApiPointers   1001b78d f   LIBCMT:winapisupp.obj
 0001:0001aa18       ___crtSetFileInformationByHandle 1001ba18 f   LIBCMT:winapisupp.obj
 0001:0001aa44       ___crtSetThreadStackGuarantee 1001ba44 f   LIBCMT:winapisupp.obj
 0001:0001aa5f       ___crtSetThreadpoolTimer   1001ba5f f   LIBCMT:winapisupp.obj
 0001:0001aa7f       ___crtSetThreadpoolWait    1001ba7f f   LIBCMT:winapisupp.obj
 0001:0001aa9c       ___crtSetUnhandledExceptionFilter 1001ba9c f   LIBCMT:winapisupp.obj
 0001:0001aaaa       ___crtSleep                1001baaa f   LIBCMT:winapisupp.obj
 0001:0001aab8       ___crtTerminateProcess     1001bab8 f   LIBCMT:winapisupp.obj
 0001:0001aacd       ___crtUnhandledException   1001bacd f   LIBCMT:winapisupp.obj
 0001:0001aae3       ___crtWaitForThreadpoolTimerCallbacks 1001bae3 f   LIBCMT:winapisupp.obj
 0001:0001aafd       __RTC_Initialize           1001bafd f   LIBCMT:initsect.obj
 0001:0001ab1d       __RTC_Terminate            1001bb1d f   LIBCMT:initsect.obj
 0001:0001ab3d       __lock                     1001bb3d f   LIBCMT:mlock.obj
 0001:0001ab71       __lockerr_exit             1001bb71 f   LIBCMT:mlock.obj
 0001:0001ab91       __mtdeletelocks            1001bb91 f   LIBCMT:mlock.obj
 0001:0001abe5       __mtinitlocknum            1001bbe5 f   LIBCMT:mlock.obj
 0001:0001ac8e       __mtinitlocks              1001bc8e f   LIBCMT:mlock.obj
 0001:0001acc7       __unlock                   1001bcc7 f   LIBCMT:mlock.obj
 0001:0001ace0       __FindPESection            1001bce0 f   LIBCMT:pesect.obj
 0001:0001ad30       __IsNonwritableInCurrentImage 1001bd30 f   LIBCMT:pesect.obj
 0001:0001adf0       __ValidateImageBase        1001bdf0 f   LIBCMT:pesect.obj
 0001:0001ae21       ___onexitinit              1001be21 f   LIBCMT:onexit.obj
 0001:0001ae50       __onexit                   1001be50 f   LIBCMT:onexit.obj
 0001:0001af4c       _atexit                    1001bf4c f   LIBCMT:onexit.obj
 0001:0001af61       __calloc_crt               1001bf61 f   LIBCMT:crtheap.obj
 0001:0001afa9       __malloc_crt               1001bfa9 f   LIBCMT:crtheap.obj
 0001:0001aff0       __realloc_crt              1001bff0 f   LIBCMT:crtheap.obj
 0001:0001b03a       __recalloc_crt             1001c03a f   LIBCMT:crtheap.obj
 0001:0001b088       __set_malloc_crt_max_wait  1001c088 f   LIBCMT:crtheap.obj
 0001:0001b09b       _wait_a_bit                1001c09b f i LIBCMT:crtheap.obj
 0001:0001b0bf       ?_inconsistency@@YAXXZ     1001c0bf f   LIBCMT:hooks.obj
 0001:0001b0f7       ?terminate@@YAXXZ          1001c0f7 f   LIBCMT:hooks.obj
 0001:0001b12b       ?unexpected@@YAXXZ         1001c12b f   LIBCMT:hooks.obj
 0001:0001b13e       __initp_eh_hooks           1001c13e f   LIBCMT:hooks.obj
 0001:0001b14f       ___getlocaleinfo           1001c14f f   LIBCMT:inithelp.obj
 0001:0001b328       __initp_misc_purevirt      1001c328 f   LIBCMT:inithelp.obj
 0001:0001b335       ___fpecode                 1001c335 f   LIBCMT:winsig.obj
 0001:0001b33e       ___get_sigabrt             1001c33e f   LIBCMT:winsig.obj
 0001:0001b34b       ___pxcptinfoptrs           1001c34b f   LIBCMT:winsig.obj
 0001:0001b354       __initp_misc_winsig        1001c354 f   LIBCMT:winsig.obj
 0001:0001b415       _raise                     1001c415 f   LIBCMT:winsig.obj
 0001:0001b60a       _signal                    1001c60a f   LIBCMT:winsig.obj
 0001:0001b861       __initp_misc_rand_s        1001c861 f   LIBCMT:rand_s.obj
 0001:0001b86e       _rand_s                    1001c86e f   LIBCMT:rand_s.obj
 0001:0001b974       ___initmbctable            1001c974 f   LIBCMT:mbctype.obj
 0001:0001bc2b       ___updatetmbcinfo          1001cc2b f   LIBCMT:mbctype.obj
 0001:0001bcd1       __getmbcp                  1001ccd1 f   LIBCMT:mbctype.obj
 0001:0001bd02       __setmbcp                  1001cd02 f   LIBCMT:mbctype.obj
 0001:0001beaa       __setmbcp_nolock           1001ceaa f   LIBCMT:mbctype.obj
 0001:0001c095       __calloc_impl              1001d095 f   LIBCMT:calloc_impl.obj
 0001:0001c10f       __fcloseall                1001d10f f   LIBCMT:closeall.obj
 0001:0001c1ac       __fflush_nolock            1001d1ac f   LIBCMT:fflush.obj
 0001:0001c1f2       __flush                    1001d1f2 f   LIBCMT:fflush.obj
 0001:0001c256       __flushall                 1001d256 f   LIBCMT:fflush.obj
 0001:0001c25f       _fflush                    1001d25f f   LIBCMT:fflush.obj
 0001:0001c39c       __fileno                   1001d39c f   LIBCMT:fileno.obj
 0001:0001c3c0       __close                    1001d3c0 f   LIBCMT:close.obj
 0001:0001c49b       __close_nolock             1001d49b f   LIBCMT:close.obj
 0001:0001c535       __freebuf                  1001d535 f   LIBCMT:_freebuf.obj
 0001:0001c565       __getstream                1001d565 f   LIBCMT:stream.obj
 0001:0001c684       __openfile                 1001d684 f   LIBCMT:_open.obj
 0001:0001c900       __local_unwind4            1001d900 f   LIBCMT:exsup4.obj
 0001:0001c9d6       __seh_longjmp_unwind4@4    1001d9d6 f   LIBCMT:exsup4.obj
 0001:0001c9f2       @_EH4_CallFilterFunc@8     1001d9f2 f   LIBCMT:exsup4.obj
 0001:0001ca09       @_EH4_TransferToHandler@8  1001da09 f   LIBCMT:exsup4.obj
 0001:0001ca22       @_EH4_GlobalUnwind2@8      1001da22 f   LIBCMT:exsup4.obj
 0001:0001ca3b       @_EH4_LocalUnwind@16       1001da3b f   LIBCMT:exsup4.obj
 0001:0001ca52       __vfprintf_l               1001da52 f   LIBCMT:vfprintf.obj
 0001:0001ca70       __vfprintf_p               1001da70 f   LIBCMT:vfprintf.obj
 0001:0001ca8d       __vfprintf_p_l             1001da8d f   LIBCMT:vfprintf.obj
 0001:0001caab       __vfprintf_s_l             1001daab f   LIBCMT:vfprintf.obj
 0001:0001cac9       _vfprintf                  1001dac9 f   LIBCMT:vfprintf.obj
 0001:0001cae6       _vfprintf_helper           1001dae6 f   LIBCMT:vfprintf.obj
 0001:0001cbf7       _vfprintf_s                1001dbf7 f   LIBCMT:vfprintf.obj
 0001:0001cc14       __ioinit                   1001dc14 f   LIBCMT:ioinit.obj
 0001:0001cec8       __ioterm                   1001dec8 f   LIBCMT:ioinit.obj
 0001:0001cf1a       __filbuf                   1001df1a f   LIBCMT:_filbuf.obj
 0001:0001d03b       _memcpy_s                  1001e03b f   LIBCMT:memcpy_s.obj
 0001:0001d0ba       __read                     1001e0ba f   LIBCMT:read.obj
 0001:0001d1ce       __read_nolock              1001e1ce f   LIBCMT:read.obj
 0001:0001d95f       __flsbuf                   1001e95f f   LIBCMT:_flsbuf.obj
 0001:0001daae       __write                    1001eaae f   LIBCMT:write.obj
 0001:0001db9d       __write_nolock             1001eb9d f   LIBCMT:write.obj
 0001:0001e402       __wremove                  1001f402 f   LIBCMT:wunlink.obj
 0001:0001e430       __wunlink                  1001f430 f   LIBCMT:wunlink.obj
 0001:0001e439       __lseek                    1001f439 f   LIBCMT:lseek.obj
 0001:0001e528       __lseek_nolock             1001f528 f   LIBCMT:lseek.obj
 0001:0001e5cf       __vscprintf                1001f5cf f   LIBCMT:vsprintf.obj
 0001:0001e5e9       __vscprintf_helper         1001f5e9 f   LIBCMT:vsprintf.obj
 0001:0001e645       __vscprintf_l              1001f645 f   LIBCMT:vsprintf.obj
 0001:0001e660       __vscprintf_p              1001f660 f   LIBCMT:vsprintf.obj
 0001:0001e67a       __vscprintf_p_l            1001f67a f   LIBCMT:vsprintf.obj
 0001:0001e695       __vsprintf_l               1001f695 f   LIBCMT:vsprintf.obj
 0001:0001e719       _vsprintf                  1001f719 f   LIBCMT:vsprintf.obj
 0001:0001e731       __vsnprintf_c              1001f731 f   LIBCMT:vsnprnc.obj
 0001:0001e758       __vsnprintf_c_l            1001f758 f   LIBCMT:vsnprnc.obj
 0001:0001e780       __vsnprintf_helper         1001f780 f   LIBCMT:vsnprnc.obj
 0001:0001e84a       __vsnprintf_s              1001f84a f   LIBCMT:vsnprnc.obj
 0001:0001e868       __vsnprintf_s_l            1001f868 f   LIBCMT:vsnprnc.obj
 0001:0001e968       __vsprintf_p               1001f968 f   LIBCMT:vsnprnc.obj
 0001:0001e98f       __vsprintf_p_l             1001f98f f   LIBCMT:vsnprnc.obj
 0001:0001e9b7       __vsprintf_s_l             1001f9b7 f   LIBCMT:vsnprnc.obj
 0001:0001ea2c       _vsprintf_s                1001fa2c f   LIBCMT:vsnprnc.obj
 0001:0001ea47       __chgsign                  1001fa47 f   LIBCMT:ieeemisc.obj
 0001:0001ea74       __chgsignf                 1001fa74 f   LIBCMT:ieeemisc.obj
 0001:0001ea95       __copysign                 1001fa95 f   LIBCMT:ieeemisc.obj
 0001:0001eabd       __copysignf                1001fabd f   LIBCMT:ieeemisc.obj
 0001:0001ead9       __finite                   1001fad9 f   LIBCMT:ieeemisc.obj
 0001:0001eaf1       __fpclass                  1001faf1 f   LIBCMT:ieeemisc.obj
 0001:0001eb8d       __isnan                    1001fb8d f   LIBCMT:ieeemisc.obj
 0001:0001ebc0       __logb                     1001fbc0 f   LIBCMT:ieeemisc.obj
 0001:0001eca1       __nextafter                1001fca1 f   LIBCMT:ieeemisc.obj
 0001:0001ef41       __scalb                    1001ff41 f   LIBCMT:ieeemisc.obj
 0001:0001ef59       __add_exp                  1001ff59 f   LIBCMT:util.obj
 0001:0001ef88       __decomp                   1001ff88 f   LIBCMT:util.obj
 0001:0001f05a       __get_exp                  1002005a f   LIBCMT:util.obj
 0001:0001f073       __set_bexp                 10020073 f   LIBCMT:util.obj
 0001:0001f09c       __set_exp                  1002009c f   LIBCMT:util.obj
 0001:0001f0cb       __sptype                   100200cb f   LIBCMT:util.obj
 0001:0001f126       __errcode                  10020126 f   LIBCMT:fpexcept.obj
 0001:0001f158       __except1                  10020158 f   LIBCMT:fpexcept.obj
 0001:0001f220       __except2                  10020220 f   LIBCMT:fpexcept.obj
 0001:0001f320       __handle_exc               10020320 f   LIBCMT:fpexcept.obj
 0001:0001f4fe       __handle_qnan1             100204fe f   LIBCMT:fpexcept.obj
 0001:0001f54e       __handle_qnan2             1002054e f   LIBCMT:fpexcept.obj
 0001:0001f5ae       __raise_exc                100205ae f   LIBCMT:fpexcept.obj
 0001:0001f5cf       __raise_exc_ex             100205cf f   LIBCMT:fpexcept.obj
 0001:0001f8b4       __raise_excf               100208b4 f   LIBCMT:fpexcept.obj
 0001:0001f8d5       __set_errno_from_matherr   100208d5 f   LIBCMT:fpexcept.obj
 0001:0001f902       __umatherr                 10020902 f   LIBCMT:fpexcept.obj
 0001:0001f9a2       ___clrfp_sse2              100209a2 f   LIBCMT:fpctrl.obj
 0001:0001f9c3       ___ctrlfp_sse2             100209c3 f   LIBCMT:fpctrl.obj
 0001:0001f9fc       ___fclrf_sse2              100209fc f   LIBCMT:fpctrl.obj
 0001:0001fa19       ___get_fpsr_sse2           10020a19 f   LIBCMT:fpctrl.obj
 0001:0001fa35       ___set_fpsr_sse2           10020a35 f   LIBCMT:fpctrl.obj
 0001:0001faab       ___set_statfp_sse2         10020aab f   LIBCMT:fpctrl.obj
 0001:0001fac4       ___statfp_sse2             10020ac4 f   LIBCMT:fpctrl.obj
 0001:0001fad9       __clrfp                    10020ad9 f   LIBCMT:fpctrl.obj
 0001:0001faea       __ctrlfp                   10020aea f   LIBCMT:fpctrl.obj
 0001:0001fb15       __set_statfp               10020b15 f   LIBCMT:fpctrl.obj
 0001:0001fb6d       __statfp                   10020b6d f   LIBCMT:fpctrl.obj
 0001:0001fb7d       _wcscat_s                  10020b7d f   LIBCMT:wcscat_s.obj
 0001:0001fbe9       _wcscpy_s                  10020be9 f   LIBCMT:wcscpy_s.obj
 0001:0001fc45       _wcslen                    10020c45 f   LIBCMT:wcslen.obj
 0001:0001fc5e       _wcsncat_s                 10020c5e f   LIBCMT:wcsncat_s.obj
 0001:0001fd2c       __set_abort_behavior       10020d2c f   LIBCMT:abort.obj
 0001:0001fd4b       _abort                     10020d4b f   LIBCMT:abort.obj
 0001:0001fd8e       ___set_app_type            10020d8e f   LIBCMT:errmode.obj
 0001:0001fd9b       __set_error_mode           10020d9b f   LIBCMT:errmode.obj
 0001:0001fef7       __i64tow_s                 10020ef7 f   LIBCMT:xtows.obj
 0001:0001ff28       __itow_s                   10020f28 f   LIBCMT:xtows.obj
 0001:0001ff51       __ltow_s                   10020f51 f   LIBCMT:xtows.obj
 0001:0001ff7b       __ui64tow_s                10020f7b f   LIBCMT:xtows.obj
 0001:0001ff96       __ultow_s                  10020f96 f   LIBCMT:xtows.obj
 0001:000200a1       _setvbuf                   100210a1 f   LIBCMT:setvbuf.obj
 0001:000201a7       __fwprintf_l               100211a7 f   LIBCMT:fwprintf.obj
 0001:000201c1       __fwprintf_p               100211c1 f   LIBCMT:fwprintf.obj
 0001:000201da       __fwprintf_p_l             100211da f   LIBCMT:fwprintf.obj
 0001:000201f4       __fwprintf_s_l             100211f4 f   LIBCMT:fwprintf.obj
 0001:0002020e       _fwprintf                  1002120e f   LIBCMT:fwprintf.obj
 0001:000202a2       _fwprintf_s                100212a2 f   LIBCMT:fwprintf.obj
 0001:000202bb       __vsnwprintf_s             100212bb f   LIBCMT:vswprnc.obj
 0001:000202d9       __vsnwprintf_s_l           100212d9 f   LIBCMT:vswprnc.obj
 0001:000203dd       __vswprintf_c              100213dd f   LIBCMT:vswprnc.obj
 0001:00020404       __vswprintf_c_l            10021404 f   LIBCMT:vswprnc.obj
 0001:0002042c       __vswprintf_helper         1002142c f   LIBCMT:vswprnc.obj
 0001:00020527       __vswprintf_p              10021527 f   LIBCMT:vswprnc.obj
 0001:0002054e       __vswprintf_p_l            1002154e f   LIBCMT:vswprnc.obj
 0001:00020576       __vswprintf_s_l            10021576 f   LIBCMT:vswprnc.obj
 0001:000205ed       _vswprintf_s               100215ed f   LIBCMT:vswprnc.obj
 0001:00020608       ___crtMessageBoxW          10021608 f   LIBCMT:crtmboxw.obj
 0001:000207ee       ___crtMessageBoxWaitThreadW@4 100217ee f   LIBCMT:crtmboxw.obj
 0001:0002080c       __XcptFilter               1002180c f   LIBCMT:winxfltr.obj
 0001:00020967       ___CppXcptFilter           10021967 f   LIBCMT:winxfltr.obj
 0001:000209b9       ___get_flsindex            100219b9 f   LIBCMT:tidtable.obj
 0001:000209bf       ___threadhandle            100219bf f   LIBCMT:tidtable.obj
 0001:000209c5       ___threadid                100219c5 f   LIBCMT:tidtable.obj
 0001:000209cb       __freefls@4                100219cb f   LIBCMT:tidtable.obj
 0001:00020b00       __freeptd                  10021b00 f   LIBCMT:tidtable.obj
 0001:00020b36       __getptd                   10021b36 f   LIBCMT:tidtable.obj
 0001:00020b4e       __getptd_noexit            10021b4e f   LIBCMT:tidtable.obj
 0001:00020bbd       __initptd                  10021bbd f   LIBCMT:tidtable.obj
 0001:00020c70       __mtinit                   10021c70 f   LIBCMT:tidtable.obj
 0001:00020ce6       __mtterm                   10021ce6 f   LIBCMT:tidtable.obj
 0001:00020d03       __set_pgmptr               10021d03 f i LIBCMT:stdargv.obj
 0001:00020d10       __setargv                  10021d10 f   LIBCMT:stdargv.obj
 0001:00020f3f       __setenvp                  10021f3f f   LIBCMT:stdenvp.obj
 0001:00021020       ___security_init_cookie    10022020 f   LIBCMT:gs_support.obj
 0001:000210bc       ___crtGetEnvironmentStringsA 100220bc f   LIBCMT:a_env.obj
 0001:00021150       _strlen                    10022150 f   LIBCMT:strlen.obj
 0001:000211db       _wcsncpy_s                 100221db f   LIBCMT:wcsncpy_s.obj
 0001:00021299       __output_s_l               10022299 f   LIBCMT:outputs.obj
 0001:00021f21       __output_p_l               10022f21 f   LIBCMT:outputp.obj
 0001:00023259       __validate_param_reuseA    10024259 f   LIBCMT:outputp.obj
 0001:0002338f       _get_crtdouble_arg         1002438f f i LIBCMT:outputp.obj
 0001:0002348e       __isatty                   1002448e f   LIBCMT:isatty.obj
 0001:000234e2       ___addlocaleref            100244e2 f   LIBCMT:localref.obj
 0001:00023577       ___freetlocinfo            10024577 f   LIBCMT:localref.obj
 0001:000236d1       ___removelocaleref         100246d1 f   LIBCMT:localref.obj
 0001:00023771       ___updatetlocinfo          10024771 f   LIBCMT:localref.obj
 0001:000237f1       __updatetlocinfoEx_nolock  100247f1 f   LIBCMT:localref.obj
 0001:0002383c       ___iswcsym                 1002483c f i LIBCMT:_wctype.obj
 0001:00023860       ___iswcsymf                10024860 f i LIBCMT:_wctype.obj
 0001:00023884       __isleadbyte_l             10024884 f i LIBCMT:_wctype.obj
 0001:000238be       __iswalnum_l               100248be f i LIBCMT:_wctype.obj
 0001:000238d2       __iswalpha_l               100248d2 f i LIBCMT:_wctype.obj
 0001:000238e6       __iswblank_l               100248e6 f i LIBCMT:_wctype.obj
 0001:00023901       __iswcntrl_l               10024901 f i LIBCMT:_wctype.obj
 0001:00023912       __iswcsym_l                10024912 f i LIBCMT:_wctype.obj
 0001:00023936       __iswcsymf_l               10024936 f i LIBCMT:_wctype.obj
 0001:0002395a       __iswdigit_l               1002495a f i LIBCMT:_wctype.obj
 0001:0002396b       __iswgraph_l               1002496b f i LIBCMT:_wctype.obj
 0001:0002397f       __iswlower_l               1002497f f i LIBCMT:_wctype.obj
 0001:00023990       __iswprint_l               10024990 f i LIBCMT:_wctype.obj
 0001:000239a4       __iswpunct_l               100249a4 f i LIBCMT:_wctype.obj
 0001:000239b5       __iswspace_l               100249b5 f i LIBCMT:_wctype.obj
 0001:000239c6       __iswupper_l               100249c6 f i LIBCMT:_wctype.obj
 0001:000239d7       __iswxdigit_l              100249d7 f i LIBCMT:_wctype.obj
 0001:000239eb       _isleadbyte                100249eb f i LIBCMT:_wctype.obj
 0001:000239fc       _iswalnum                  100249fc f i LIBCMT:_wctype.obj
 0001:00023a10       _iswalpha                  10024a10 f i LIBCMT:_wctype.obj
 0001:00023a24       _iswascii                  10024a24 f i LIBCMT:_wctype.obj
 0001:00023a36       _iswblank                  10024a36 f i LIBCMT:_wctype.obj
 0001:00023a51       _iswcntrl                  10024a51 f i LIBCMT:_wctype.obj
 0001:00023a62       _iswdigit                  10024a62 f i LIBCMT:_wctype.obj
 0001:00023a73       _iswgraph                  10024a73 f i LIBCMT:_wctype.obj
 0001:00023a87       _iswlower                  10024a87 f i LIBCMT:_wctype.obj
 0001:00023a98       _iswprint                  10024a98 f i LIBCMT:_wctype.obj
 0001:00023aac       _iswpunct                  10024aac f i LIBCMT:_wctype.obj
 0001:00023abd       _iswspace                  10024abd f i LIBCMT:_wctype.obj
 0001:00023ace       _iswupper                  10024ace f i LIBCMT:_wctype.obj
 0001:00023adf       _iswxdigit                 10024adf f i LIBCMT:_wctype.obj
 0001:00023af3       __wctomb_l                 10024af3 f   LIBCMT:wctomb.obj
 0001:00023b42       __wctomb_s_l               10024b42 f   LIBCMT:wctomb.obj
 0001:00023c66       _wctomb                    10024c66 f   LIBCMT:wctomb.obj
 0001:00023c99       _wctomb_s                  10024c99 f   LIBCMT:wctomb.obj
 0001:00023cc0       __aulldvrm                 10024cc0 f   LIBCMT:ulldvrm.obj
 0001:00023d55       __sse2_mathfcns_init       10024d55 f   LIBCMT:mathfcns.obj
 0001:00023d64       __set_SSE2_enable          10024d64 f   LIBCMT:mathfcns.obj
 0001:00023d90       __CIcos_pentium4           10024d90 f   LIBCMT:cos_pentium4.obj
 0001:00023da8       __cos_pentium4             10024da8     LIBCMT:cos_pentium4.obj
 0001:00023f40       __trandisp1                10024f40 f   LIBCMT:87disp.obj
 0001:00023fa7       __trandisp2                10024fa7 f   LIBCMT:87disp.obj
 0001:00024033       __rttospopde               10025033     LIBCMT:87disp.obj
 0001:00024038       __rttospop                 10025038     LIBCMT:87disp.obj
 0001:0002403a       __rtnospop                 1002503a     LIBCMT:87disp.obj
 0001:0002403c       __rttosnpop                1002503c     LIBCMT:87disp.obj
 0001:0002403d       __rtnospopde               1002503d     LIBCMT:87disp.obj
 0001:00024044       __rtzeropop                10025044     LIBCMT:87disp.obj
 0001:00024046       __rtzeronpop               10025046     LIBCMT:87disp.obj
 0001:0002404b       __rtonepop                 1002504b     LIBCMT:87disp.obj
 0001:0002404d       __rtonenpop                1002504d     LIBCMT:87disp.obj
 0001:00024052       __tosnan1                  10025052     LIBCMT:87disp.obj
 0001:0002407d       __nosnan2                  1002507d     LIBCMT:87disp.obj
 0001:0002407f       __tosnan2                  1002507f     LIBCMT:87disp.obj
 0001:000240a7       __nan2                     100250a7     LIBCMT:87disp.obj
 0001:000240e6       __rtindfpop                100250e6     LIBCMT:87disp.obj
 0001:000240e8       __rtindfnpop               100250e8     LIBCMT:87disp.obj
 0001:000240f9       __rttosnpopde              100250f9     LIBCMT:87disp.obj
 0001:00024103       __rtchsifneg               10025103     LIBCMT:87disp.obj
 0001:00024110       __twoToTOS                 10025110 f   LIBCMT:common.obj
 0001:00024125       __load_CW                  10025125 f   LIBCMT:common.obj
 0001:0002413c       __convertTOStoQNaN         1002513c f   LIBCMT:common.obj
 0001:00024155       __fload_withFB             10025155 f   LIBCMT:common.obj
 0001:00024198       __checkTOS_withFB          10025198 f   LIBCMT:common.obj
 0001:000241ae       __fast_exit                100251ae f   LIBCMT:common.obj
 0001:000241bb       __math_exit                100251bb f   LIBCMT:common.obj
 0001:000241e5       __check_overflow_exit      100251e5 f   LIBCMT:common.obj
 0001:000241f9       __check_range_exit         100251f9 f   LIBCMT:common.obj
 0001:000242a0       __startTwoArgErrorHandling 100252a0 f   LIBCMT:genexcep.obj
 0001:000242b7       __startOneArgErrorHandling 100252b7 f   LIBCMT:genexcep.obj
 0001:00024300       __CIsin_pentium4           10025300 f   LIBCMT:sin_pentium4.obj
 0001:00024318       __sin_pentium4             10025318     LIBCMT:sin_pentium4.obj
 0001:000244c8       ___isascii                 100254c8 f i LIBCMT:_ctype.obj
 0001:000244d8       ___iscsym                  100254d8 f i LIBCMT:_ctype.obj
 0001:000244f8       ___iscsymf                 100254f8 f i LIBCMT:_ctype.obj
 0001:00024515       ___toascii                 10025515 f i LIBCMT:_ctype.obj
 0001:00024520       __isalnum_l                10025520 f i LIBCMT:_ctype.obj
 0001:00024578       __isalpha_l                10025578 f i LIBCMT:_ctype.obj
 0001:000245d0       __isblank_l                100255d0 f i LIBCMT:_ctype.obj
 0001:0002462a       __iscntrl_l                1002562a f i LIBCMT:_ctype.obj
 0001:0002467c       __iscsym_l                 1002567c f i LIBCMT:_ctype.obj
 0001:0002469d       __iscsymf_l                1002569d f i LIBCMT:_ctype.obj
 0001:000246be       __isdigit_l                100256be f i LIBCMT:_ctype.obj
 0001:00024710       __isgraph_l                10025710 f i LIBCMT:_ctype.obj
 0001:00024768       __islower_l                10025768 f i LIBCMT:_ctype.obj
 0001:000247ba       __isprint_l                100257ba f i LIBCMT:_ctype.obj
 0001:00024812       __ispunct_l                10025812 f i LIBCMT:_ctype.obj
 0001:00024864       __isspace_l                10025864 f i LIBCMT:_ctype.obj
 0001:000248b6       __isupper_l                100258b6 f i LIBCMT:_ctype.obj
 0001:00024908       __isxdigit_l               10025908 f i LIBCMT:_ctype.obj
 0001:00024960       _isalnum                   10025960 f i LIBCMT:_ctype.obj
 0001:0002498d       _isalpha                   1002598d f i LIBCMT:_ctype.obj
 0001:000249ba       _isblank                   100259ba f i LIBCMT:_ctype.obj
 0001:000249ef       _iscntrl                   100259ef f i LIBCMT:_ctype.obj
 0001:00024a1a       _isdigit                   10025a1a f i LIBCMT:_ctype.obj
 0001:00024a45       _isgraph                   10025a45 f i LIBCMT:_ctype.obj
 0001:00024a72       _islower                   10025a72 f i LIBCMT:_ctype.obj
 0001:00024a9d       _isprint                   10025a9d f i LIBCMT:_ctype.obj
 0001:00024aca       _ispunct                   10025aca f i LIBCMT:_ctype.obj
 0001:00024af5       _isspace                   10025af5 f i LIBCMT:_ctype.obj
 0001:00024b20       _isupper                   10025b20 f i LIBCMT:_ctype.obj
 0001:00024b4b       _isxdigit                  10025b4b f i LIBCMT:_ctype.obj
 0001:00024b78       __tolower                  10025b78 f   LIBCMT:tolower.obj
 0001:00024b83       __tolower_l                10025b83 f   LIBCMT:tolower.obj
 0001:00024cc6       _tolower                   10025cc6 f   LIBCMT:tolower.obj
 0001:00024cf2       _strcpy_s                  10025cf2 f   LIBCMT:strcpy_s.obj
 0001:00024d50       _strrchr                   10025d50 f   LIBCMT:strrchr.obj
 0001:00024e87       __fptostr                  10025e87 f   LIBCMT:_fptostr.obj
 0001:00024f37       ___crt_atoflt_l            10025f37 f   LIBCMT:atodbl.obj
 0001:00024fdb       __atodbl                   10025fdb f   LIBCMT:atodbl.obj
 0001:00024ff0       __atodbl_l                 10025ff0 f   LIBCMT:atodbl.obj
 0001:0002507e       __atoflt                   1002607e f   LIBCMT:atodbl.obj
 0001:00025093       __atoflt_l                 10026093 f   LIBCMT:atodbl.obj
 0001:000250ab       __atoldbl                  100260ab f   LIBCMT:atodbl.obj
 0001:000250c0       __atoldbl_l                100260c0 f   LIBCMT:atodbl.obj
 0001:0002514f       ___dtold                   1002614f f   LIBCMT:cfout.obj
 0001:00025217       __fltout2                  10026217 f   LIBCMT:cfout.obj
 0001:000252b0       __alldvrm                  100262b0 f   LIBCMT:lldvrm.obj
 0001:00025390       __aullshr                  10026390 f   LIBCMT:ullshr.obj
 0001:000253af       __get_output_format        100263af f   LIBCMT:outputformat.obj
 0001:000253b5       __set_output_format        100263b5 f   LIBCMT:outputformat.obj
 0001:000253e7       __controlfp_s              100263e7 f   LIBCMT:contrlfp.obj
 0001:00025444       __fptrap                   10026444 f   LIBCMT:crt0fp.obj
 0001:0002544d       __msize                    1002644d f   LIBCMT:msize.obj
 0001:0002547e       __recalloc                 1002647e f   LIBCMT:recalloc.obj
 0001:000254e7       _strncpy_s                 100264e7 f   LIBCMT:strncpy_s.obj
 0001:0002566f       __MallocaIsSizeInRange     1002666f f i LIBCMT:a_loc.obj
 0001:00025680       __MarkAllocaS              10026680 f i LIBCMT:a_loc.obj
 0001:00025694       ___crtGetLocaleInfoA       10026694 f   LIBCMT:a_loc.obj
 0001:000256ce       __freea                    100266ce f i LIBCMT:a_loc.obj
 0001:000256ec       _GetTableIndexFromLcid     100266ec f   LIBCMT:winapinls.obj
 0001:00025721       _GetTableIndexFromLocaleName 10026721 f   LIBCMT:winapinls.obj
 0001:0002576f       ___crtCompareStringEx      1002676f f   LIBCMT:winapinls.obj
 0001:000257bb       ___crtDownlevelLCIDToLocaleName 100267bb f   LIBCMT:winapinls.obj
 0001:00025837       ___crtDownlevelLocaleNameToLCID 10026837 f   LIBCMT:winapinls.obj
 0001:00025875       ___crtEnumSystemLocalesEx  10026875 f   LIBCMT:winapinls.obj
 0001:000258b2       ___crtGetDateFormatEx      100268b2 f   LIBCMT:winapinls.obj
 0001:000258fb       ___crtGetLocaleInfoEx      100268fb f   LIBCMT:winapinls.obj
 0001:0002592a       ___crtGetTimeFormatEx      1002692a f   LIBCMT:winapinls.obj
 0001:0002595f       ___crtGetUserDefaultLocaleName 1002695f f   LIBCMT:winapinls.obj
 0001:0002598a       ___crtIsValidLocaleName    1002698a f   LIBCMT:winapinls.obj
 0001:000259b5       ___crtLCMapStringEx        100269b5 f   LIBCMT:winapinls.obj
 0001:00025a01       ___wcsnicmp_ascii          10026a01 f   LIBCMT:winapinls.obj
 0001:00025c93       ___crtLCMapStringA         10026c93 f   LIBCMT:a_map.obj
 0001:00025dd1       ___crtGetStringTypeA       10026dd1 f   LIBCMT:a_str.obj
 0001:00025e11       __commit                   10026e11 f   LIBCMT:commit.obj
 0001:00025efa       ___lock_fhandle            10026efa f   LIBCMT:osfinfo.obj
 0001:00025f88       __alloc_osfhnd             10026f88 f   LIBCMT:osfinfo.obj
 0001:00026131       __free_osfhnd              10027131 f   LIBCMT:osfinfo.obj
 0001:000261b7       __get_osfhandle            100271b7 f   LIBCMT:osfinfo.obj
 0001:0002621e       __open_osfhandle           1002721e f   LIBCMT:osfinfo.obj
 0001:00026334       __set_osfhnd               10027334 f   LIBCMT:osfinfo.obj
 0001:000263b6       __unlock_fhandle           100273b6 f   LIBCMT:osfinfo.obj
 0001:000263dc       __open                     100273dc f   LIBCMT:open.obj
 0001:0002648c       __sopen                    1002748c f   LIBCMT:open.obj
 0001:000264bf       __sopen_helper             100274bf f   LIBCMT:open.obj
 0001:00026588       __sopen_nolock             10027588 f   LIBCMT:open.obj
 0001:000265d6       __sopen_s                  100275d6 f   LIBCMT:open.obj
 0001:000265f4       __mbsnbcmp                 100275f4 f   LIBCMT:mbsnbcmp.obj
 0001:0002660c       __mbsnbcmp_l               1002760c f   LIBCMT:mbsnbcmp.obj
 0001:00026723       __mbsnbicmp                10027723 f   LIBCMT:mbsnbicm.obj
 0001:0002673b       __mbsnbicmp_l              1002773b f   LIBCMT:mbsnbicm.obj
 0001:00026900       __global_unwind2           10027900 f   LIBCMT:exsup.obj
 0001:00026965       __local_unwind2            10027965 f   LIBCMT:exsup.obj
 0001:000269e9       __abnormal_termination     100279e9 f   LIBCMT:exsup.obj
 0001:00026a0c       __NLG_Notify1              10027a0c f   LIBCMT:exsup.obj
 0001:00026a15       __NLG_Notify               10027a15 f   LIBCMT:exsup.obj
 0001:00026a2c       __NLG_Dispatch2            10027a2c     LIBCMT:exsup.obj
 0001:00026a2c       __NLG_Dispatch             10027a2c     LIBCMT:exsup.obj
 0001:00026a34       __NLG_Call                 10027a34 f   LIBCMT:exsup.obj
 0001:00026a36       __NLG_Return2              10027a36     LIBCMT:exsup.obj
 0001:00026a37       __getbuf                   10027a37 f   LIBCMT:_getbuf.obj
 0001:00026a7d       __lseeki64                 10027a7d f   LIBCMT:lseeki64.obj
 0001:00026b79       __lseeki64_nolock          10027b79 f   LIBCMT:lseeki64.obj
 0001:00026bec       __mbtowc_l                 10027bec f   LIBCMT:mbtowc.obj
 0001:00026ce1       _mbtowc                    10027ce1 f   LIBCMT:mbtowc.obj
 0001:00026cf9       __putwch                   10027cf9 f   LIBCMT:putwch.obj
 0001:00026d45       __putwch_nolock            10027d45 f   LIBCMT:putwch.obj
 0001:00026d90       __chkstk                   10027d90 f   LIBCMT:chkstk.obj
 0001:00026d90       __alloca_probe             10027d90 f   LIBCMT:chkstk.obj
 0001:00026dbb       __matherr                  10027dbb f   LIBCMT:matherr.obj
 0001:00026dbe       __vfwprintf_l              10027dbe f   LIBCMT:vfwprint.obj
 0001:00026ddc       __vfwprintf_p              10027ddc f   LIBCMT:vfwprint.obj
 0001:00026df9       __vfwprintf_p_l            10027df9 f   LIBCMT:vfwprint.obj
 0001:00026e17       __vfwprintf_s_l            10027e17 f   LIBCMT:vfwprint.obj
 0001:00026e35       _vfwprintf                 10027e35 f   LIBCMT:vfwprint.obj
 0001:00026e52       _vfwprintf_helper          10027e52 f   LIBCMT:vfwprint.obj
 0001:00026ee5       _vfwprintf_s               10027ee5 f   LIBCMT:vfwprint.obj
 0001:00026f02       __woutput_l                10027f02 f   LIBCMT:woutput.obj
 0001:00027be1       __woutput_s_l              10028be1 f   LIBCMT:woutputs.obj
 0001:000288f8       __validate_param_reuseW    100298f8 f   LIBCMT:woutputp.obj
 0001:00028a70       __woutput_p_l              10029a70 f   LIBCMT:woutputp.obj
 0001:00029e99       __ismbbalnum               1002ae99 f   LIBCMT:ismbbyte.obj
 0001:00029eb2       __ismbbalnum_l             1002aeb2 f   LIBCMT:ismbbyte.obj
 0001:00029ecc       __ismbbalpha               1002aecc f   LIBCMT:ismbbyte.obj
 0001:00029ee5       __ismbbalpha_l             1002aee5 f   LIBCMT:ismbbyte.obj
 0001:00029eff       __ismbbblank               1002aeff f   LIBCMT:ismbbyte.obj
 0001:00029f20       __ismbbblank_l             1002af20 f   LIBCMT:ismbbyte.obj
 0001:00029f42       __ismbbgraph               1002af42 f   LIBCMT:ismbbyte.obj
 0001:00029f5b       __ismbbgraph_l             1002af5b f   LIBCMT:ismbbyte.obj
 0001:00029f75       __ismbbkalnum              1002af75 f   LIBCMT:ismbbyte.obj
 0001:00029f8b       __ismbbkalnum_l            1002af8b f   LIBCMT:ismbbyte.obj
 0001:00029fa2       __ismbbkana                1002afa2 f   LIBCMT:ismbbyte.obj
 0001:00029fb3       __ismbbkana_l              1002afb3 f   LIBCMT:ismbbyte.obj
 0001:00029fff       __ismbbkprint              1002afff f   LIBCMT:ismbbyte.obj
 0001:0002a015       __ismbbkprint_l            1002b015 f   LIBCMT:ismbbyte.obj
 0001:0002a02c       __ismbbkpunct              1002b02c f   LIBCMT:ismbbyte.obj
 0001:0002a042       __ismbbkpunct_l            1002b042 f   LIBCMT:ismbbyte.obj
 0001:0002a059       __ismbblead                1002b059 f   LIBCMT:ismbbyte.obj
 0001:0002a06f       __ismbblead_l              1002b06f f   LIBCMT:ismbbyte.obj
 0001:0002a086       __ismbbprint               1002b086 f   LIBCMT:ismbbyte.obj
 0001:0002a09f       __ismbbprint_l             1002b09f f   LIBCMT:ismbbyte.obj
 0001:0002a0b9       __ismbbpunct               1002b0b9 f   LIBCMT:ismbbyte.obj
 0001:0002a0cf       __ismbbpunct_l             1002b0cf f   LIBCMT:ismbbyte.obj
 0001:0002a0e6       __ismbbtrail               1002b0e6 f   LIBCMT:ismbbyte.obj
 0001:0002a0fc       __ismbbtrail_l             1002b0fc f   LIBCMT:ismbbyte.obj
 0001:0002a339       __strtol_l                 1002b339 f   LIBCMT:strtol.obj
 0001:0002a354       __strtoul_l                1002b354 f   LIBCMT:strtol.obj
 0001:0002a36f       _strtol                    1002b36f f   LIBCMT:strtol.obj
 0001:0002a399       _strtoul                   1002b399 f   LIBCMT:strtol.obj
 0001:0002a3c3       ___free_lconv_mon          1002b3c3 f   LIBCMT:initmon.obj
 0001:0002a4bf       ___init_monetary           1002b4bf f   LIBCMT:initmon.obj
 0001:0002a898       ___free_lconv_num          1002b898 f   LIBCMT:initnum.obj
 0001:0002a8ff       ___init_numeric            1002b8ff f   LIBCMT:initnum.obj
 0001:0002ab3d       ___free_lc_time            1002bb3d f   LIBCMT:inittime.obj
 0001:0002aebd       ___init_time               1002bebd f   LIBCMT:inittime.obj
 0001:0002b72c       _localeconv                1002c72c f   LIBCMT:lconv.obj
 0001:0002b752       __iswctype_l               1002c752 f   LIBCMT:iswctype.obj
 0001:0002b764       _is_wctype                 1002c764 f   LIBCMT:iswctype.obj
 0001:0002b76d       _iswctype                  1002c76d f   LIBCMT:iswctype.obj
 0001:0002b7c3       ____lc_codepage_func       1002c7c3 f   LIBCMT:initctyp.obj
 0001:0002b7e9       ____lc_collate_cp_func     1002c7e9 f   LIBCMT:initctyp.obj
 0001:0002b80f       ____lc_locale_name_func    1002c80f f   LIBCMT:initctyp.obj
 0001:0002b837       ____mb_cur_max_func        1002c837 f   LIBCMT:initctyp.obj
 0001:0002b85d       ____mb_cur_max_l_func      1002c85d f   LIBCMT:initctyp.obj
 0001:0002b874       ___init_ctype              1002c874 f   LIBCMT:initctyp.obj
 0001:0002bc0c       ___pctype_func             1002cc0c f   LIBCMT:ctype.obj
 0001:0002bc35       ___pwctype_func            1002cc35 f   LIBCMT:ctype.obj
 0001:0002bc3b       __87except                 1002cc3b f   LIBCMT:87except.obj
 0001:0002bd44       __isctype                  1002cd44 f   LIBCMT:isctype.obj
 0001:0002bd73       __isctype_l                1002cd73 f   LIBCMT:isctype.obj
 0001:0002be24       ___init_dummy              1002ce24 f   LIBCMT:wsetloca.obj
 0001:0002be27       __locterm                  1002ce27 f   LIBCMT:wsetloca.obj
 0001:0002be79       ____setlc_active_func      1002ce79 f   LIBCMT:wsetloca.obj
 0001:0002be7f       ____unguarded_readlc_active_add_func 1002ce7f f   LIBCMT:wsetloca.obj
 0001:0002be85       ___copy_locale_name        1002ce85 f   LIBCMT:wsetloca.obj
 0001:0002bee9       ___create_locale           1002cee9 f   LIBCMT:wsetloca.obj
 0001:0002bef2       ___free_locale             1002cef2 f   LIBCMT:wsetloca.obj
 0001:0002bef7       ___get_current_locale      1002cef7 f   LIBCMT:wsetloca.obj
 0001:0002befc       ___lc_lctowcs              1002cefc f   LIBCMT:wsetloca.obj
 0001:0002bf6a       ___lc_wcstolc              1002cf6a f   LIBCMT:wsetloca.obj
 0001:0002c096       __configthreadlocale       1002d096 f   LIBCMT:wsetloca.obj
 0001:0002c11c       __create_locale            1002d11c f   LIBCMT:wsetloca.obj
 0001:0002c17e       __expandlocale             1002d17e f   LIBCMT:wsetloca.obj
 0001:0002c475       __free_locale              1002d475 f   LIBCMT:wsetloca.obj
 0001:0002c52c       __get_current_locale       1002d52c f   LIBCMT:wsetloca.obj
 0001:0002c5db       __wcreate_locale           1002d5db f   LIBCMT:wsetloca.obj
 0001:0002c6b2       __wcscats                  1002d6b2 f   LIBCMT:wsetloca.obj
 0001:0002c6f1       __wsetlocale               1002d6f1 f   LIBCMT:wsetloca.obj
 0001:0002d033       __CopyMan                  1002e033 f i LIBCMT:intrncvt.obj
 0001:0002d050       __FillZeroMan              1002e050 f i LIBCMT:intrncvt.obj
 0001:0002d05f       __IncMan                   1002e05f f i LIBCMT:intrncvt.obj
 0001:0002d0c1       __IsZeroMan                1002e0c1 f i LIBCMT:intrncvt.obj
 0001:0002d0de       __RoundMan                 1002e0de f i LIBCMT:intrncvt.obj
 0001:0002d1df       __ShrMan                   1002e1df f i LIBCMT:intrncvt.obj
 0001:0002d26d       __ZeroTail                 1002e26d f i LIBCMT:intrncvt.obj
 0001:0002d2b5       ___addl                    1002e2b5 f i LIBCMT:intrncvt.obj
 0001:0002d2d9       __ld12cvt                  1002e2d9 f i LIBCMT:intrncvt.obj
 0001:0002d844       __ld12tod                  1002e844 f   LIBCMT:intrncvt.obj
 0001:0002ddb6       __ld12tof                  1002edb6 f   LIBCMT:intrncvt.obj
 0001:0002e328       __ld12told                 1002f328 f   LIBCMT:intrncvt.obj
 0001:0002e3f7       ___STRINGTOLD_L            1002f3f7 f   LIBCMT:strgtold.obj
 0001:0002e452       ___ld12mul                 1002f452 f i LIBCMT:strgtold.obj
 0001:0002e71e       ___multtenpow12            1002f71e f i LIBCMT:strgtold.obj
 0001:0002ea71       ___shl_12                  1002fa71 f i LIBCMT:strgtold.obj
 0001:0002eaa2       ___shr_12                  1002faa2 f i LIBCMT:strgtold.obj
 0001:0002ead2       ___strgtold12_l            1002fad2 f   LIBCMT:strgtold.obj
 0001:0002f27a       _$I10_OUTPUT               1003027a f   LIBCMT:x10fout.obj
 0001:0002fc4e       ___add_12                  10030c4e f i LIBCMT:x10fout.obj
 0001:0002fdfa       ___control87_2             10030dfa f   LIBCMT:ieee87.obj
 0001:0003046e       __clearfp                  1003146e f   LIBCMT:ieee87.obj
 0001:0003054e       __control87                1003154e f i LIBCMT:ieee87.obj
 0001:00030850       __controlfp                10031850 f   LIBCMT:ieee87.obj
 0001:00030b5b       __fpreset                  10031b5b f   LIBCMT:ieee87.obj
 0001:00030c28       __set_controlfp            10031c28 f   LIBCMT:ieee87.obj
 0001:00030c9b       __statusfp                 10031c9b f   LIBCMT:ieee87.obj
 0001:00030d35       __statusfp2                10031d35 f   LIBCMT:ieee87.obj
 0001:00030da0       __alloca_probe_16          10031da0 f   LIBCMT:alloca16.obj
 0001:00030db6       __alloca_probe_8           10031db6     LIBCMT:alloca16.obj
 0001:00030dcc       _wcsnlen                   10031dcc f   LIBCMT:wcslen_s.obj
 0001:00030e73       __wopen                    10031e73 f   LIBCMT:wopen.obj
 0001:00030f23       __wsopen                   10031f23 f   LIBCMT:wopen.obj
 0001:00030f56       __wsopen_helper            10031f56 f   LIBCMT:wopen.obj
 0001:0003101f       __wsopen_nolock            1003201f f   LIBCMT:wopen.obj
 0001:00031772       __wsopen_s                 10032772 f   LIBCMT:wopen.obj
 0001:00031790       _strncmp                   10032790 f   LIBCMT:strncmp.obj
 0001:00031808       __strnicmp                 10032808 f   LIBCMT:strnicmp.obj
 0001:00031873       __strnicmp_l               10032873 f   LIBCMT:strnicmp.obj
 0001:00031924       ___termconout              10032924 f   LIBCMT:initcon.obj
 0001:0003193b       ___initconout              1003293b f   LIBCMT:initcon.obj
 0001:0003195a       __fputwc_nolock            1003295a f   LIBCMT:fputwc.obj
 0001:00031ae0       _fputwc                    10032ae0 f   LIBCMT:fputwc.obj
 0001:00031b57       _putwc                     10032b57 f   LIBCMT:fputwc.obj
 0001:00031d41       __wcstol_l                 10032d41 f   LIBCMT:wcstol.obj
 0001:00031d59       __wcstoul_l                10032d59 f   LIBCMT:wcstol.obj
 0001:00031d71       _wcstol                    10032d71 f   LIBCMT:wcstol.obj
 0001:00031d89       _wcstoul                   10032d89 f   LIBCMT:wcstol.obj
 0001:00031da1       ___init_collate            10032da1 f   LIBCMT:initcoll.obj
 0001:00031ec1       _memcmp                    10032ec1 f   LIBCMT:memcmp.obj
 0001:00034dd5       _wcscmp                    10035dd5 f   LIBCMT:wcscmp.obj
 0001:00034e13       _wcscspn                   10035e13 f   LIBCMT:wcscspn.obj
 0001:00034e5e       _wcsncmp                   10035e5e f   LIBCMT:wcsncmp.obj
 0001:00034e94       _wcspbrk                   10035e94 f   LIBCMT:wcspbrk.obj
 0001:00035498       ___get_qualified_locale    10036498 f   LIBCMT:getqloc.obj
 0001:00035d08       ___get_qualified_locale_downlevel 10036d08 f   LIBCMT:getqloc_downlevel.obj
 0001:00035f24       ___mtold12                 10036f24 f   LIBCMT:mantold.obj
 0001:00036104       __chsize                   10037104 f   LIBCMT:chsize.obj
 0001:0003611e       __chsize_nolock            1003711e f   LIBCMT:chsize.obj
 0001:000362d4       __chsize_s                 100372d4 f   LIBCMT:chsize.obj
 0001:000363c2       __get_fmode                100373c2 f   LIBCMT:setmode.obj
 0001:000363ec       __set_fmode                100373ec f   LIBCMT:setmode.obj
 0001:00036427       __setmode                  10037427 f   LIBCMT:setmode.obj
 0001:0003652c       __setmode_nolock           1003752c f   LIBCMT:setmode.obj
 0001:00036600       ___ascii_strnicmp          10037600 f   LIBCMT:_strnicm.obj
 0001:00036661       __flswbuf                  10037661 f   LIBCMT:_flswbuf.obj
 0001:000367c3       __wchartodigit             100377c3 f   LIBCMT:wchtodig.obj
 0001:00036962       __wtoi                     10037962 f   LIBCMT:wtox.obj
 0001:0003696b       __wtoi64                   1003796b f   LIBCMT:wtox.obj
 0001:0003697f       __wtoi64_l                 1003797f f   LIBCMT:wtox.obj
 0001:00036996       __wtoi_l                   10037996 f   LIBCMT:wtox.obj
 0001:0003699f       __wtol                     1003799f f   LIBCMT:wtox.obj
 0001:000369b3       __wtol_l                   100379b3 f   LIBCMT:wtox.obj
 0001:000369ca       __wtoll                    100379ca f   LIBCMT:wtox.obj
 0001:000369de       __wtoll_l                  100379de f   LIBCMT:wtox.obj
 0001:000369f5       _wcschr                    100379f5 f   LIBCMT:wcschr.obj
 0001:00036aa3       __wcsicmp                  10037aa3 f   LIBCMT:wcsicmp.obj
 0001:00036b36       __wcsicmp_l                10037b36 f   LIBCMT:wcsicmp.obj
 0001:00036c11       __wcsnicmp                 10037c11 f   LIBCMT:wcsnicmp.obj
 0001:00036cc7       __wcsnicmp_l               10037cc7 f   LIBCMT:wcsnicmp.obj
 0001:00037090       __wcstof_l                 10038090 f   LIBCMT:wcstoq.obj
 0001:00037143       __wcstoi64                 10038143 f   LIBCMT:wcstoq.obj
 0001:0003716d       __wcstoi64_l               1003816d f   LIBCMT:wcstoq.obj
 0001:00037188       __wcstoimax_l              10038188 f   LIBCMT:wcstoq.obj
 0001:00037191       __wcstold_l                10038191 f   LIBCMT:wcstoq.obj
 0001:0003719a       __wcstoll_l                1003819a f   LIBCMT:wcstoq.obj
 0001:000371a3       __wcstoui64                100381a3 f   LIBCMT:wcstoq.obj
 0001:000371cd       __wcstoui64_l              100381cd f   LIBCMT:wcstoq.obj
 0001:000371e8       __wcstoull_l               100381e8 f   LIBCMT:wcstoq.obj
 0001:000371f1       __wcstoumax_l              100381f1 f   LIBCMT:wcstoq.obj
 0001:000371fa       _wcstof                    100381fa f   LIBCMT:wcstoq.obj
 0001:0003720f       _wcstoimax                 1003820f f   LIBCMT:wcstoq.obj
 0001:00037218       _wcstold                   10038218 f   LIBCMT:wcstoq.obj
 0001:00037221       _wcstoll                   10038221 f   LIBCMT:wcstoq.obj
 0001:0003722a       _wcstoull                  1003822a f   LIBCMT:wcstoq.obj
 0001:00037233       _wcstoumax                 10038233 f   LIBCMT:wcstoq.obj
 0001:0003723c       __towlower_l               1003823c f   LIBCMT:towlower.obj
 0001:000372ed       _towlower                  100382ed f   LIBCMT:towlower.obj
 0001:000372fe       __wcstod_l                 100382fe f   LIBCMT:wcstod.obj
 0001:000373f9       _wcstod                    100383f9 f   LIBCMT:wcstod.obj
 0001:00037410       __allmul                   10038410 f   LIBCMT:llmul.obj
 0001:00037444       ___crtLCMapStringW         10038444 f   LIBCMT:w_map.obj
 0001:00037473       __wfltin2                  10038473 f   LIBCMT:wcfin.obj
 0001:00037520       ___WSTRINGTOLD_L           10038520 f   LIBCMT:wstrgtold.obj
 0001:0003757b       ___wstrgtold12_l           1003857b f   LIBCMT:wstrgtold.obj
 0001:00037dcc       _GetModuleHandleA@4        10038dcc f   kernel32:KERNEL32.dll
 0001:00037dd2       _GetProcAddress@8          10038dd2 f   kernel32:KERNEL32.dll
 0001:00037dd8       _HeapAlloc@12              10038dd8 f   kernel32:KERNEL32.dll
 0001:00037dde       _IsDebuggerPresent@0       10038dde f   kernel32:KERNEL32.dll
 0001:00037de4       _IsProcessorFeaturePresent@4 10038de4 f   kernel32:KERNEL32.dll
 0001:00037dea       _EncodePointer@4           10038dea f   kernel32:KERNEL32.dll
 0001:00037df0       _DecodePointer@4           10038df0 f   kernel32:KERNEL32.dll
 0001:00037df6       _GetLastError@0            10038df6 f   kernel32:KERNEL32.dll
 0001:00037dfc       _ExitProcess@4             10038dfc f   kernel32:KERNEL32.dll
 0001:00037e02       _GetModuleHandleExW@12     10038e02 f   kernel32:KERNEL32.dll
 0001:00037e08       _AreFileApisANSI@0         10038e08 f   kernel32:KERNEL32.dll
 0001:00037e0e       _MultiByteToWideChar@24    10038e0e f   kernel32:KERNEL32.dll
 0001:00037e14       _WideCharToMultiByte@32    10038e14 f   kernel32:KERNEL32.dll
 0001:00037e1a       _HeapFree@12               10038e1a f   kernel32:KERNEL32.dll
 0001:00037e20       _HeapReAlloc@16            10038e20 f   kernel32:KERNEL32.dll
 0001:00037e26       _EnterCriticalSection@4    10038e26 f   kernel32:KERNEL32.dll
 0001:00037e2c       _LeaveCriticalSection@4    10038e2c f   kernel32:KERNEL32.dll
 0001:00037e32       _GetStdHandle@4            10038e32 f   kernel32:KERNEL32.dll
 0001:00037e38       _GetFileType@4             10038e38 f   kernel32:KERNEL32.dll
 0001:00037e3e       _GetModuleFileNameW@12     10038e3e f   kernel32:KERNEL32.dll
 0001:00037e44       _WriteConsoleW@20          10038e44 f   kernel32:KERNEL32.dll
 0001:00037e4a       _GetCommandLineA@0         10038e4a f   kernel32:KERNEL32.dll
 0001:00037e50       _GetCurrentThreadId@0      10038e50 f   kernel32:KERNEL32.dll
 0001:00037e56       _WriteFile@20              10038e56 f   kernel32:KERNEL32.dll
 0001:00037e5c       _GetProcessHeap@0          10038e5c f   kernel32:KERNEL32.dll
 0001:00037e62       _UnhandledExceptionFilter@4 10038e62 f   kernel32:KERNEL32.dll
 0001:00037e68       _SetUnhandledExceptionFilter@4 10038e68 f   kernel32:KERNEL32.dll
 0001:00037e6e       _SetLastError@4            10038e6e f   kernel32:KERNEL32.dll
 0001:00037e74       _InitializeCriticalSectionAndSpinCount@8 10038e74 f   kernel32:KERNEL32.dll
 0001:00037e7a       _CreateEventW@16           10038e7a f   kernel32:KERNEL32.dll
 0001:00037e80       _Sleep@4                   10038e80 f   kernel32:KERNEL32.dll
 0001:00037e86       _GetCurrentProcess@0       10038e86 f   kernel32:KERNEL32.dll
 0001:00037e8c       _TerminateProcess@8        10038e8c f   kernel32:KERNEL32.dll
 0001:00037e92       _TlsAlloc@0                10038e92 f   kernel32:KERNEL32.dll
 0001:00037e98       _TlsGetValue@4             10038e98 f   kernel32:KERNEL32.dll
 0001:00037e9e       _TlsSetValue@8             10038e9e f   kernel32:KERNEL32.dll
 0001:00037ea4       _TlsFree@4                 10038ea4 f   kernel32:KERNEL32.dll
 0001:00037eaa       _GetStartupInfoW@4         10038eaa f   kernel32:KERNEL32.dll
 0001:00037eb0       _GetTickCount@0            10038eb0 f   kernel32:KERNEL32.dll
 0001:00037eb6       _GetModuleHandleW@4        10038eb6 f   kernel32:KERNEL32.dll
 0001:00037ebc       _CreateSemaphoreW@16       10038ebc f   kernel32:KERNEL32.dll
 0001:00037ec2       _DeleteCriticalSection@4   10038ec2 f   kernel32:KERNEL32.dll
 0001:00037ec8       _FatalAppExitA@8           10038ec8 f   kernel32:KERNEL32.dll
 0001:00037ece       _SetConsoleCtrlHandler@8   10038ece f   kernel32:KERNEL32.dll
 0001:00037ed4       _FreeLibrary@4             10038ed4 f   kernel32:KERNEL32.dll
 0001:00037eda       _LoadLibraryExW@12         10038eda f   kernel32:KERNEL32.dll
 0001:00037ee0       _IsValidCodePage@4         10038ee0 f   kernel32:KERNEL32.dll
 0001:00037ee6       _GetACP@0                  10038ee6 f   kernel32:KERNEL32.dll
 0001:00037eec       _GetOEMCP@0                10038eec f   kernel32:KERNEL32.dll
 0001:00037ef2       _GetCPInfo@8               10038ef2 f   kernel32:KERNEL32.dll
 0001:00037ef8       _CloseHandle@4             10038ef8 f   kernel32:KERNEL32.dll
 0001:00037efe       _RtlUnwind@16              10038efe f   kernel32:KERNEL32.dll
 0001:00037f04       _ReadFile@20               10038f04 f   kernel32:KERNEL32.dll
 0001:00037f0a       _GetConsoleMode@8          10038f0a f   kernel32:KERNEL32.dll
 0001:00037f10       _ReadConsoleW@20           10038f10 f   kernel32:KERNEL32.dll
 0001:00037f16       _GetConsoleCP@0            10038f16 f   kernel32:KERNEL32.dll
 0001:00037f1c       _DeleteFileW@4             10038f1c f   kernel32:KERNEL32.dll
 0001:00037f22       _SetFilePointerEx@20       10038f22 f   kernel32:KERNEL32.dll
 0001:00037f28       _RaiseException@16         10038f28 f   kernel32:KERNEL32.dll
 0001:00037f2e       _OutputDebugStringW@4      10038f2e f   kernel32:KERNEL32.dll
 0001:00037f34       _GetCurrentThread@0        10038f34 f   kernel32:KERNEL32.dll
 0001:00037f3a       _GetModuleFileNameA@12     10038f3a f   kernel32:KERNEL32.dll
 0001:00037f40       _QueryPerformanceCounter@4 10038f40 f   kernel32:KERNEL32.dll
 0001:00037f46       _GetCurrentProcessId@0     10038f46 f   kernel32:KERNEL32.dll
 0001:00037f4c       _GetSystemTimeAsFileTime@4 10038f4c f   kernel32:KERNEL32.dll
 0001:00037f52       _GetEnvironmentStringsW@0  10038f52 f   kernel32:KERNEL32.dll
 0001:00037f58       _FreeEnvironmentStringsW@4 10038f58 f   kernel32:KERNEL32.dll
 0001:00037f5e       _HeapSize@12               10038f5e f   kernel32:KERNEL32.dll
 0001:00037f64       _GetDateFormatW@24         10038f64 f   kernel32:KERNEL32.dll
 0001:00037f6a       _GetTimeFormatW@24         10038f6a f   kernel32:KERNEL32.dll
 0001:00037f70       _CompareStringW@24         10038f70 f   kernel32:KERNEL32.dll
 0001:00037f76       _LCMapStringW@24           10038f76 f   kernel32:KERNEL32.dll
 0001:00037f7c       _GetLocaleInfoW@16         10038f7c f   kernel32:KERNEL32.dll
 0001:00037f82       _IsValidLocale@8           10038f82 f   kernel32:KERNEL32.dll
 0001:00037f88       _GetUserDefaultLCID@0      10038f88 f   kernel32:KERNEL32.dll
 0001:00037f8e       _EnumSystemLocalesW@8      10038f8e f   kernel32:KERNEL32.dll
 0001:00037f94       _GetStringTypeW@16         10038f94 f   kernel32:KERNEL32.dll
 0001:00037f9a       _FlushFileBuffers@4        10038f9a f   kernel32:KERNEL32.dll
 0001:00037fa0       _SetStdHandle@8            10038fa0 f   kernel32:KERNEL32.dll
 0001:00037fa6       _CreateFileW@28            10038fa6 f   kernel32:KERNEL32.dll
 0001:00037fac       _SetEndOfFile@4            10038fac f   kernel32:KERNEL32.dll
 0002:00000000       ___xc_a                    10044000     LIBCMT:crt0init.obj
 0002:00000104       ___xc_z                    10044104     LIBCMT:crt0init.obj
 0002:00000208       ___xi_a                    10044208     LIBCMT:crt0init.obj
 0002:00000424       ___xi_z                    10044424     LIBCMT:crt0init.obj
 0002:00000528       ___xp_a                    10044528     LIBCMT:crt0init.obj
 0002:0000083c       ___xp_z                    1004483c     LIBCMT:crt0init.obj
 0002:00000940       ___xt_a                    10044940     LIBCMT:crt0init.obj
 0002:00000a44       ___xt_z                    10044a44     LIBCMT:crt0init.obj
 0002:00000b88       _Pos_PID_M                 10044b88     Pos_PID.obj
 0002:00000b8c       ??_C@_0BI@PEBACBDB@Error?5creating?5scope?53?6?$AA@ 10044b8c     Pos_PID.obj
 0002:00000ba8       ??_C@_0BH@EKMHGNPN@X_Encoder?1count_to_mm1?$AA@ 10044ba8     Pos_PID.obj
 0002:00000bc4       ??_C@_0BI@PHJEPFFP@Error?5creating?5scope?51?6?$AA@ 10044bc4     Pos_PID.obj
 0002:00000be0       ??_C@_09LIAEOFKL@Xdata?4dat?$AA@ 10044be0     Pos_PID.obj
 0002:00000bec       ??_C@_0BI@PCNLODNK@Error?5creating?5scope?56?6?$AA@ 10044bec     Pos_PID.obj
 0002:00000c08       ??_C@_0BH@HFJGCGKD@Y_encoder?5?1count_to_mm?$AA@ 10044c08     Pos_PID.obj
 0002:00000c24       ??_C@_0BI@PBFPDHLE@Error?5creating?5scope?54?6?$AA@ 10044c24     Pos_PID.obj
[...]
 0003:00004398       __newmode                  1005c398     LIBCMT:_newmode.obj
 0003:0000439c       __crtheap                  1005c39c     LIBCMT:heapinit.obj
 0003:000043a0       ___pInvalidArgHandler      1005c3a0     LIBCMT:invarg.obj
 0003:000043a4       __stdbuf                   1005c3a4     LIBCMT:_sftbuf.obj
 0003:00004500       __maxwait                  1005c500     LIBCMT:crtheap.obj
 0003:00004504       ?__pInconsistency@@3P6AXXZA 1005c504     LIBCMT:hooks.obj
 0003:00004508       ___pPurecall               1005c508     LIBCMT:inithelp.obj
 0003:00004524       ___mbcodepage              1005c524     LIBCMT:mbctype.obj
 0003:00004528       ___ismbcodepage            1005c528     LIBCMT:mbctype.obj
 0003:0000452c       ___mbulinfo                1005c52c     LIBCMT:mbctype.obj
 0003:00004538       ___mblocalename            1005c538     LIBCMT:mbctype.obj
 0003:00004540       ___pioinfo                 1005c540     LIBCMT:ioinit.obj
 0003:00004640       ___error_mode              1005c640     LIBCMT:errmode.obj
 0003:00004760       __outputformat             1005c760     LIBCMT:outputformat.obj
 0003:00004768       __commode                  1005c768     LIBCMT:ncommode.obj
 0003:0000476c       ___lconv_static_null       1005c76c     LIBCMT:lconv.obj
 0003:00004770       ___lconv_static_W_null     1005c770     LIBCMT:lconv.obj
 0003:00004774       ___locale_changed          1005c774     LIBCMT:wsetloca.obj
 0003:00004778       __fmode                    1005c778     LIBCMT:txtmode.obj
 0003:00004780       _CANAC2_2_receiveindex_mb3 1005c780     <common>
 0003:00007854       _CANAC2_2_receivemaxindex_mb3 1005f854     <common>
 0003:00007860       _CANAC2_2_sendindex_mb3    1005f860     <common>
 0003:00007b80       _CANAC2_2_sendmaxindex_mb3 1005fb80     <common>
 0003:00007ba0       _CANAC2_1_receiveindex_mb3 1005fba0     <common>
 0003:00007ec0       _CANAC2_1_receivemaxindex_mb3 1005fec0     <common>
 0003:00007ee0       _CANAC2_1_sendindex_mb3    1005fee0     <common>
 0003:00008200       _CANAC2_1_sendmaxindex_mb3 10060200     <common>
 0003:00008220       _CANAC2_2_receive_mb3      10060220     <common>
 0003:00008540       _CANAC2_2_send_mb3         10060540     <common>
 0003:00008860       _CANAC2_1_receive_mb3      10060860     <common>
 0003:00008b80       _CANAC2_1_send_mb3         10060b80     <common>
 0003:00008ea0       _CANAC2_2_receiveindex_mb2 10060ea0     <common>
 0003:000091c0       _CANAC2_2_receivemaxindex_mb2 100611c0     <common>
 0003:000091e0       _CANAC2_2_sendindex_mb2    100611e0     <common>
 0003:00009500       _CANAC2_2_sendmaxindex_mb2 10061500     <common>
 0003:00009520       _CANAC2_1_receiveindex_mb2 10061520     <common>
 0003:00009840       _CANAC2_1_receivemaxindex_mb2 10061840     <common>
 0003:00009860       _CANAC2_1_sendindex_mb2    10061860     <common>
 0003:00009b80       _CANAC2_1_sendmaxindex_mb2 10061b80     <common>
 0003:00009ba0       _CANAC2_2_receive_mb2      10061ba0     <common>
 0003:00009ec0       _CANAC2_2_send_mb2         10061ec0     <common>
 0003:0000a1e0       _CANAC2_1_receive_mb2      100621e0     <common>
 0003:0000a500       _CANAC2_1_send_mb2         10062500     <common>
 0003:0000a820       _CANAC2_2_receiveindex_mb1 10062820     <common>
 0003:0000ab40       _CANAC2_2_receivemaxindex_mb1 10062b40     <common>
 0003:0000ab60       _CANAC2_2_sendindex_mb1    10062b60     <common>
 0003:0000ae80       _CANAC2_2_sendmaxindex_mb1 10062e80     <common>
 0003:0000aea0       _CANAC2_1_receiveindex_mb1 10062ea0     <common>
 0003:0000b1c0       _CANAC2_1_receivemaxindex_mb1 100631c0     <common>
 0003:0000b1e0       _CANAC2_1_sendindex_mb1    100631e0     <common>
 0003:0000b500       _CANAC2_1_sendmaxindex_mb1 10063500     <common>
 0003:0000b520       _CANAC2_2_receive_mb1      10063520     <common>
 0003:0000b840       _CANAC2_2_send_mb1         10063840     <common>
 0003:0000bb60       _CANAC2_1_receive_mb1      10063b60     <common>
 0003:0000be80       _CANAC2_1_send_mb1         10063e80     <common>
 0003:0000c1a0       _CANAC2_2_receiveindex     100641a0     <common>
 0003:0000c4c0       _CANAC2_2_receivemaxindex  100644c0     <common>
 0003:0000c4e0       _CANAC2_2_sendindex        100644e0     <common>
 0003:0000c800       _CANAC2_2_sendmaxindex     10064800     <common>
 0003:0000c820       _CANAC2_1_receiveindex     10064820     <common>
 0003:0000cb40       _CANAC2_1_receivemaxindex  10064b40     <common>
 0003:0000cb60       _CANAC2_1_sendindex        10064b60     <common>
 0003:0000ce80       _CANAC2_1_sendmaxindex     10064e80     <common>
 0003:0000cea0       _CANAC2_2_receive          10064ea0     <common>
 0003:0000d1c0       _CANAC2_2_send             100651c0     <common>
 0003:0000d4e0       _CANAC2_1_receive          100654e0     <common>
 0003:0000d800       _CANAC2_1_send             10065800     <common>
 0003:0000db20       _siepowercan_can_object_buffer_port2 10065b20     <common>
 0003:00011b40       _siepowercan_can_object_buffer_port1 10069b40     <common>
 0003:00015b40       _rtNaNF                    1006db40     <common>
 0003:00015b54       _rtMinusInfF               1006db54     <common>
 0003:00015b58       _rtInfF                    1006db58     <common>
 0003:00015b60       _rtNaN                     1006db60     <common>
 0003:00015b68       _rtMinusInf                1006db68     <common>
 0003:00015b70       _rtInf                     1006db70     <common>
 0003:00015b80       _Pos_PID_M_                1006db80     <common>
 0003:00018d00       _Pos_PID_DW                10070d00     <common>
 0003:00018ea0       _Pos_PID_X                 10070ea0     <common>
 0003:00018ee0       _Pos_PID_B                 10070ee0     <common>
 0003:00019160       _xpceaddEvent              10071160     <common>
 0003:000191b0       _xpceDeRegisterISR         100711b0     <common>
 0003:000191b4       _xpceRegisterISR           100711b4     <common>
 0003:000191b8       _xpcIsModelInit            100711b8     <common>
 0003:000191bc       _xpcGetElapsedTime         100711bc     <common>
 0003:000191c0       _xpcBusyWait               100711c0     <common>
 0003:000191c4       _xpcFreePhysicalMemory     100711c4     <common>
 0003:000191c8       _xpcAllocPhysicalMemory    100711c8     <common>
 0003:000191cc       _xpcReserveMemoryRegion    100711cc     <common>
 0003:000191d0       _xpcOutpB                  100711d0     <common>
 0003:000191d4       _xpcOutpW                  100711d4     <common>
 0003:000191d8       _xpcOutpDW                 100711d8     <common>
 0003:000191dc       _xpcInpB                   100711dc     <common>
 0003:000191e0       _xpcInpW                   100711e0     <common>
 0003:000191e4       _xpcInpDW                  100711e4     <common>
 0003:000191e8       _slTestRegAssessment       100711e8     <common>
 0003:000191ec       _slTestTerminate           100711ec     <common>
 0003:000191f0       _slTestEvalOnFail          100711f0     <common>
 0003:000191f4       _slTestLogAssessments      100711f4     <common>
 0003:000191f8       _slTestInitialize          100711f8     <common>
 0003:000191fc       _unRegisterPTPTimeRead     100711fc     <common>
 0003:00019200       _registerPTPTimeRead       10071200     <common>
 0003:00019204       _slrteGetCurrentStepSize   10071204     <common>
 0003:00019208       _slrteSetStepSizeDelta     10071208     <common>
 0003:0001920c       _xpceGetIntTimerGranularityNS 1007120c     <common>
 0003:00019210       _sendToAsyncQueueTgtAppSvc 10071210     <common>
 0003:00019214       _terminateToAsyncQueueTgtAppSvc 10071214     <common>
 0003:00019218       _startToAsyncQueueTgtAppSvc 10071218     <common>
 0003:0001921c       _getStatusFlags            1007121c     <common>
 0003:00019220       _getCommService            10071220     <common>
 0003:00019224       _getMemoryService          10071224     <common>
 0003:00019228       _StreamVideo               10071228     <common>
 0003:0001922c       _StopVideoDisplay          1007122c     <common>
 0003:00019230       _StartVideoDisplay         10071230     <common>
 0003:00019234       _DestroyVideoDisplay       10071234     <common>
 0003:00019238       _CreateVideoDisplay        10071238     <common>
 0003:0001923c       _ConvertUImage             1007123c     <common>
 0003:00019240       _StopVideo                 10071240     <common>
 0003:00019244       _ReadFrameBuffer           10071244     <common>
 0003:00019248       _StartVideo                10071248     <common>
 0003:0001924c       _GetVideoConfigs           1007124c     <common>
 0003:00019250       _FindUsbVideoDevice        10071250     <common>
 0003:00019254       _xpceDeleteSemaphore       10071254     <common>
 0003:00019258       _xpceSignalSemaphore       10071258     <common>
 0003:0001925c       _xpceWaitSemaphore         1007125c     <common>
 0003:00019260       _xpceCreateSemaphore       10071260     <common>
 0003:00019264       _TBGiveSpinFast            10071264     <common>
 0003:00019268       _TBTakeSpinFast            10071268     <common>
 0003:0001926c       _TBDeleteSpin              1007126c     <common>
 0003:00019270       _TBCreateSpin              10071270     <common>
 0003:00019274       _xpceScopeAcqOK            10071274     <common>
 0003:00019278       _rl32eRestartAcquisition   10071278     <common>
 0003:0001927c       _rl32eSetTargetScopeSigFt  1007127c     <common>
 0003:00019280       _rl32eSetTargetScope       10071280     <common>
 0003:00019284       _xpceFSScopeSet            10071284     <common>
 0003:00019288       _rl32eSetScope             10071288     <common>
 0003:0001928c       _rl32eAddSignal            1007128c     <common>
 0003:00019290       _rl32eGetSignalNo          10071290     <common>
 0003:00019294       _rl32eDefScope             10071294     <common>
 0003:00019298       _rl32eScopeExists          10071298     <common>
 0003:0001929c       _xpceUDPClose              1007129c     <common>
 0003:000192a0       _xpceUDPReceive            100712a0     <common>
 0003:000192a4       _xpceUDPSend               100712a4     <common>
 0003:000192a8       _xpceUDPOpenReceive        100712a8     <common>
 0003:000192ac       _xpceUDPOpenSend           100712ac     <common>
 0003:000192b0       _rl32eSendBlock            100712b0     <common>
 0003:000192b4       _rl32eLineStatus           100712b4     <common>
 0003:000192b8       _rl32eReceiveBufferCount   100712b8     <common>
 0003:000192bc       _rl32eReceiveChar          100712bc     <common>
 0003:000192c0       _rl32eSendChar             100712c0     <common>
 0003:000192c4       _rl32eCloseCOMPort         100712c4     <common>
 0003:000192c8       _rl32eInitCOMPort          100712c8     <common>
 0003:000192cc       _xpceGetParamDims          100712cc     <common>
 0003:000192d0       _xpceGetParameter          100712d0     <common>
 0003:000192d4       _xpceSetParameter          100712d4     <common>
 0003:000192d8       _xpceGetSignalValue        100712d8     <common>
 0003:000192dc       _xpceAssignPCIInterrupt    100712dc     <common>
 0003:000192e0       _rl32eGetPCIInfoAtSlot     100712e0     <common>
 0003:000192e4       _rl32eGetPCIInfo           100712e4     <common>
 0003:000192e8       _rl32eShowPCIInfo          100712e8     <common>
 0003:000192ec       _rl32eShowPCIDev           100712ec     <common>
 0003:000192f0       _xpceGetTET                100712f0     <common>
 0003:000192f4       _xpceFTSubtract            100712f4     <common>
 0003:000192f8       _xpceFTAdd                 100712f8     <common>
 0003:000192fc       _xpceFTReadTime            100712fc     <common>
 0003:00019300       ___unguarded_readlc_active 10071300     <common>
 0003:00019310       ___setlc_active            10071310     <common>
 0003:00019314       ___use_sse2_mathfcns       10071314     <common>
 0003:00019320       __nhandle                  10071320     <common>
 0003:00019340       _encodedKERNEL32Functions  10071340     <common>
 0003:000193e8       __debugger_hook_dummy      100713e8     <common>
 0003:000193f4       __pDestructExceptionObject 100713f4     <common>
 0003:00019400       __acmdln                   10071400     <common>
 0003:00019420       __bufin                    10071420     <common>
 0003:0001a75c       ___piob                    1007275c     <common>
 0003:0001a760       __nstream                  10072760     <common>
 0003:0001a764       ___dyn_tls_init_callback   10072764     <common>
 0003:0001a774       ___onexitend               10072774     <common>
 0003:0001a778       ___onexitbegin             10072778     <common>
 0003:0001a77c       ___mbctype_initialized     1007277c     <common>
 0003:0001a780       ___env_initialized         10072780     <common>
 0004:00000000       __imp__GetModuleHandleA@4  10073000     kernel32:KERNEL32.dll
 0004:00000004       __imp__GetProcAddress@8    10073004     kernel32:KERNEL32.dll
 0004:00000008       __imp__HeapAlloc@12        10073008     kernel32:KERNEL32.dll
 0004:0000000c       __imp__IsDebuggerPresent@0 1007300c     kernel32:KERNEL32.dll
 0004:00000010       __imp__IsProcessorFeaturePresent@4 10073010     kernel32:KERNEL32.dll
 0004:00000014       __imp__EncodePointer@4     10073014     kernel32:KERNEL32.dll
 0004:00000018       __imp__DecodePointer@4     10073018     kernel32:KERNEL32.dll
 0004:0000001c       __imp__GetLastError@0      1007301c     kernel32:KERNEL32.dll
 0004:00000020       __imp__ExitProcess@4       10073020     kernel32:KERNEL32.dll
 0004:00000024       __imp__GetModuleHandleExW@12 10073024     kernel32:KERNEL32.dll
 0004:00000028       __imp__AreFileApisANSI@0   10073028     kernel32:KERNEL32.dll
 0004:0000002c       __imp__MultiByteToWideChar@24 1007302c     kernel32:KERNEL32.dll
 0004:00000030       __imp__WideCharToMultiByte@32 10073030     kernel32:KERNEL32.dll
 0004:00000034       __imp__HeapFree@12         10073034     kernel32:KERNEL32.dll
 0004:00000038       __imp__HeapReAlloc@16      10073038     kernel32:KERNEL32.dll
 0004:0000003c       __imp__EnterCriticalSection@4 1007303c     kernel32:KERNEL32.dll
 0004:00000040       __imp__LeaveCriticalSection@4 10073040     kernel32:KERNEL32.dll
 0004:00000044       __imp__GetStdHandle@4      10073044     kernel32:KERNEL32.dll
 0004:00000048       __imp__GetFileType@4       10073048     kernel32:KERNEL32.dll
 0004:0000004c       __imp__GetModuleFileNameW@12 1007304c     kernel32:KERNEL32.dll
 0004:00000050       __imp__WriteConsoleW@20    10073050     kernel32:KERNEL32.dll
 0004:00000054       __imp__GetCommandLineA@0   10073054     kernel32:KERNEL32.dll
 0004:00000058       __imp__GetCurrentThreadId@0 10073058     kernel32:KERNEL32.dll
 0004:0000005c       __imp__WriteFile@20        1007305c     kernel32:KERNEL32.dll
 0004:00000060       __imp__GetProcessHeap@0    10073060     kernel32:KERNEL32.dll
 0004:00000064       __imp__UnhandledExceptionFilter@4 10073064     kernel32:KERNEL32.dll
 0004:00000068       __imp__SetUnhandledExceptionFilter@4 10073068     kernel32:KERNEL32.dll
 0004:0000006c       __imp__SetLastError@4      1007306c     kernel32:KERNEL32.dll
 0004:00000070       __imp__InitializeCriticalSectionAndSpinCount@8 10073070     kernel32:KERNEL32.dll
 0004:00000074       __imp__CreateEventW@16     10073074     kernel32:KERNEL32.dll
 0004:00000078       __imp__Sleep@4             10073078     kernel32:KERNEL32.dll
 0004:0000007c       __imp__GetCurrentProcess@0 1007307c     kernel32:KERNEL32.dll
 0004:00000080       __imp__TerminateProcess@8  10073080     kernel32:KERNEL32.dll
 0004:00000084       __imp__TlsAlloc@0          10073084     kernel32:KERNEL32.dll
 0004:00000088       __imp__TlsGetValue@4       10073088     kernel32:KERNEL32.dll
 0004:0000008c       __imp__TlsSetValue@8       1007308c     kernel32:KERNEL32.dll
 0004:00000090       __imp__TlsFree@4           10073090     kernel32:KERNEL32.dll
 0004:00000094       __imp__GetStartupInfoW@4   10073094     kernel32:KERNEL32.dll
 0004:00000098       __imp__GetTickCount@0      10073098     kernel32:KERNEL32.dll
 0004:0000009c       __imp__GetModuleHandleW@4  1007309c     kernel32:KERNEL32.dll
 0004:000000a0       __imp__CreateSemaphoreW@16 100730a0     kernel32:KERNEL32.dll
 0004:000000a4       __imp__DeleteCriticalSection@4 100730a4     kernel32:KERNEL32.dll
 0004:000000a8       __imp__FatalAppExitA@8     100730a8     kernel32:KERNEL32.dll
 0004:000000ac       __imp__SetConsoleCtrlHandler@8 100730ac     kernel32:KERNEL32.dll
 0004:000000b0       __imp__FreeLibrary@4       100730b0     kernel32:KERNEL32.dll
 0004:000000b4       __imp__LoadLibraryExW@12   100730b4     kernel32:KERNEL32.dll
 0004:000000b8       __imp__IsValidCodePage@4   100730b8     kernel32:KERNEL32.dll
 0004:000000bc       __imp__GetACP@0            100730bc     kernel32:KERNEL32.dll
 0004:000000c0       __imp__GetOEMCP@0          100730c0     kernel32:KERNEL32.dll
 0004:000000c4       __imp__GetCPInfo@8         100730c4     kernel32:KERNEL32.dll
 0004:000000c8       __imp__CloseHandle@4       100730c8     kernel32:KERNEL32.dll
 0004:000000cc       __imp__RtlUnwind@16        100730cc     kernel32:KERNEL32.dll
 0004:000000d0       __imp__ReadFile@20         100730d0     kernel32:KERNEL32.dll
 0004:000000d4       __imp__GetConsoleMode@8    100730d4     kernel32:KERNEL32.dll
 0004:000000d8       __imp__ReadConsoleW@20     100730d8     kernel32:KERNEL32.dll
 0004:000000dc       __imp__GetConsoleCP@0      100730dc     kernel32:KERNEL32.dll
 0004:000000e0       __imp__DeleteFileW@4       100730e0     kernel32:KERNEL32.dll
 0004:000000e4       __imp__SetFilePointerEx@20 100730e4     kernel32:KERNEL32.dll
 0004:000000e8       __imp__RaiseException@16   100730e8     kernel32:KERNEL32.dll
 0004:000000ec       __imp__OutputDebugStringW@4 100730ec     kernel32:KERNEL32.dll
 0004:000000f0       __imp__GetCurrentThread@0  100730f0     kernel32:KERNEL32.dll
 0004:000000f4       __imp__GetModuleFileNameA@12 100730f4     kernel32:KERNEL32.dll
 0004:000000f8       __imp__QueryPerformanceCounter@4 100730f8     kernel32:KERNEL32.dll
 0004:000000fc       __imp__GetCurrentProcessId@0 100730fc     kernel32:KERNEL32.dll
 0004:00000100       __imp__GetSystemTimeAsFileTime@4 10073100     kernel32:KERNEL32.dll
 0004:00000104       __imp__GetEnvironmentStringsW@0 10073104     kernel32:KERNEL32.dll
 0004:00000108       __imp__FreeEnvironmentStringsW@4 10073108     kernel32:KERNEL32.dll
 0004:0000010c       __imp__HeapSize@12         1007310c     kernel32:KERNEL32.dll
 0004:00000110       __imp__GetDateFormatW@24   10073110     kernel32:KERNEL32.dll
 0004:00000114       __imp__GetTimeFormatW@24   10073114     kernel32:KERNEL32.dll
 0004:00000118       __imp__CompareStringW@24   10073118     kernel32:KERNEL32.dll
 0004:0000011c       __imp__LCMapStringW@24     1007311c     kernel32:KERNEL32.dll
 0004:00000120       __imp__GetLocaleInfoW@16   10073120     kernel32:KERNEL32.dll
 0004:00000124       __imp__IsValidLocale@8     10073124     kernel32:KERNEL32.dll
 0004:00000128       __imp__GetUserDefaultLCID@0 10073128     kernel32:KERNEL32.dll
 0004:0000012c       __imp__EnumSystemLocalesW@8 1007312c     kernel32:KERNEL32.dll
 0004:00000130       __imp__GetStringTypeW@16   10073130     kernel32:KERNEL32.dll
 0004:00000134       __imp__FlushFileBuffers@4  10073134     kernel32:KERNEL32.dll
 0004:00000138       __imp__SetStdHandle@8      10073138     kernel32:KERNEL32.dll
 0004:0000013c       __imp__CreateFileW@28      1007313c     kernel32:KERNEL32.dll
 0004:00000140       __imp__SetEndOfFile@4      10073140     kernel32:KERNEL32.dll
 0004:00000144       \177KERNEL32_NULL_THUNK_DATA 10073144     kernel32:KERNEL32.dll
 0004:000001b0       __IMPORT_DESCRIPTOR_KERNEL32 100731b0     kernel32:KERNEL32.dll
 0004:000001c4       __NULL_IMPORT_DESCRIPTOR   100731c4     kernel32:KERNEL32.dll

 entry point at        0001:00017d8a

